Build started at 10:54 AM...
1>------ Build started: Project: Common, Configuration: Debug x64 ------
2>------ Build started: Project: fmt, Configuration: Debug x64 ------
1>Determining projects to restore...
1>All projects are up-to-date for restore.
2>Determining projects to restore...
1>Determining projects to restore...
2>Applying temporary patches to fmt.
2>pch.cpp
2>format.cc
2>os.cc
1>Unicode.cpp
1>Utilities.cpp
2>fmt.vcxproj -> C:\Users\Adam\Code\locallib\node_modules\react-native-windows\target\x64\Debug\fmt\fmt.lib
3>------ Build started: Project: Folly, Configuration: Debug x64 ------
3>Determining projects to restore...
1>Common.vcxproj -> C:\Users\Adam\Code\locallib\node_modules\react-native-windows\target\x64\Debug\Common\Common.lib
3>Restored C:\Users\Adam\Code\locallib\node_modules\react-native-windows\Folly\Folly.vcxproj (in 3.29 sec).
3>1 of 2 projects are up-to-date for restore.
3>Determining projects to restore...
3>Applying temporary patches to folly.
3>pch.cpp
3>AtFork.cpp
3>ThreadId.cpp
3>SafeAssert.cpp
3>ToAscii.cpp
3>json_pointer.cpp
3>Format.cpp
3>String.cpp
3>F14Table.cpp
3>Conv.cpp
3>Demangle.cpp
3>dynamic.cpp
3>json.cpp
3>SpookyHashV2.cpp
3>ScopeGuard.cpp
3>Unicode.cpp
3>MallocImpl.cpp
3>string.cpp
3>Folly.vcxproj -> C:\Users\Adam\Code\locallib\node_modules\react-native-windows\target\x64\Debug\Folly\Folly.lib
4>------ Build started: Project: ReactCommon, Configuration: Debug x64 ------
4>Determining projects to restore...
4>All projects are up-to-date for restore.
4>Determining projects to restore...
4>pch.cpp
4>CxxNativeModule.cpp
4>Instance.cpp
4>JSBundleType.cpp
4>JSExecutor.cpp
4>JSIndexedRAMBundle.cpp
4>MethodCall.cpp
4>ModuleRegistry.cpp
4>NativeToJsBridge.cpp
4>RAMBundleRegistry.cpp
4>ReactMarker.cpp
4>jsi.cpp
4>JSIDynamic.cpp
4>JSIExecutor.cpp
4>JSINativeModules.cpp
4>InspectorInterfaces.cpp
4>react_native_log.cpp
4>BridgeNativeModulePerfLogger.cpp
4>YGConfig.cpp
4>YGEnums.cpp
4>YGNode.cpp
4>YGNodeLayout.cpp
4>YGNodeStyle.cpp
4>YGPixelGrid.cpp
4>YGValue.cpp
4>AbsoluteLayout.cpp
4>Baseline.cpp
4>Cache.cpp
4>CalculateLayout.cpp
4>FlexLine.cpp
4>PixelGrid.cpp
4>Config.cpp
4>AssertFatal.cpp
4>Log.cpp
4>LayoutResults.cpp
4>Node.cpp
4>Sealable.cpp
4>DebugStringConvertible.cpp
4>DebugStringConvertibleItem.cpp
4>MapBuffer.cpp
4>MapBufferBuilder.cpp
4>TransactionTelemetry.cpp
4>event.cpp
4>LongLivedObject.cpp
4>TurboCxxModule.cpp
4>TurboModule.cpp
4>TurboModuleBinding.cpp
4>TurboModuleUtils.cpp
4>NativeSampleTurboCxxModuleSpecJSI.cpp
4>SampleTurboCxxModule.cpp
4>ReactCommon.vcxproj -> C:\Users\Adam\Code\locallib\node_modules\react-native-windows\target\x64\Debug\ReactCommon\ReactCommon.lib
5>------ Build started: Project: Microsoft.ReactNative, Configuration: Debug x64 ------
5>Determining projects to restore...
5>All projects are up-to-date for restore.
5>Determining projects to restore...
5>64 bit MIDLRT Processing C:\Users\Adam\Code\locallib\node_modules\react-native-windows\Microsoft.ReactNative\IJSValueReader.idl
5>IJSValueReader.idl
5>64 bit MIDLRT Processing C:\Program Files (x86)\Windows Kits\10\Include\10.0.19041.0\winrt\winrtbase.idl
5>winrtbase.idl
5>64 bit MIDLRT Processing C:\Program Files (x86)\Windows Kits\10\Include\10.0.19041.0\winrt\midlbase.idl
5>midlbase.idl
5>Processing WinMD c:\users\adam\.nuget\packages\microsoft.ui.xaml\2.8.0\lib\uap10.0\microsoft.ui.xaml.winmd
5>Processing WinMD c:\users\adam\.nuget\packages\microsoft.web.webview2\1.0.1264.42\lib\microsoft.web.webview2.core.winmd
5>Processing WinMD c:\program files (x86)\windows kits\10\references\10.0.19041.0\windows.ai.machinelearning.machinelearningcontract\3.0.0.0\windows.ai.machinelearning.machinelearningcontract.winmd
5>Processing WinMD c:\program files (x86)\windows kits\10\references\10.0.19041.0\windows.ai.machinelearning.preview.machinelearningpreviewcontract\2.0.0.0\windows.ai.machinelearning.preview.machinelearningpreviewcontract.winmd
5>Processing WinMD c:\program files (x86)\windows kits\10\references\10.0.19041.0\windows.applicationmodel.calls.background.callsbackgroundcontract\2.0.0.0\windows.applicationmodel.calls.background.callsbackgroundcontract.winmd
5>Processing WinMD c:\program files (x86)\windows kits\10\references\10.0.19041.0\windows.applicationmodel.calls.callsphonecontract\5.0.0.0\windows.applicationmodel.calls.callsphonecontract.winmd
5>Processing WinMD c:\program files (x86)\windows kits\10\references\10.0.19041.0\windows.applicationmodel.calls.callsvoipcontract\4.0.0.0\windows.applicationmodel.calls.callsvoipcontract.winmd
5>Processing WinMD c:\program files (x86)\windows kits\10\references\10.0.19041.0\windows.applicationmodel.communicationblocking.communicationblockingcontract\2.0.0.0\windows.applicationmodel.communicationblocking.communicationblockingcontract.winmd
5>Processing WinMD c:\program files (x86)\windows kits\10\references\10.0.19041.0\windows.applicationmodel.socialinfo.socialinfocontract\2.0.0.0\windows.applicationmodel.socialinfo.socialinfocontract.winmd
5>Processing WinMD c:\program files (x86)\windows kits\10\references\10.0.19041.0\windows.applicationmodel.startuptaskcontract\3.0.0.0\windows.applicationmodel.startuptaskcontract.winmd
5>Processing WinMD c:\program files (x86)\windows kits\10\references\10.0.19041.0\windows.devices.custom.customdevicecontract\1.0.0.0\windows.devices.custom.customdevicecontract.winmd
5>Processing WinMD c:\program files (x86)\windows kits\10\references\10.0.19041.0\windows.devices.deviceslowlevelcontract\3.0.0.0\windows.devices.deviceslowlevelcontract.winmd
5>Processing WinMD c:\program files (x86)\windows kits\10\references\10.0.19041.0\windows.devices.printers.printerscontract\1.0.0.0\windows.devices.printers.printerscontract.winmd
5>Processing WinMD c:\program files (x86)\windows kits\10\references\10.0.19041.0\windows.devices.smartcards.smartcardbackgroundtriggercontract\3.0.0.0\windows.devices.smartcards.smartcardbackgroundtriggercontract.winmd
5>Processing WinMD c:\program files (x86)\windows kits\10\references\10.0.19041.0\windows.devices.smartcards.smartcardemulatorcontract\6.0.0.0\windows.devices.smartcards.smartcardemulatorcontract.winmd
5>Processing WinMD c:\program files (x86)\windows kits\10\references\10.0.19041.0\windows.foundation.foundationcontract\4.0.0.0\windows.foundation.foundationcontract.winmd
5>Processing WinMD c:\program files (x86)\windows kits\10\references\10.0.19041.0\windows.foundation.universalapicontract\10.0.0.0\windows.foundation.universalapicontract.winmd
5>Processing WinMD c:\program files (x86)\windows kits\10\references\10.0.19041.0\windows.gaming.xboxlive.storageapicontract\1.0.0.0\windows.gaming.xboxlive.storageapicontract.winmd
5>Processing WinMD c:\program files (x86)\windows kits\10\references\10.0.19041.0\windows.graphics.printing3d.printing3dcontract\4.0.0.0\windows.graphics.printing3d.printing3dcontract.winmd
5>Processing WinMD c:\program files (x86)\windows kits\10\references\10.0.19041.0\windows.networking.connectivity.wwancontract\2.0.0.0\windows.networking.connectivity.wwancontract.winmd
5>Processing WinMD c:\program files (x86)\windows kits\10\references\10.0.19041.0\windows.networking.sockets.controlchanneltriggercontract\3.0.0.0\windows.networking.sockets.controlchanneltriggercontract.winmd
5>Processing WinMD c:\program files (x86)\windows kits\10\references\10.0.19041.0\windows.security.isolation.isolatedwindowsenvironmentcontract\2.0.0.0\windows.security.isolation.isolatedwindowsenvironmentcontract.winmd
5>Processing WinMD c:\program files (x86)\windows kits\10\references\10.0.19041.0\windows.services.maps.guidancecontract\3.0.0.0\windows.services.maps.guidancecontract.winmd
5>Processing WinMD c:\program files (x86)\windows kits\10\references\10.0.19041.0\windows.services.maps.localsearchcontract\4.0.0.0\windows.services.maps.localsearchcontract.winmd
5>Processing WinMD c:\program files (x86)\windows kits\10\references\10.0.19041.0\windows.services.store.storecontract\4.0.0.0\windows.services.store.storecontract.winmd
5>Processing WinMD c:\program files (x86)\windows kits\10\references\10.0.19041.0\windows.services.targetedcontent.targetedcontentcontract\1.0.0.0\windows.services.targetedcontent.targetedcontentcontract.winmd
5>Processing WinMD c:\program files (x86)\windows kits\10\references\10.0.19041.0\windows.storage.provider.cloudfilescontract\4.0.0.0\windows.storage.provider.cloudfilescontract.winmd
5>Processing WinMD c:\program files (x86)\windows kits\10\references\10.0.19041.0\windows.system.profile.profilehardwaretokencontract\1.0.0.0\windows.system.profile.profilehardwaretokencontract.winmd
5>Processing WinMD c:\program files (x86)\windows kits\10\references\10.0.19041.0\windows.system.profile.profilesharedmodecontract\2.0.0.0\windows.system.profile.profilesharedmodecontract.winmd
5>Processing WinMD c:\program files (x86)\windows kits\10\references\10.0.19041.0\windows.system.profile.systemmanufacturers.systemmanufacturerscontract\3.0.0.0\windows.system.profile.systemmanufacturers.systemmanufacturerscontract.winmd
5>Processing WinMD c:\program files (x86)\windows kits\10\references\10.0.19041.0\windows.system.systemmanagementcontract\7.0.0.0\windows.system.systemmanagementcontract.winmd
5>Processing WinMD c:\program files (x86)\windows kits\10\references\10.0.19041.0\windows.ui.viewmanagement.viewmanagementviewscalingcontract\1.0.0.0\windows.ui.viewmanagement.viewmanagementviewscalingcontract.winmd
5>Processing WinMD c:\program files (x86)\windows kits\10\references\10.0.19041.0\windows.ui.xaml.core.direct.xamldirectcontract\2.0.0.0\windows.ui.xaml.core.direct.xamldirectcontract.winmd
5>64 bit MIDLRT Processing .\DocString.idl
5>DocString.idl
5>64 bit MIDLRT Processing C:\Users\Adam\Code\locallib\node_modules\react-native-windows\Microsoft.ReactNative\IJSValueWriter.idl
5>IJSValueWriter.idl
5>64 bit MIDLRT Processing C:\Program Files (x86)\Windows Kits\10\Include\10.0.19041.0\winrt\winrtbase.idl
5>winrtbase.idl
5>64 bit MIDLRT Processing C:\Program Files (x86)\Windows Kits\10\Include\10.0.19041.0\winrt\midlbase.idl
5>midlbase.idl
5>Processing WinMD c:\users\adam\.nuget\packages\microsoft.ui.xaml\2.8.0\lib\uap10.0\microsoft.ui.xaml.winmd
5>Processing WinMD c:\users\adam\.nuget\packages\microsoft.web.webview2\1.0.1264.42\lib\microsoft.web.webview2.core.winmd
5>Processing WinMD c:\program files (x86)\windows kits\10\references\10.0.19041.0\windows.ai.machinelearning.machinelearningcontract\3.0.0.0\windows.ai.machinelearning.machinelearningcontract.winmd
5>Processing WinMD c:\program files (x86)\windows kits\10\references\10.0.19041.0\windows.ai.machinelearning.preview.machinelearningpreviewcontract\2.0.0.0\windows.ai.machinelearning.preview.machinelearningpreviewcontract.winmd
5>Processing WinMD c:\program files (x86)\windows kits\10\references\10.0.19041.0\windows.applicationmodel.calls.background.callsbackgroundcontract\2.0.0.0\windows.applicationmodel.calls.background.callsbackgroundcontract.winmd
5>Processing WinMD c:\program files (x86)\windows kits\10\references\10.0.19041.0\windows.applicationmodel.calls.callsphonecontract\5.0.0.0\windows.applicationmodel.calls.callsphonecontract.winmd
5>Processing WinMD c:\program files (x86)\windows kits\10\references\10.0.19041.0\windows.applicationmodel.calls.callsvoipcontract\4.0.0.0\windows.applicationmodel.calls.callsvoipcontract.winmd
5>Processing WinMD c:\program files (x86)\windows kits\10\references\10.0.19041.0\windows.applicationmodel.communicationblocking.communicationblockingcontract\2.0.0.0\windows.applicationmodel.communicationblocking.communicationblockingcontract.winmd
5>Processing WinMD c:\program files (x86)\windows kits\10\references\10.0.19041.0\windows.applicationmodel.socialinfo.socialinfocontract\2.0.0.0\windows.applicationmodel.socialinfo.socialinfocontract.winmd
5>Processing WinMD c:\program files (x86)\windows kits\10\references\10.0.19041.0\windows.applicationmodel.startuptaskcontract\3.0.0.0\windows.applicationmodel.startuptaskcontract.winmd
5>Processing WinMD c:\program files (x86)\windows kits\10\references\10.0.19041.0\windows.devices.custom.customdevicecontract\1.0.0.0\windows.devices.custom.customdevicecontract.winmd
5>Processing WinMD c:\program files (x86)\windows kits\10\references\10.0.19041.0\windows.devices.deviceslowlevelcontract\3.0.0.0\windows.devices.deviceslowlevelcontract.winmd
5>Processing WinMD c:\program files (x86)\windows kits\10\references\10.0.19041.0\windows.devices.printers.printerscontract\1.0.0.0\windows.devices.printers.printerscontract.winmd
5>Processing WinMD c:\program files (x86)\windows kits\10\references\10.0.19041.0\windows.devices.smartcards.smartcardbackgroundtriggercontract\3.0.0.0\windows.devices.smartcards.smartcardbackgroundtriggercontract.winmd
5>Processing WinMD c:\program files (x86)\windows kits\10\references\10.0.19041.0\windows.devices.smartcards.smartcardemulatorcontract\6.0.0.0\windows.devices.smartcards.smartcardemulatorcontract.winmd
5>Processing WinMD c:\program files (x86)\windows kits\10\references\10.0.19041.0\windows.foundation.foundationcontract\4.0.0.0\windows.foundation.foundationcontract.winmd
5>Processing WinMD c:\program files (x86)\windows kits\10\references\10.0.19041.0\windows.foundation.universalapicontract\10.0.0.0\windows.foundation.universalapicontract.winmd
5>Processing WinMD c:\program files (x86)\windows kits\10\references\10.0.19041.0\windows.gaming.xboxlive.storageapicontract\1.0.0.0\windows.gaming.xboxlive.storageapicontract.winmd
5>Processing WinMD c:\program files (x86)\windows kits\10\references\10.0.19041.0\windows.graphics.printing3d.printing3dcontract\4.0.0.0\windows.graphics.printing3d.printing3dcontract.winmd
5>Processing WinMD c:\program files (x86)\windows kits\10\references\10.0.19041.0\windows.networking.connectivity.wwancontract\2.0.0.0\windows.networking.connectivity.wwancontract.winmd
5>Processing WinMD c:\program files (x86)\windows kits\10\references\10.0.19041.0\windows.networking.sockets.controlchanneltriggercontract\3.0.0.0\windows.networking.sockets.controlchanneltriggercontract.winmd
5>Processing WinMD c:\program files (x86)\windows kits\10\references\10.0.19041.0\windows.security.isolation.isolatedwindowsenvironmentcontract\2.0.0.0\windows.security.isolation.isolatedwindowsenvironmentcontract.winmd
5>Processing WinMD c:\program files (x86)\windows kits\10\references\10.0.19041.0\windows.services.maps.guidancecontract\3.0.0.0\windows.services.maps.guidancecontract.winmd
5>Processing WinMD c:\program files (x86)\windows kits\10\references\10.0.19041.0\windows.services.maps.localsearchcontract\4.0.0.0\windows.services.maps.localsearchcontract.winmd
5>Processing WinMD c:\program files (x86)\windows kits\10\references\10.0.19041.0\windows.services.store.storecontract\4.0.0.0\windows.services.store.storecontract.winmd
5>Processing WinMD c:\program files (x86)\windows kits\10\references\10.0.19041.0\windows.services.targetedcontent.targetedcontentcontract\1.0.0.0\windows.services.targetedcontent.targetedcontentcontract.winmd
5>Processing WinMD c:\program files (x86)\windows kits\10\references\10.0.19041.0\windows.storage.provider.cloudfilescontract\4.0.0.0\windows.storage.provider.cloudfilescontract.winmd
5>Processing WinMD c:\program files (x86)\windows kits\10\references\10.0.19041.0\windows.system.profile.profilehardwaretokencontract\1.0.0.0\windows.system.profile.profilehardwaretokencontract.winmd
5>Processing WinMD c:\program files (x86)\windows kits\10\references\10.0.19041.0\windows.system.profile.profilesharedmodecontract\2.0.0.0\windows.system.profile.profilesharedmodecontract.winmd
5>Processing WinMD c:\program files (x86)\windows kits\10\references\10.0.19041.0\windows.system.profile.systemmanufacturers.systemmanufacturerscontract\3.0.0.0\windows.system.profile.systemmanufacturers.systemmanufacturerscontract.winmd
5>Processing WinMD c:\program files (x86)\windows kits\10\references\10.0.19041.0\windows.system.systemmanagementcontract\7.0.0.0\windows.system.systemmanagementcontract.winmd
5>Processing WinMD c:\program files (x86)\windows kits\10\references\10.0.19041.0\windows.ui.viewmanagement.viewmanagementviewscalingcontract\1.0.0.0\windows.ui.viewmanagement.viewmanagementviewscalingcontract.winmd
5>Processing WinMD c:\program files (x86)\windows kits\10\references\10.0.19041.0\windows.ui.xaml.core.direct.xamldirectcontract\2.0.0.0\windows.ui.xaml.core.direct.xamldirectcontract.winmd
5>64 bit MIDLRT Processing .\DocString.idl
5>DocString.idl
5>64 bit MIDLRT Processing C:\Users\Adam\Code\locallib\node_modules\react-native-windows\Microsoft.ReactNative\IReactContext.idl
5>IReactContext.idl
5>64 bit MIDLRT Processing C:\Program Files (x86)\Windows Kits\10\Include\10.0.19041.0\winrt\winrtbase.idl
5>winrtbase.idl
5>64 bit MIDLRT Processing C:\Program Files (x86)\Windows Kits\10\Include\10.0.19041.0\winrt\midlbase.idl
5>midlbase.idl
5>Processing WinMD c:\users\adam\.nuget\packages\microsoft.ui.xaml\2.8.0\lib\uap10.0\microsoft.ui.xaml.winmd
5>Processing WinMD c:\users\adam\.nuget\packages\microsoft.web.webview2\1.0.1264.42\lib\microsoft.web.webview2.core.winmd
5>Processing WinMD c:\program files (x86)\windows kits\10\references\10.0.19041.0\windows.ai.machinelearning.machinelearningcontract\3.0.0.0\windows.ai.machinelearning.machinelearningcontract.winmd
5>Processing WinMD c:\program files (x86)\windows kits\10\references\10.0.19041.0\windows.ai.machinelearning.preview.machinelearningpreviewcontract\2.0.0.0\windows.ai.machinelearning.preview.machinelearningpreviewcontract.winmd
5>Processing WinMD c:\program files (x86)\windows kits\10\references\10.0.19041.0\windows.applicationmodel.calls.background.callsbackgroundcontract\2.0.0.0\windows.applicationmodel.calls.background.callsbackgroundcontract.winmd
5>Processing WinMD c:\program files (x86)\windows kits\10\references\10.0.19041.0\windows.applicationmodel.calls.callsphonecontract\5.0.0.0\windows.applicationmodel.calls.callsphonecontract.winmd
5>Processing WinMD c:\program files (x86)\windows kits\10\references\10.0.19041.0\windows.applicationmodel.calls.callsvoipcontract\4.0.0.0\windows.applicationmodel.calls.callsvoipcontract.winmd
5>Processing WinMD c:\program files (x86)\windows kits\10\references\10.0.19041.0\windows.applicationmodel.communicationblocking.communicationblockingcontract\2.0.0.0\windows.applicationmodel.communicationblocking.communicationblockingcontract.winmd
5>Processing WinMD c:\program files (x86)\windows kits\10\references\10.0.19041.0\windows.applicationmodel.socialinfo.socialinfocontract\2.0.0.0\windows.applicationmodel.socialinfo.socialinfocontract.winmd
5>Processing WinMD c:\program files (x86)\windows kits\10\references\10.0.19041.0\windows.applicationmodel.startuptaskcontract\3.0.0.0\windows.applicationmodel.startuptaskcontract.winmd
5>Processing WinMD c:\program files (x86)\windows kits\10\references\10.0.19041.0\windows.devices.custom.customdevicecontract\1.0.0.0\windows.devices.custom.customdevicecontract.winmd
5>Processing WinMD c:\program files (x86)\windows kits\10\references\10.0.19041.0\windows.devices.deviceslowlevelcontract\3.0.0.0\windows.devices.deviceslowlevelcontract.winmd
5>Processing WinMD c:\program files (x86)\windows kits\10\references\10.0.19041.0\windows.devices.printers.printerscontract\1.0.0.0\windows.devices.printers.printerscontract.winmd
5>Processing WinMD c:\program files (x86)\windows kits\10\references\10.0.19041.0\windows.devices.smartcards.smartcardbackgroundtriggercontract\3.0.0.0\windows.devices.smartcards.smartcardbackgroundtriggercontract.winmd
5>Processing WinMD c:\program files (x86)\windows kits\10\references\10.0.19041.0\windows.devices.smartcards.smartcardemulatorcontract\6.0.0.0\windows.devices.smartcards.smartcardemulatorcontract.winmd
5>Processing WinMD c:\program files (x86)\windows kits\10\references\10.0.19041.0\windows.foundation.foundationcontract\4.0.0.0\windows.foundation.foundationcontract.winmd
5>Processing WinMD c:\program files (x86)\windows kits\10\references\10.0.19041.0\windows.foundation.universalapicontract\10.0.0.0\windows.foundation.universalapicontract.winmd
5>Processing WinMD c:\program files (x86)\windows kits\10\references\10.0.19041.0\windows.gaming.xboxlive.storageapicontract\1.0.0.0\windows.gaming.xboxlive.storageapicontract.winmd
5>Processing WinMD c:\program files (x86)\windows kits\10\references\10.0.19041.0\windows.graphics.printing3d.printing3dcontract\4.0.0.0\windows.graphics.printing3d.printing3dcontract.winmd
5>Processing WinMD c:\program files (x86)\windows kits\10\references\10.0.19041.0\windows.networking.connectivity.wwancontract\2.0.0.0\windows.networking.connectivity.wwancontract.winmd
5>Processing WinMD c:\program files (x86)\windows kits\10\references\10.0.19041.0\windows.networking.sockets.controlchanneltriggercontract\3.0.0.0\windows.networking.sockets.controlchanneltriggercontract.winmd
5>Processing WinMD c:\program files (x86)\windows kits\10\references\10.0.19041.0\windows.security.isolation.isolatedwindowsenvironmentcontract\2.0.0.0\windows.security.isolation.isolatedwindowsenvironmentcontract.winmd
5>Processing WinMD c:\program files (x86)\windows kits\10\references\10.0.19041.0\windows.services.maps.guidancecontract\3.0.0.0\windows.services.maps.guidancecontract.winmd
5>Processing WinMD c:\program files (x86)\windows kits\10\references\10.0.19041.0\windows.services.maps.localsearchcontract\4.0.0.0\windows.services.maps.localsearchcontract.winmd
5>Processing WinMD c:\program files (x86)\windows kits\10\references\10.0.19041.0\windows.services.store.storecontract\4.0.0.0\windows.services.store.storecontract.winmd
5>Processing WinMD c:\program files (x86)\windows kits\10\references\10.0.19041.0\windows.services.targetedcontent.targetedcontentcontract\1.0.0.0\windows.services.targetedcontent.targetedcontentcontract.winmd
5>Processing WinMD c:\program files (x86)\windows kits\10\references\10.0.19041.0\windows.storage.provider.cloudfilescontract\4.0.0.0\windows.storage.provider.cloudfilescontract.winmd
5>Processing WinMD c:\program files (x86)\windows kits\10\references\10.0.19041.0\windows.system.profile.profilehardwaretokencontract\1.0.0.0\windows.system.profile.profilehardwaretokencontract.winmd
5>Processing WinMD c:\program files (x86)\windows kits\10\references\10.0.19041.0\windows.system.profile.profilesharedmodecontract\2.0.0.0\windows.system.profile.profilesharedmodecontract.winmd
5>Processing WinMD c:\program files (x86)\windows kits\10\references\10.0.19041.0\windows.system.profile.systemmanufacturers.systemmanufacturerscontract\3.0.0.0\windows.system.profile.systemmanufacturers.systemmanufacturerscontract.winmd
5>Processing WinMD c:\program files (x86)\windows kits\10\references\10.0.19041.0\windows.system.systemmanagementcontract\7.0.0.0\windows.system.systemmanagementcontract.winmd
5>Processing WinMD c:\program files (x86)\windows kits\10\references\10.0.19041.0\windows.ui.viewmanagement.viewmanagementviewscalingcontract\1.0.0.0\windows.ui.viewmanagement.viewmanagementviewscalingcontract.winmd
5>Processing WinMD c:\program files (x86)\windows kits\10\references\10.0.19041.0\windows.ui.xaml.core.direct.xamldirectcontract\2.0.0.0\windows.ui.xaml.core.direct.xamldirectcontract.winmd
5>64 bit MIDLRT Processing .\IJSValueWriter.idl
5>IJSValueWriter.idl
5>64 bit MIDLRT Processing .\DocString.idl
5>DocString.idl
5>64 bit MIDLRT Processing .\IReactNotificationService.idl
5>IReactNotificationService.idl
5>64 bit MIDLRT Processing .\IReactDispatcher.idl
5>IReactDispatcher.idl
5>64 bit MIDLRT Processing .\IReactPropertyBag.idl
5>IReactPropertyBag.idl
5>64 bit MIDLRT Processing C:\Users\Adam\Code\locallib\node_modules\react-native-windows\Microsoft.ReactNative\IReactDispatcher.idl
5>IReactDispatcher.idl
5>64 bit MIDLRT Processing C:\Program Files (x86)\Windows Kits\10\Include\10.0.19041.0\winrt\winrtbase.idl
5>winrtbase.idl
5>64 bit MIDLRT Processing C:\Program Files (x86)\Windows Kits\10\Include\10.0.19041.0\winrt\midlbase.idl
5>midlbase.idl
5>Processing WinMD c:\users\adam\.nuget\packages\microsoft.ui.xaml\2.8.0\lib\uap10.0\microsoft.ui.xaml.winmd
5>Processing WinMD c:\users\adam\.nuget\packages\microsoft.web.webview2\1.0.1264.42\lib\microsoft.web.webview2.core.winmd
5>Processing WinMD c:\program files (x86)\windows kits\10\references\10.0.19041.0\windows.ai.machinelearning.machinelearningcontract\3.0.0.0\windows.ai.machinelearning.machinelearningcontract.winmd
5>Processing WinMD c:\program files (x86)\windows kits\10\references\10.0.19041.0\windows.ai.machinelearning.preview.machinelearningpreviewcontract\2.0.0.0\windows.ai.machinelearning.preview.machinelearningpreviewcontract.winmd
5>Processing WinMD c:\program files (x86)\windows kits\10\references\10.0.19041.0\windows.applicationmodel.calls.background.callsbackgroundcontract\2.0.0.0\windows.applicationmodel.calls.background.callsbackgroundcontract.winmd
5>Processing WinMD c:\program files (x86)\windows kits\10\references\10.0.19041.0\windows.applicationmodel.calls.callsphonecontract\5.0.0.0\windows.applicationmodel.calls.callsphonecontract.winmd
5>Processing WinMD c:\program files (x86)\windows kits\10\references\10.0.19041.0\windows.applicationmodel.calls.callsvoipcontract\4.0.0.0\windows.applicationmodel.calls.callsvoipcontract.winmd
5>Processing WinMD c:\program files (x86)\windows kits\10\references\10.0.19041.0\windows.applicationmodel.communicationblocking.communicationblockingcontract\2.0.0.0\windows.applicationmodel.communicationblocking.communicationblockingcontract.winmd
5>Processing WinMD c:\program files (x86)\windows kits\10\references\10.0.19041.0\windows.applicationmodel.socialinfo.socialinfocontract\2.0.0.0\windows.applicationmodel.socialinfo.socialinfocontract.winmd
5>Processing WinMD c:\program files (x86)\windows kits\10\references\10.0.19041.0\windows.applicationmodel.startuptaskcontract\3.0.0.0\windows.applicationmodel.startuptaskcontract.winmd
5>Processing WinMD c:\program files (x86)\windows kits\10\references\10.0.19041.0\windows.devices.custom.customdevicecontract\1.0.0.0\windows.devices.custom.customdevicecontract.winmd
5>Processing WinMD c:\program files (x86)\windows kits\10\references\10.0.19041.0\windows.devices.deviceslowlevelcontract\3.0.0.0\windows.devices.deviceslowlevelcontract.winmd
5>Processing WinMD c:\program files (x86)\windows kits\10\references\10.0.19041.0\windows.devices.printers.printerscontract\1.0.0.0\windows.devices.printers.printerscontract.winmd
5>Processing WinMD c:\program files (x86)\windows kits\10\references\10.0.19041.0\windows.devices.smartcards.smartcardbackgroundtriggercontract\3.0.0.0\windows.devices.smartcards.smartcardbackgroundtriggercontract.winmd
5>Processing WinMD c:\program files (x86)\windows kits\10\references\10.0.19041.0\windows.devices.smartcards.smartcardemulatorcontract\6.0.0.0\windows.devices.smartcards.smartcardemulatorcontract.winmd
5>Processing WinMD c:\program files (x86)\windows kits\10\references\10.0.19041.0\windows.foundation.foundationcontract\4.0.0.0\windows.foundation.foundationcontract.winmd
5>Processing WinMD c:\program files (x86)\windows kits\10\references\10.0.19041.0\windows.foundation.universalapicontract\10.0.0.0\windows.foundation.universalapicontract.winmd
5>Processing WinMD c:\program files (x86)\windows kits\10\references\10.0.19041.0\windows.gaming.xboxlive.storageapicontract\1.0.0.0\windows.gaming.xboxlive.storageapicontract.winmd
5>Processing WinMD c:\program files (x86)\windows kits\10\references\10.0.19041.0\windows.graphics.printing3d.printing3dcontract\4.0.0.0\windows.graphics.printing3d.printing3dcontract.winmd
5>Processing WinMD c:\program files (x86)\windows kits\10\references\10.0.19041.0\windows.networking.connectivity.wwancontract\2.0.0.0\windows.networking.connectivity.wwancontract.winmd
5>Processing WinMD c:\program files (x86)\windows kits\10\references\10.0.19041.0\windows.networking.sockets.controlchanneltriggercontract\3.0.0.0\windows.networking.sockets.controlchanneltriggercontract.winmd
5>Processing WinMD c:\program files (x86)\windows kits\10\references\10.0.19041.0\windows.security.isolation.isolatedwindowsenvironmentcontract\2.0.0.0\windows.security.isolation.isolatedwindowsenvironmentcontract.winmd
5>Processing WinMD c:\program files (x86)\windows kits\10\references\10.0.19041.0\windows.services.maps.guidancecontract\3.0.0.0\windows.services.maps.guidancecontract.winmd
5>Processing WinMD c:\program files (x86)\windows kits\10\references\10.0.19041.0\windows.services.maps.localsearchcontract\4.0.0.0\windows.services.maps.localsearchcontract.winmd
5>Processing WinMD c:\program files (x86)\windows kits\10\references\10.0.19041.0\windows.services.store.storecontract\4.0.0.0\windows.services.store.storecontract.winmd
5>Processing WinMD c:\program files (x86)\windows kits\10\references\10.0.19041.0\windows.services.targetedcontent.targetedcontentcontract\1.0.0.0\windows.services.targetedcontent.targetedcontentcontract.winmd
5>Processing WinMD c:\program files (x86)\windows kits\10\references\10.0.19041.0\windows.storage.provider.cloudfilescontract\4.0.0.0\windows.storage.provider.cloudfilescontract.winmd
5>Processing WinMD c:\program files (x86)\windows kits\10\references\10.0.19041.0\windows.system.profile.profilehardwaretokencontract\1.0.0.0\windows.system.profile.profilehardwaretokencontract.winmd
5>Processing WinMD c:\program files (x86)\windows kits\10\references\10.0.19041.0\windows.system.profile.profilesharedmodecontract\2.0.0.0\windows.system.profile.profilesharedmodecontract.winmd
5>Processing WinMD c:\program files (x86)\windows kits\10\references\10.0.19041.0\windows.system.profile.systemmanufacturers.systemmanufacturerscontract\3.0.0.0\windows.system.profile.systemmanufacturers.systemmanufacturerscontract.winmd
5>Processing WinMD c:\program files (x86)\windows kits\10\references\10.0.19041.0\windows.system.systemmanagementcontract\7.0.0.0\windows.system.systemmanagementcontract.winmd
5>Processing WinMD c:\program files (x86)\windows kits\10\references\10.0.19041.0\windows.ui.viewmanagement.viewmanagementviewscalingcontract\1.0.0.0\windows.ui.viewmanagement.viewmanagementviewscalingcontract.winmd
5>Processing WinMD c:\program files (x86)\windows kits\10\references\10.0.19041.0\windows.ui.xaml.core.direct.xamldirectcontract\2.0.0.0\windows.ui.xaml.core.direct.xamldirectcontract.winmd
5>64 bit MIDLRT Processing .\IReactPropertyBag.idl
5>IReactPropertyBag.idl
5>64 bit MIDLRT Processing .\DocString.idl
5>DocString.idl
5>64 bit MIDLRT Processing C:\Users\Adam\Code\locallib\node_modules\react-native-windows\Microsoft.ReactNative\IReactModuleBuilder.idl
5>IReactModuleBuilder.idl
5>64 bit MIDLRT Processing C:\Program Files (x86)\Windows Kits\10\Include\10.0.19041.0\winrt\winrtbase.idl
5>winrtbase.idl
5>64 bit MIDLRT Processing C:\Program Files (x86)\Windows Kits\10\Include\10.0.19041.0\winrt\midlbase.idl
5>midlbase.idl
5>Processing WinMD c:\users\adam\.nuget\packages\microsoft.ui.xaml\2.8.0\lib\uap10.0\microsoft.ui.xaml.winmd
5>Processing WinMD c:\users\adam\.nuget\packages\microsoft.web.webview2\1.0.1264.42\lib\microsoft.web.webview2.core.winmd
5>Processing WinMD c:\program files (x86)\windows kits\10\references\10.0.19041.0\windows.ai.machinelearning.machinelearningcontract\3.0.0.0\windows.ai.machinelearning.machinelearningcontract.winmd
5>Processing WinMD c:\program files (x86)\windows kits\10\references\10.0.19041.0\windows.ai.machinelearning.preview.machinelearningpreviewcontract\2.0.0.0\windows.ai.machinelearning.preview.machinelearningpreviewcontract.winmd
5>Processing WinMD c:\program files (x86)\windows kits\10\references\10.0.19041.0\windows.applicationmodel.calls.background.callsbackgroundcontract\2.0.0.0\windows.applicationmodel.calls.background.callsbackgroundcontract.winmd
5>Processing WinMD c:\program files (x86)\windows kits\10\references\10.0.19041.0\windows.applicationmodel.calls.callsphonecontract\5.0.0.0\windows.applicationmodel.calls.callsphonecontract.winmd
5>Processing WinMD c:\program files (x86)\windows kits\10\references\10.0.19041.0\windows.applicationmodel.calls.callsvoipcontract\4.0.0.0\windows.applicationmodel.calls.callsvoipcontract.winmd
5>Processing WinMD c:\program files (x86)\windows kits\10\references\10.0.19041.0\windows.applicationmodel.communicationblocking.communicationblockingcontract\2.0.0.0\windows.applicationmodel.communicationblocking.communicationblockingcontract.winmd
5>Processing WinMD c:\program files (x86)\windows kits\10\references\10.0.19041.0\windows.applicationmodel.socialinfo.socialinfocontract\2.0.0.0\windows.applicationmodel.socialinfo.socialinfocontract.winmd
5>Processing WinMD c:\program files (x86)\windows kits\10\references\10.0.19041.0\windows.applicationmodel.startuptaskcontract\3.0.0.0\windows.applicationmodel.startuptaskcontract.winmd
5>Processing WinMD c:\program files (x86)\windows kits\10\references\10.0.19041.0\windows.devices.custom.customdevicecontract\1.0.0.0\windows.devices.custom.customdevicecontract.winmd
5>Processing WinMD c:\program files (x86)\windows kits\10\references\10.0.19041.0\windows.devices.deviceslowlevelcontract\3.0.0.0\windows.devices.deviceslowlevelcontract.winmd
5>Processing WinMD c:\program files (x86)\windows kits\10\references\10.0.19041.0\windows.devices.printers.printerscontract\1.0.0.0\windows.devices.printers.printerscontract.winmd
5>Processing WinMD c:\program files (x86)\windows kits\10\references\10.0.19041.0\windows.devices.smartcards.smartcardbackgroundtriggercontract\3.0.0.0\windows.devices.smartcards.smartcardbackgroundtriggercontract.winmd
5>Processing WinMD c:\program files (x86)\windows kits\10\references\10.0.19041.0\windows.devices.smartcards.smartcardemulatorcontract\6.0.0.0\windows.devices.smartcards.smartcardemulatorcontract.winmd
5>Processing WinMD c:\program files (x86)\windows kits\10\references\10.0.19041.0\windows.foundation.foundationcontract\4.0.0.0\windows.foundation.foundationcontract.winmd
5>Processing WinMD c:\program files (x86)\windows kits\10\references\10.0.19041.0\windows.foundation.universalapicontract\10.0.0.0\windows.foundation.universalapicontract.winmd
5>Processing WinMD c:\program files (x86)\windows kits\10\references\10.0.19041.0\windows.gaming.xboxlive.storageapicontract\1.0.0.0\windows.gaming.xboxlive.storageapicontract.winmd
5>Processing WinMD c:\program files (x86)\windows kits\10\references\10.0.19041.0\windows.graphics.printing3d.printing3dcontract\4.0.0.0\windows.graphics.printing3d.printing3dcontract.winmd
5>Processing WinMD c:\program files (x86)\windows kits\10\references\10.0.19041.0\windows.networking.connectivity.wwancontract\2.0.0.0\windows.networking.connectivity.wwancontract.winmd
5>Processing WinMD c:\program files (x86)\windows kits\10\references\10.0.19041.0\windows.networking.sockets.controlchanneltriggercontract\3.0.0.0\windows.networking.sockets.controlchanneltriggercontract.winmd
5>Processing WinMD c:\program files (x86)\windows kits\10\references\10.0.19041.0\windows.security.isolation.isolatedwindowsenvironmentcontract\2.0.0.0\windows.security.isolation.isolatedwindowsenvironmentcontract.winmd
5>Processing WinMD c:\program files (x86)\windows kits\10\references\10.0.19041.0\windows.services.maps.guidancecontract\3.0.0.0\windows.services.maps.guidancecontract.winmd
5>Processing WinMD c:\program files (x86)\windows kits\10\references\10.0.19041.0\windows.services.maps.localsearchcontract\4.0.0.0\windows.services.maps.localsearchcontract.winmd
5>Processing WinMD c:\program files (x86)\windows kits\10\references\10.0.19041.0\windows.services.store.storecontract\4.0.0.0\windows.services.store.storecontract.winmd
5>Processing WinMD c:\program files (x86)\windows kits\10\references\10.0.19041.0\windows.services.targetedcontent.targetedcontentcontract\1.0.0.0\windows.services.targetedcontent.targetedcontentcontract.winmd
5>Processing WinMD c:\program files (x86)\windows kits\10\references\10.0.19041.0\windows.storage.provider.cloudfilescontract\4.0.0.0\windows.storage.provider.cloudfilescontract.winmd
5>Processing WinMD c:\program files (x86)\windows kits\10\references\10.0.19041.0\windows.system.profile.profilehardwaretokencontract\1.0.0.0\windows.system.profile.profilehardwaretokencontract.winmd
5>Processing WinMD c:\program files (x86)\windows kits\10\references\10.0.19041.0\windows.system.profile.profilesharedmodecontract\2.0.0.0\windows.system.profile.profilesharedmodecontract.winmd
5>Processing WinMD c:\program files (x86)\windows kits\10\references\10.0.19041.0\windows.system.profile.systemmanufacturers.systemmanufacturerscontract\3.0.0.0\windows.system.profile.systemmanufacturers.systemmanufacturerscontract.winmd
5>Processing WinMD c:\program files (x86)\windows kits\10\references\10.0.19041.0\windows.system.systemmanagementcontract\7.0.0.0\windows.system.systemmanagementcontract.winmd
5>Processing WinMD c:\program files (x86)\windows kits\10\references\10.0.19041.0\windows.ui.viewmanagement.viewmanagementviewscalingcontract\1.0.0.0\windows.ui.viewmanagement.viewmanagementviewscalingcontract.winmd
5>Processing WinMD c:\program files (x86)\windows kits\10\references\10.0.19041.0\windows.ui.xaml.core.direct.xamldirectcontract\2.0.0.0\windows.ui.xaml.core.direct.xamldirectcontract.winmd
5>64 bit MIDLRT Processing .\IJSValueReader.idl
5>IJSValueReader.idl
5>64 bit MIDLRT Processing .\DocString.idl
5>DocString.idl
5>64 bit MIDLRT Processing .\IJSValueWriter.idl
5>IJSValueWriter.idl
5>64 bit MIDLRT Processing .\IReactContext.idl
5>IReactContext.idl
5>64 bit MIDLRT Processing .\IReactNotificationService.idl
5>IReactNotificationService.idl
5>64 bit MIDLRT Processing .\IReactDispatcher.idl
5>IReactDispatcher.idl
5>64 bit MIDLRT Processing .\IReactPropertyBag.idl
5>IReactPropertyBag.idl
5>64 bit MIDLRT Processing C:\Users\Adam\Code\locallib\node_modules\react-native-windows\Microsoft.ReactNative\IReactNonAbiValue.idl
5>IReactNonAbiValue.idl
5>64 bit MIDLRT Processing C:\Program Files (x86)\Windows Kits\10\Include\10.0.19041.0\winrt\winrtbase.idl
5>winrtbase.idl
5>64 bit MIDLRT Processing C:\Program Files (x86)\Windows Kits\10\Include\10.0.19041.0\winrt\midlbase.idl
5>midlbase.idl
5>Processing WinMD c:\users\adam\.nuget\packages\microsoft.ui.xaml\2.8.0\lib\uap10.0\microsoft.ui.xaml.winmd
5>Processing WinMD c:\users\adam\.nuget\packages\microsoft.web.webview2\1.0.1264.42\lib\microsoft.web.webview2.core.winmd
5>Processing WinMD c:\program files (x86)\windows kits\10\references\10.0.19041.0\windows.ai.machinelearning.machinelearningcontract\3.0.0.0\windows.ai.machinelearning.machinelearningcontract.winmd
5>Processing WinMD c:\program files (x86)\windows kits\10\references\10.0.19041.0\windows.ai.machinelearning.preview.machinelearningpreviewcontract\2.0.0.0\windows.ai.machinelearning.preview.machinelearningpreviewcontract.winmd
5>Processing WinMD c:\program files (x86)\windows kits\10\references\10.0.19041.0\windows.applicationmodel.calls.background.callsbackgroundcontract\2.0.0.0\windows.applicationmodel.calls.background.callsbackgroundcontract.winmd
5>Processing WinMD c:\program files (x86)\windows kits\10\references\10.0.19041.0\windows.applicationmodel.calls.callsphonecontract\5.0.0.0\windows.applicationmodel.calls.callsphonecontract.winmd
5>Processing WinMD c:\program files (x86)\windows kits\10\references\10.0.19041.0\windows.applicationmodel.calls.callsvoipcontract\4.0.0.0\windows.applicationmodel.calls.callsvoipcontract.winmd
5>Processing WinMD c:\program files (x86)\windows kits\10\references\10.0.19041.0\windows.applicationmodel.communicationblocking.communicationblockingcontract\2.0.0.0\windows.applicationmodel.communicationblocking.communicationblockingcontract.winmd
5>Processing WinMD c:\program files (x86)\windows kits\10\references\10.0.19041.0\windows.applicationmodel.socialinfo.socialinfocontract\2.0.0.0\windows.applicationmodel.socialinfo.socialinfocontract.winmd
5>Processing WinMD c:\program files (x86)\windows kits\10\references\10.0.19041.0\windows.applicationmodel.startuptaskcontract\3.0.0.0\windows.applicationmodel.startuptaskcontract.winmd
5>Processing WinMD c:\program files (x86)\windows kits\10\references\10.0.19041.0\windows.devices.custom.customdevicecontract\1.0.0.0\windows.devices.custom.customdevicecontract.winmd
5>Processing WinMD c:\program files (x86)\windows kits\10\references\10.0.19041.0\windows.devices.deviceslowlevelcontract\3.0.0.0\windows.devices.deviceslowlevelcontract.winmd
5>Processing WinMD c:\program files (x86)\windows kits\10\references\10.0.19041.0\windows.devices.printers.printerscontract\1.0.0.0\windows.devices.printers.printerscontract.winmd
5>Processing WinMD c:\program files (x86)\windows kits\10\references\10.0.19041.0\windows.devices.smartcards.smartcardbackgroundtriggercontract\3.0.0.0\windows.devices.smartcards.smartcardbackgroundtriggercontract.winmd
5>Processing WinMD c:\program files (x86)\windows kits\10\references\10.0.19041.0\windows.devices.smartcards.smartcardemulatorcontract\6.0.0.0\windows.devices.smartcards.smartcardemulatorcontract.winmd
5>Processing WinMD c:\program files (x86)\windows kits\10\references\10.0.19041.0\windows.foundation.foundationcontract\4.0.0.0\windows.foundation.foundationcontract.winmd
5>Processing WinMD c:\program files (x86)\windows kits\10\references\10.0.19041.0\windows.foundation.universalapicontract\10.0.0.0\windows.foundation.universalapicontract.winmd
5>Processing WinMD c:\program files (x86)\windows kits\10\references\10.0.19041.0\windows.gaming.xboxlive.storageapicontract\1.0.0.0\windows.gaming.xboxlive.storageapicontract.winmd
5>Processing WinMD c:\program files (x86)\windows kits\10\references\10.0.19041.0\windows.graphics.printing3d.printing3dcontract\4.0.0.0\windows.graphics.printing3d.printing3dcontract.winmd
5>Processing WinMD c:\program files (x86)\windows kits\10\references\10.0.19041.0\windows.networking.connectivity.wwancontract\2.0.0.0\windows.networking.connectivity.wwancontract.winmd
5>Processing WinMD c:\program files (x86)\windows kits\10\references\10.0.19041.0\windows.networking.sockets.controlchanneltriggercontract\3.0.0.0\windows.networking.sockets.controlchanneltriggercontract.winmd
5>Processing WinMD c:\program files (x86)\windows kits\10\references\10.0.19041.0\windows.security.isolation.isolatedwindowsenvironmentcontract\2.0.0.0\windows.security.isolation.isolatedwindowsenvironmentcontract.winmd
5>Processing WinMD c:\program files (x86)\windows kits\10\references\10.0.19041.0\windows.services.maps.guidancecontract\3.0.0.0\windows.services.maps.guidancecontract.winmd
5>Processing WinMD c:\program files (x86)\windows kits\10\references\10.0.19041.0\windows.services.maps.localsearchcontract\4.0.0.0\windows.services.maps.localsearchcontract.winmd
5>Processing WinMD c:\program files (x86)\windows kits\10\references\10.0.19041.0\windows.services.store.storecontract\4.0.0.0\windows.services.store.storecontract.winmd
5>Processing WinMD c:\program files (x86)\windows kits\10\references\10.0.19041.0\windows.services.targetedcontent.targetedcontentcontract\1.0.0.0\windows.services.targetedcontent.targetedcontentcontract.winmd
5>Processing WinMD c:\program files (x86)\windows kits\10\references\10.0.19041.0\windows.storage.provider.cloudfilescontract\4.0.0.0\windows.storage.provider.cloudfilescontract.winmd
5>Processing WinMD c:\program files (x86)\windows kits\10\references\10.0.19041.0\windows.system.profile.profilehardwaretokencontract\1.0.0.0\windows.system.profile.profilehardwaretokencontract.winmd
5>Processing WinMD c:\program files (x86)\windows kits\10\references\10.0.19041.0\windows.system.profile.profilesharedmodecontract\2.0.0.0\windows.system.profile.profilesharedmodecontract.winmd
5>Processing WinMD c:\program files (x86)\windows kits\10\references\10.0.19041.0\windows.system.profile.systemmanufacturers.systemmanufacturerscontract\3.0.0.0\windows.system.profile.systemmanufacturers.systemmanufacturerscontract.winmd
5>Processing WinMD c:\program files (x86)\windows kits\10\references\10.0.19041.0\windows.system.systemmanagementcontract\7.0.0.0\windows.system.systemmanagementcontract.winmd
5>Processing WinMD c:\program files (x86)\windows kits\10\references\10.0.19041.0\windows.ui.viewmanagement.viewmanagementviewscalingcontract\1.0.0.0\windows.ui.viewmanagement.viewmanagementviewscalingcontract.winmd
5>Processing WinMD c:\program files (x86)\windows kits\10\references\10.0.19041.0\windows.ui.xaml.core.direct.xamldirectcontract\2.0.0.0\windows.ui.xaml.core.direct.xamldirectcontract.winmd
5>64 bit MIDLRT Processing .\DocString.idl
5>DocString.idl
5>64 bit MIDLRT Processing C:\Users\Adam\Code\locallib\node_modules\react-native-windows\Microsoft.ReactNative\IReactNotificationService.idl
5>IReactNotificationService.idl
5>64 bit MIDLRT Processing C:\Program Files (x86)\Windows Kits\10\Include\10.0.19041.0\winrt\winrtbase.idl
5>winrtbase.idl
5>64 bit MIDLRT Processing C:\Program Files (x86)\Windows Kits\10\Include\10.0.19041.0\winrt\midlbase.idl
5>midlbase.idl
5>Processing WinMD c:\users\adam\.nuget\packages\microsoft.ui.xaml\2.8.0\lib\uap10.0\microsoft.ui.xaml.winmd
5>Processing WinMD c:\users\adam\.nuget\packages\microsoft.web.webview2\1.0.1264.42\lib\microsoft.web.webview2.core.winmd
5>Processing WinMD c:\program files (x86)\windows kits\10\references\10.0.19041.0\windows.ai.machinelearning.machinelearningcontract\3.0.0.0\windows.ai.machinelearning.machinelearningcontract.winmd
5>Processing WinMD c:\program files (x86)\windows kits\10\references\10.0.19041.0\windows.ai.machinelearning.preview.machinelearningpreviewcontract\2.0.0.0\windows.ai.machinelearning.preview.machinelearningpreviewcontract.winmd
5>Processing WinMD c:\program files (x86)\windows kits\10\references\10.0.19041.0\windows.applicationmodel.calls.background.callsbackgroundcontract\2.0.0.0\windows.applicationmodel.calls.background.callsbackgroundcontract.winmd
5>Processing WinMD c:\program files (x86)\windows kits\10\references\10.0.19041.0\windows.applicationmodel.calls.callsphonecontract\5.0.0.0\windows.applicationmodel.calls.callsphonecontract.winmd
5>Processing WinMD c:\program files (x86)\windows kits\10\references\10.0.19041.0\windows.applicationmodel.calls.callsvoipcontract\4.0.0.0\windows.applicationmodel.calls.callsvoipcontract.winmd
5>Processing WinMD c:\program files (x86)\windows kits\10\references\10.0.19041.0\windows.applicationmodel.communicationblocking.communicationblockingcontract\2.0.0.0\windows.applicationmodel.communicationblocking.communicationblockingcontract.winmd
5>Processing WinMD c:\program files (x86)\windows kits\10\references\10.0.19041.0\windows.applicationmodel.socialinfo.socialinfocontract\2.0.0.0\windows.applicationmodel.socialinfo.socialinfocontract.winmd
5>Processing WinMD c:\program files (x86)\windows kits\10\references\10.0.19041.0\windows.applicationmodel.startuptaskcontract\3.0.0.0\windows.applicationmodel.startuptaskcontract.winmd
5>Processing WinMD c:\program files (x86)\windows kits\10\references\10.0.19041.0\windows.devices.custom.customdevicecontract\1.0.0.0\windows.devices.custom.customdevicecontract.winmd
5>Processing WinMD c:\program files (x86)\windows kits\10\references\10.0.19041.0\windows.devices.deviceslowlevelcontract\3.0.0.0\windows.devices.deviceslowlevelcontract.winmd
5>Processing WinMD c:\program files (x86)\windows kits\10\references\10.0.19041.0\windows.devices.printers.printerscontract\1.0.0.0\windows.devices.printers.printerscontract.winmd
5>Processing WinMD c:\program files (x86)\windows kits\10\references\10.0.19041.0\windows.devices.smartcards.smartcardbackgroundtriggercontract\3.0.0.0\windows.devices.smartcards.smartcardbackgroundtriggercontract.winmd
5>Processing WinMD c:\program files (x86)\windows kits\10\references\10.0.19041.0\windows.devices.smartcards.smartcardemulatorcontract\6.0.0.0\windows.devices.smartcards.smartcardemulatorcontract.winmd
5>Processing WinMD c:\program files (x86)\windows kits\10\references\10.0.19041.0\windows.foundation.foundationcontract\4.0.0.0\windows.foundation.foundationcontract.winmd
5>Processing WinMD c:\program files (x86)\windows kits\10\references\10.0.19041.0\windows.foundation.universalapicontract\10.0.0.0\windows.foundation.universalapicontract.winmd
5>Processing WinMD c:\program files (x86)\windows kits\10\references\10.0.19041.0\windows.gaming.xboxlive.storageapicontract\1.0.0.0\windows.gaming.xboxlive.storageapicontract.winmd
5>Processing WinMD c:\program files (x86)\windows kits\10\references\10.0.19041.0\windows.graphics.printing3d.printing3dcontract\4.0.0.0\windows.graphics.printing3d.printing3dcontract.winmd
5>Processing WinMD c:\program files (x86)\windows kits\10\references\10.0.19041.0\windows.networking.connectivity.wwancontract\2.0.0.0\windows.networking.connectivity.wwancontract.winmd
5>Processing WinMD c:\program files (x86)\windows kits\10\references\10.0.19041.0\windows.networking.sockets.controlchanneltriggercontract\3.0.0.0\windows.networking.sockets.controlchanneltriggercontract.winmd
5>Processing WinMD c:\program files (x86)\windows kits\10\references\10.0.19041.0\windows.security.isolation.isolatedwindowsenvironmentcontract\2.0.0.0\windows.security.isolation.isolatedwindowsenvironmentcontract.winmd
5>Processing WinMD c:\program files (x86)\windows kits\10\references\10.0.19041.0\windows.services.maps.guidancecontract\3.0.0.0\windows.services.maps.guidancecontract.winmd
5>Processing WinMD c:\program files (x86)\windows kits\10\references\10.0.19041.0\windows.services.maps.localsearchcontract\4.0.0.0\windows.services.maps.localsearchcontract.winmd
5>Processing WinMD c:\program files (x86)\windows kits\10\references\10.0.19041.0\windows.services.store.storecontract\4.0.0.0\windows.services.store.storecontract.winmd
5>Processing WinMD c:\program files (x86)\windows kits\10\references\10.0.19041.0\windows.services.targetedcontent.targetedcontentcontract\1.0.0.0\windows.services.targetedcontent.targetedcontentcontract.winmd
5>Processing WinMD c:\program files (x86)\windows kits\10\references\10.0.19041.0\windows.storage.provider.cloudfilescontract\4.0.0.0\windows.storage.provider.cloudfilescontract.winmd
5>Processing WinMD c:\program files (x86)\windows kits\10\references\10.0.19041.0\windows.system.profile.profilehardwaretokencontract\1.0.0.0\windows.system.profile.profilehardwaretokencontract.winmd
5>Processing WinMD c:\program files (x86)\windows kits\10\references\10.0.19041.0\windows.system.profile.profilesharedmodecontract\2.0.0.0\windows.system.profile.profilesharedmodecontract.winmd
5>Processing WinMD c:\program files (x86)\windows kits\10\references\10.0.19041.0\windows.system.profile.systemmanufacturers.systemmanufacturerscontract\3.0.0.0\windows.system.profile.systemmanufacturers.systemmanufacturerscontract.winmd
5>Processing WinMD c:\program files (x86)\windows kits\10\references\10.0.19041.0\windows.system.systemmanagementcontract\7.0.0.0\windows.system.systemmanagementcontract.winmd
5>Processing WinMD c:\program files (x86)\windows kits\10\references\10.0.19041.0\windows.ui.viewmanagement.viewmanagementviewscalingcontract\1.0.0.0\windows.ui.viewmanagement.viewmanagementviewscalingcontract.winmd
5>Processing WinMD c:\program files (x86)\windows kits\10\references\10.0.19041.0\windows.ui.xaml.core.direct.xamldirectcontract\2.0.0.0\windows.ui.xaml.core.direct.xamldirectcontract.winmd
5>64 bit MIDLRT Processing .\IReactDispatcher.idl
5>IReactDispatcher.idl
5>64 bit MIDLRT Processing .\IReactPropertyBag.idl
5>IReactPropertyBag.idl
5>64 bit MIDLRT Processing .\DocString.idl
5>DocString.idl
5>64 bit MIDLRT Processing C:\Users\Adam\Code\locallib\node_modules\react-native-windows\Microsoft.ReactNative\IReactPackageBuilder.idl
5>IReactPackageBuilder.idl
5>64 bit MIDLRT Processing C:\Program Files (x86)\Windows Kits\10\Include\10.0.19041.0\winrt\winrtbase.idl
5>winrtbase.idl
5>64 bit MIDLRT Processing C:\Program Files (x86)\Windows Kits\10\Include\10.0.19041.0\winrt\midlbase.idl
5>midlbase.idl
5>Processing WinMD c:\users\adam\.nuget\packages\microsoft.ui.xaml\2.8.0\lib\uap10.0\microsoft.ui.xaml.winmd
5>Processing WinMD c:\users\adam\.nuget\packages\microsoft.web.webview2\1.0.1264.42\lib\microsoft.web.webview2.core.winmd
5>Processing WinMD c:\program files (x86)\windows kits\10\references\10.0.19041.0\windows.ai.machinelearning.machinelearningcontract\3.0.0.0\windows.ai.machinelearning.machinelearningcontract.winmd
5>Processing WinMD c:\program files (x86)\windows kits\10\references\10.0.19041.0\windows.ai.machinelearning.preview.machinelearningpreviewcontract\2.0.0.0\windows.ai.machinelearning.preview.machinelearningpreviewcontract.winmd
5>Processing WinMD c:\program files (x86)\windows kits\10\references\10.0.19041.0\windows.applicationmodel.calls.background.callsbackgroundcontract\2.0.0.0\windows.applicationmodel.calls.background.callsbackgroundcontract.winmd
5>Processing WinMD c:\program files (x86)\windows kits\10\references\10.0.19041.0\windows.applicationmodel.calls.callsphonecontract\5.0.0.0\windows.applicationmodel.calls.callsphonecontract.winmd
5>Processing WinMD c:\program files (x86)\windows kits\10\references\10.0.19041.0\windows.applicationmodel.calls.callsvoipcontract\4.0.0.0\windows.applicationmodel.calls.callsvoipcontract.winmd
5>Processing WinMD c:\program files (x86)\windows kits\10\references\10.0.19041.0\windows.applicationmodel.communicationblocking.communicationblockingcontract\2.0.0.0\windows.applicationmodel.communicationblocking.communicationblockingcontract.winmd
5>Processing WinMD c:\program files (x86)\windows kits\10\references\10.0.19041.0\windows.applicationmodel.socialinfo.socialinfocontract\2.0.0.0\windows.applicationmodel.socialinfo.socialinfocontract.winmd
5>Processing WinMD c:\program files (x86)\windows kits\10\references\10.0.19041.0\windows.applicationmodel.startuptaskcontract\3.0.0.0\windows.applicationmodel.startuptaskcontract.winmd
5>Processing WinMD c:\program files (x86)\windows kits\10\references\10.0.19041.0\windows.devices.custom.customdevicecontract\1.0.0.0\windows.devices.custom.customdevicecontract.winmd
5>Processing WinMD c:\program files (x86)\windows kits\10\references\10.0.19041.0\windows.devices.deviceslowlevelcontract\3.0.0.0\windows.devices.deviceslowlevelcontract.winmd
5>Processing WinMD c:\program files (x86)\windows kits\10\references\10.0.19041.0\windows.devices.printers.printerscontract\1.0.0.0\windows.devices.printers.printerscontract.winmd
5>Processing WinMD c:\program files (x86)\windows kits\10\references\10.0.19041.0\windows.devices.smartcards.smartcardbackgroundtriggercontract\3.0.0.0\windows.devices.smartcards.smartcardbackgroundtriggercontract.winmd
5>Processing WinMD c:\program files (x86)\windows kits\10\references\10.0.19041.0\windows.devices.smartcards.smartcardemulatorcontract\6.0.0.0\windows.devices.smartcards.smartcardemulatorcontract.winmd
5>Processing WinMD c:\program files (x86)\windows kits\10\references\10.0.19041.0\windows.foundation.foundationcontract\4.0.0.0\windows.foundation.foundationcontract.winmd
5>Processing WinMD c:\program files (x86)\windows kits\10\references\10.0.19041.0\windows.foundation.universalapicontract\10.0.0.0\windows.foundation.universalapicontract.winmd
5>Processing WinMD c:\program files (x86)\windows kits\10\references\10.0.19041.0\windows.gaming.xboxlive.storageapicontract\1.0.0.0\windows.gaming.xboxlive.storageapicontract.winmd
5>Processing WinMD c:\program files (x86)\windows kits\10\references\10.0.19041.0\windows.graphics.printing3d.printing3dcontract\4.0.0.0\windows.graphics.printing3d.printing3dcontract.winmd
5>Processing WinMD c:\program files (x86)\windows kits\10\references\10.0.19041.0\windows.networking.connectivity.wwancontract\2.0.0.0\windows.networking.connectivity.wwancontract.winmd
5>Processing WinMD c:\program files (x86)\windows kits\10\references\10.0.19041.0\windows.networking.sockets.controlchanneltriggercontract\3.0.0.0\windows.networking.sockets.controlchanneltriggercontract.winmd
5>Processing WinMD c:\program files (x86)\windows kits\10\references\10.0.19041.0\windows.security.isolation.isolatedwindowsenvironmentcontract\2.0.0.0\windows.security.isolation.isolatedwindowsenvironmentcontract.winmd
5>Processing WinMD c:\program files (x86)\windows kits\10\references\10.0.19041.0\windows.services.maps.guidancecontract\3.0.0.0\windows.services.maps.guidancecontract.winmd
5>Processing WinMD c:\program files (x86)\windows kits\10\references\10.0.19041.0\windows.services.maps.localsearchcontract\4.0.0.0\windows.services.maps.localsearchcontract.winmd
5>Processing WinMD c:\program files (x86)\windows kits\10\references\10.0.19041.0\windows.services.store.storecontract\4.0.0.0\windows.services.store.storecontract.winmd
5>Processing WinMD c:\program files (x86)\windows kits\10\references\10.0.19041.0\windows.services.targetedcontent.targetedcontentcontract\1.0.0.0\windows.services.targetedcontent.targetedcontentcontract.winmd
5>Processing WinMD c:\program files (x86)\windows kits\10\references\10.0.19041.0\windows.storage.provider.cloudfilescontract\4.0.0.0\windows.storage.provider.cloudfilescontract.winmd
5>Processing WinMD c:\program files (x86)\windows kits\10\references\10.0.19041.0\windows.system.profile.profilehardwaretokencontract\1.0.0.0\windows.system.profile.profilehardwaretokencontract.winmd
5>Processing WinMD c:\program files (x86)\windows kits\10\references\10.0.19041.0\windows.system.profile.profilesharedmodecontract\2.0.0.0\windows.system.profile.profilesharedmodecontract.winmd
5>Processing WinMD c:\program files (x86)\windows kits\10\references\10.0.19041.0\windows.system.profile.systemmanufacturers.systemmanufacturerscontract\3.0.0.0\windows.system.profile.systemmanufacturers.systemmanufacturerscontract.winmd
5>Processing WinMD c:\program files (x86)\windows kits\10\references\10.0.19041.0\windows.system.systemmanagementcontract\7.0.0.0\windows.system.systemmanagementcontract.winmd
5>Processing WinMD c:\program files (x86)\windows kits\10\references\10.0.19041.0\windows.ui.viewmanagement.viewmanagementviewscalingcontract\1.0.0.0\windows.ui.viewmanagement.viewmanagementviewscalingcontract.winmd
5>Processing WinMD c:\program files (x86)\windows kits\10\references\10.0.19041.0\windows.ui.xaml.core.direct.xamldirectcontract\2.0.0.0\windows.ui.xaml.core.direct.xamldirectcontract.winmd
5>64 bit MIDLRT Processing .\IReactContext.idl
5>IReactContext.idl
5>64 bit MIDLRT Processing .\IJSValueWriter.idl
5>IJSValueWriter.idl
5>64 bit MIDLRT Processing .\DocString.idl
5>DocString.idl
5>64 bit MIDLRT Processing .\IReactNotificationService.idl
5>IReactNotificationService.idl
5>64 bit MIDLRT Processing .\IReactDispatcher.idl
5>IReactDispatcher.idl
5>64 bit MIDLRT Processing .\IReactPropertyBag.idl
5>IReactPropertyBag.idl
5>64 bit MIDLRT Processing .\IReactModuleBuilder.idl
5>IReactModuleBuilder.idl
5>64 bit MIDLRT Processing .\IJSValueReader.idl
5>IJSValueReader.idl
5>64 bit MIDLRT Processing .\IViewManager.idl
5>IViewManager.idl
5>64 bit MIDLRT Processing .\IViewManagerCore.idl
5>IViewManagerCore.idl
5>64 bit MIDLRT Processing .\ReactPointerEventArgs.idl
5>ReactPointerEventArgs.idl
5>64 bit MIDLRT Processing C:\Users\Adam\Code\locallib\node_modules\react-native-windows\Microsoft.ReactNative\IReactPackageProvider.idl
5>IReactPackageProvider.idl
5>64 bit MIDLRT Processing C:\Program Files (x86)\Windows Kits\10\Include\10.0.19041.0\winrt\winrtbase.idl
5>winrtbase.idl
5>64 bit MIDLRT Processing C:\Program Files (x86)\Windows Kits\10\Include\10.0.19041.0\winrt\midlbase.idl
5>midlbase.idl
5>Processing WinMD c:\users\adam\.nuget\packages\microsoft.ui.xaml\2.8.0\lib\uap10.0\microsoft.ui.xaml.winmd
5>Processing WinMD c:\users\adam\.nuget\packages\microsoft.web.webview2\1.0.1264.42\lib\microsoft.web.webview2.core.winmd
5>Processing WinMD c:\program files (x86)\windows kits\10\references\10.0.19041.0\windows.ai.machinelearning.machinelearningcontract\3.0.0.0\windows.ai.machinelearning.machinelearningcontract.winmd
5>Processing WinMD c:\program files (x86)\windows kits\10\references\10.0.19041.0\windows.ai.machinelearning.preview.machinelearningpreviewcontract\2.0.0.0\windows.ai.machinelearning.preview.machinelearningpreviewcontract.winmd
5>Processing WinMD c:\program files (x86)\windows kits\10\references\10.0.19041.0\windows.applicationmodel.calls.background.callsbackgroundcontract\2.0.0.0\windows.applicationmodel.calls.background.callsbackgroundcontract.winmd
5>Processing WinMD c:\program files (x86)\windows kits\10\references\10.0.19041.0\windows.applicationmodel.calls.callsphonecontract\5.0.0.0\windows.applicationmodel.calls.callsphonecontract.winmd
5>Processing WinMD c:\program files (x86)\windows kits\10\references\10.0.19041.0\windows.applicationmodel.calls.callsvoipcontract\4.0.0.0\windows.applicationmodel.calls.callsvoipcontract.winmd
5>Processing WinMD c:\program files (x86)\windows kits\10\references\10.0.19041.0\windows.applicationmodel.communicationblocking.communicationblockingcontract\2.0.0.0\windows.applicationmodel.communicationblocking.communicationblockingcontract.winmd
5>Processing WinMD c:\program files (x86)\windows kits\10\references\10.0.19041.0\windows.applicationmodel.socialinfo.socialinfocontract\2.0.0.0\windows.applicationmodel.socialinfo.socialinfocontract.winmd
5>Processing WinMD c:\program files (x86)\windows kits\10\references\10.0.19041.0\windows.applicationmodel.startuptaskcontract\3.0.0.0\windows.applicationmodel.startuptaskcontract.winmd
5>Processing WinMD c:\program files (x86)\windows kits\10\references\10.0.19041.0\windows.devices.custom.customdevicecontract\1.0.0.0\windows.devices.custom.customdevicecontract.winmd
5>Processing WinMD c:\program files (x86)\windows kits\10\references\10.0.19041.0\windows.devices.deviceslowlevelcontract\3.0.0.0\windows.devices.deviceslowlevelcontract.winmd
5>Processing WinMD c:\program files (x86)\windows kits\10\references\10.0.19041.0\windows.devices.printers.printerscontract\1.0.0.0\windows.devices.printers.printerscontract.winmd
5>Processing WinMD c:\program files (x86)\windows kits\10\references\10.0.19041.0\windows.devices.smartcards.smartcardbackgroundtriggercontract\3.0.0.0\windows.devices.smartcards.smartcardbackgroundtriggercontract.winmd
5>Processing WinMD c:\program files (x86)\windows kits\10\references\10.0.19041.0\windows.devices.smartcards.smartcardemulatorcontract\6.0.0.0\windows.devices.smartcards.smartcardemulatorcontract.winmd
5>Processing WinMD c:\program files (x86)\windows kits\10\references\10.0.19041.0\windows.foundation.foundationcontract\4.0.0.0\windows.foundation.foundationcontract.winmd
5>Processing WinMD c:\program files (x86)\windows kits\10\references\10.0.19041.0\windows.foundation.universalapicontract\10.0.0.0\windows.foundation.universalapicontract.winmd
5>Processing WinMD c:\program files (x86)\windows kits\10\references\10.0.19041.0\windows.gaming.xboxlive.storageapicontract\1.0.0.0\windows.gaming.xboxlive.storageapicontract.winmd
5>Processing WinMD c:\program files (x86)\windows kits\10\references\10.0.19041.0\windows.graphics.printing3d.printing3dcontract\4.0.0.0\windows.graphics.printing3d.printing3dcontract.winmd
5>Processing WinMD c:\program files (x86)\windows kits\10\references\10.0.19041.0\windows.networking.connectivity.wwancontract\2.0.0.0\windows.networking.connectivity.wwancontract.winmd
5>Processing WinMD c:\program files (x86)\windows kits\10\references\10.0.19041.0\windows.networking.sockets.controlchanneltriggercontract\3.0.0.0\windows.networking.sockets.controlchanneltriggercontract.winmd
5>Processing WinMD c:\program files (x86)\windows kits\10\references\10.0.19041.0\windows.security.isolation.isolatedwindowsenvironmentcontract\2.0.0.0\windows.security.isolation.isolatedwindowsenvironmentcontract.winmd
5>Processing WinMD c:\program files (x86)\windows kits\10\references\10.0.19041.0\windows.services.maps.guidancecontract\3.0.0.0\windows.services.maps.guidancecontract.winmd
5>Processing WinMD c:\program files (x86)\windows kits\10\references\10.0.19041.0\windows.services.maps.localsearchcontract\4.0.0.0\windows.services.maps.localsearchcontract.winmd
5>Processing WinMD c:\program files (x86)\windows kits\10\references\10.0.19041.0\windows.services.store.storecontract\4.0.0.0\windows.services.store.storecontract.winmd
5>Processing WinMD c:\program files (x86)\windows kits\10\references\10.0.19041.0\windows.services.targetedcontent.targetedcontentcontract\1.0.0.0\windows.services.targetedcontent.targetedcontentcontract.winmd
5>Processing WinMD c:\program files (x86)\windows kits\10\references\10.0.19041.0\windows.storage.provider.cloudfilescontract\4.0.0.0\windows.storage.provider.cloudfilescontract.winmd
5>Processing WinMD c:\program files (x86)\windows kits\10\references\10.0.19041.0\windows.system.profile.profilehardwaretokencontract\1.0.0.0\windows.system.profile.profilehardwaretokencontract.winmd
5>Processing WinMD c:\program files (x86)\windows kits\10\references\10.0.19041.0\windows.system.profile.profilesharedmodecontract\2.0.0.0\windows.system.profile.profilesharedmodecontract.winmd
5>Processing WinMD c:\program files (x86)\windows kits\10\references\10.0.19041.0\windows.system.profile.systemmanufacturers.systemmanufacturerscontract\3.0.0.0\windows.system.profile.systemmanufacturers.systemmanufacturerscontract.winmd
5>Processing WinMD c:\program files (x86)\windows kits\10\references\10.0.19041.0\windows.system.systemmanagementcontract\7.0.0.0\windows.system.systemmanagementcontract.winmd
5>Processing WinMD c:\program files (x86)\windows kits\10\references\10.0.19041.0\windows.ui.viewmanagement.viewmanagementviewscalingcontract\1.0.0.0\windows.ui.viewmanagement.viewmanagementviewscalingcontract.winmd
5>Processing WinMD c:\program files (x86)\windows kits\10\references\10.0.19041.0\windows.ui.xaml.core.direct.xamldirectcontract\2.0.0.0\windows.ui.xaml.core.direct.xamldirectcontract.winmd
5>64 bit MIDLRT Processing .\IReactPackageBuilder.idl
5>IReactPackageBuilder.idl
5>64 bit MIDLRT Processing .\IReactContext.idl
5>IReactContext.idl
5>64 bit MIDLRT Processing .\IJSValueWriter.idl
5>IJSValueWriter.idl
5>64 bit MIDLRT Processing .\DocString.idl
5>DocString.idl
5>64 bit MIDLRT Processing .\IReactNotificationService.idl
5>IReactNotificationService.idl
5>64 bit MIDLRT Processing .\IReactDispatcher.idl
5>IReactDispatcher.idl
5>64 bit MIDLRT Processing .\IReactPropertyBag.idl
5>IReactPropertyBag.idl
5>64 bit MIDLRT Processing .\IReactModuleBuilder.idl
5>IReactModuleBuilder.idl
5>64 bit MIDLRT Processing .\IJSValueReader.idl
5>IJSValueReader.idl
5>64 bit MIDLRT Processing .\IViewManager.idl
5>IViewManager.idl
5>64 bit MIDLRT Processing .\IViewManagerCore.idl
5>IViewManagerCore.idl
5>64 bit MIDLRT Processing .\ReactPointerEventArgs.idl
5>ReactPointerEventArgs.idl
5>64 bit MIDLRT Processing C:\Users\Adam\Code\locallib\node_modules\react-native-windows\Microsoft.ReactNative\IReactPropertyBag.idl
5>IReactPropertyBag.idl
5>64 bit MIDLRT Processing C:\Program Files (x86)\Windows Kits\10\Include\10.0.19041.0\winrt\winrtbase.idl
5>winrtbase.idl
5>64 bit MIDLRT Processing C:\Program Files (x86)\Windows Kits\10\Include\10.0.19041.0\winrt\midlbase.idl
5>midlbase.idl
5>Processing WinMD c:\users\adam\.nuget\packages\microsoft.ui.xaml\2.8.0\lib\uap10.0\microsoft.ui.xaml.winmd
5>Processing WinMD c:\users\adam\.nuget\packages\microsoft.web.webview2\1.0.1264.42\lib\microsoft.web.webview2.core.winmd
5>Processing WinMD c:\program files (x86)\windows kits\10\references\10.0.19041.0\windows.ai.machinelearning.machinelearningcontract\3.0.0.0\windows.ai.machinelearning.machinelearningcontract.winmd
5>Processing WinMD c:\program files (x86)\windows kits\10\references\10.0.19041.0\windows.ai.machinelearning.preview.machinelearningpreviewcontract\2.0.0.0\windows.ai.machinelearning.preview.machinelearningpreviewcontract.winmd
5>Processing WinMD c:\program files (x86)\windows kits\10\references\10.0.19041.0\windows.applicationmodel.calls.background.callsbackgroundcontract\2.0.0.0\windows.applicationmodel.calls.background.callsbackgroundcontract.winmd
5>Processing WinMD c:\program files (x86)\windows kits\10\references\10.0.19041.0\windows.applicationmodel.calls.callsphonecontract\5.0.0.0\windows.applicationmodel.calls.callsphonecontract.winmd
5>Processing WinMD c:\program files (x86)\windows kits\10\references\10.0.19041.0\windows.applicationmodel.calls.callsvoipcontract\4.0.0.0\windows.applicationmodel.calls.callsvoipcontract.winmd
5>Processing WinMD c:\program files (x86)\windows kits\10\references\10.0.19041.0\windows.applicationmodel.communicationblocking.communicationblockingcontract\2.0.0.0\windows.applicationmodel.communicationblocking.communicationblockingcontract.winmd
5>Processing WinMD c:\program files (x86)\windows kits\10\references\10.0.19041.0\windows.applicationmodel.socialinfo.socialinfocontract\2.0.0.0\windows.applicationmodel.socialinfo.socialinfocontract.winmd
5>Processing WinMD c:\program files (x86)\windows kits\10\references\10.0.19041.0\windows.applicationmodel.startuptaskcontract\3.0.0.0\windows.applicationmodel.startuptaskcontract.winmd
5>Processing WinMD c:\program files (x86)\windows kits\10\references\10.0.19041.0\windows.devices.custom.customdevicecontract\1.0.0.0\windows.devices.custom.customdevicecontract.winmd
5>Processing WinMD c:\program files (x86)\windows kits\10\references\10.0.19041.0\windows.devices.deviceslowlevelcontract\3.0.0.0\windows.devices.deviceslowlevelcontract.winmd
5>Processing WinMD c:\program files (x86)\windows kits\10\references\10.0.19041.0\windows.devices.printers.printerscontract\1.0.0.0\windows.devices.printers.printerscontract.winmd
5>Processing WinMD c:\program files (x86)\windows kits\10\references\10.0.19041.0\windows.devices.smartcards.smartcardbackgroundtriggercontract\3.0.0.0\windows.devices.smartcards.smartcardbackgroundtriggercontract.winmd
5>Processing WinMD c:\program files (x86)\windows kits\10\references\10.0.19041.0\windows.devices.smartcards.smartcardemulatorcontract\6.0.0.0\windows.devices.smartcards.smartcardemulatorcontract.winmd
5>Processing WinMD c:\program files (x86)\windows kits\10\references\10.0.19041.0\windows.foundation.foundationcontract\4.0.0.0\windows.foundation.foundationcontract.winmd
5>Processing WinMD c:\program files (x86)\windows kits\10\references\10.0.19041.0\windows.foundation.universalapicontract\10.0.0.0\windows.foundation.universalapicontract.winmd
5>Processing WinMD c:\program files (x86)\windows kits\10\references\10.0.19041.0\windows.gaming.xboxlive.storageapicontract\1.0.0.0\windows.gaming.xboxlive.storageapicontract.winmd
5>Processing WinMD c:\program files (x86)\windows kits\10\references\10.0.19041.0\windows.graphics.printing3d.printing3dcontract\4.0.0.0\windows.graphics.printing3d.printing3dcontract.winmd
5>Processing WinMD c:\program files (x86)\windows kits\10\references\10.0.19041.0\windows.networking.connectivity.wwancontract\2.0.0.0\windows.networking.connectivity.wwancontract.winmd
5>Processing WinMD c:\program files (x86)\windows kits\10\references\10.0.19041.0\windows.networking.sockets.controlchanneltriggercontract\3.0.0.0\windows.networking.sockets.controlchanneltriggercontract.winmd
5>Processing WinMD c:\program files (x86)\windows kits\10\references\10.0.19041.0\windows.security.isolation.isolatedwindowsenvironmentcontract\2.0.0.0\windows.security.isolation.isolatedwindowsenvironmentcontract.winmd
5>Processing WinMD c:\program files (x86)\windows kits\10\references\10.0.19041.0\windows.services.maps.guidancecontract\3.0.0.0\windows.services.maps.guidancecontract.winmd
5>Processing WinMD c:\program files (x86)\windows kits\10\references\10.0.19041.0\windows.services.maps.localsearchcontract\4.0.0.0\windows.services.maps.localsearchcontract.winmd
5>Processing WinMD c:\program files (x86)\windows kits\10\references\10.0.19041.0\windows.services.store.storecontract\4.0.0.0\windows.services.store.storecontract.winmd
5>Processing WinMD c:\program files (x86)\windows kits\10\references\10.0.19041.0\windows.services.targetedcontent.targetedcontentcontract\1.0.0.0\windows.services.targetedcontent.targetedcontentcontract.winmd
5>Processing WinMD c:\program files (x86)\windows kits\10\references\10.0.19041.0\windows.storage.provider.cloudfilescontract\4.0.0.0\windows.storage.provider.cloudfilescontract.winmd
5>Processing WinMD c:\program files (x86)\windows kits\10\references\10.0.19041.0\windows.system.profile.profilehardwaretokencontract\1.0.0.0\windows.system.profile.profilehardwaretokencontract.winmd
5>Processing WinMD c:\program files (x86)\windows kits\10\references\10.0.19041.0\windows.system.profile.profilesharedmodecontract\2.0.0.0\windows.system.profile.profilesharedmodecontract.winmd
5>Processing WinMD c:\program files (x86)\windows kits\10\references\10.0.19041.0\windows.system.profile.systemmanufacturers.systemmanufacturerscontract\3.0.0.0\windows.system.profile.systemmanufacturers.systemmanufacturerscontract.winmd
5>Processing WinMD c:\program files (x86)\windows kits\10\references\10.0.19041.0\windows.system.systemmanagementcontract\7.0.0.0\windows.system.systemmanagementcontract.winmd
5>Processing WinMD c:\program files (x86)\windows kits\10\references\10.0.19041.0\windows.ui.viewmanagement.viewmanagementviewscalingcontract\1.0.0.0\windows.ui.viewmanagement.viewmanagementviewscalingcontract.winmd
5>Processing WinMD c:\program files (x86)\windows kits\10\references\10.0.19041.0\windows.ui.xaml.core.direct.xamldirectcontract\2.0.0.0\windows.ui.xaml.core.direct.xamldirectcontract.winmd
5>64 bit MIDLRT Processing .\DocString.idl
5>DocString.idl
5>64 bit MIDLRT Processing C:\Users\Adam\Code\locallib\node_modules\react-native-windows\Microsoft.ReactNative\JsiApi.idl
5>JsiApi.idl
5>64 bit MIDLRT Processing C:\Program Files (x86)\Windows Kits\10\Include\10.0.19041.0\winrt\winrtbase.idl
5>winrtbase.idl
5>64 bit MIDLRT Processing C:\Program Files (x86)\Windows Kits\10\Include\10.0.19041.0\winrt\midlbase.idl
5>midlbase.idl
5>Processing WinMD c:\users\adam\.nuget\packages\microsoft.ui.xaml\2.8.0\lib\uap10.0\microsoft.ui.xaml.winmd
5>Processing WinMD c:\users\adam\.nuget\packages\microsoft.web.webview2\1.0.1264.42\lib\microsoft.web.webview2.core.winmd
5>Processing WinMD c:\program files (x86)\windows kits\10\references\10.0.19041.0\windows.ai.machinelearning.machinelearningcontract\3.0.0.0\windows.ai.machinelearning.machinelearningcontract.winmd
5>Processing WinMD c:\program files (x86)\windows kits\10\references\10.0.19041.0\windows.ai.machinelearning.preview.machinelearningpreviewcontract\2.0.0.0\windows.ai.machinelearning.preview.machinelearningpreviewcontract.winmd
5>Processing WinMD c:\program files (x86)\windows kits\10\references\10.0.19041.0\windows.applicationmodel.calls.background.callsbackgroundcontract\2.0.0.0\windows.applicationmodel.calls.background.callsbackgroundcontract.winmd
5>Processing WinMD c:\program files (x86)\windows kits\10\references\10.0.19041.0\windows.applicationmodel.calls.callsphonecontract\5.0.0.0\windows.applicationmodel.calls.callsphonecontract.winmd
5>Processing WinMD c:\program files (x86)\windows kits\10\references\10.0.19041.0\windows.applicationmodel.calls.callsvoipcontract\4.0.0.0\windows.applicationmodel.calls.callsvoipcontract.winmd
5>Processing WinMD c:\program files (x86)\windows kits\10\references\10.0.19041.0\windows.applicationmodel.communicationblocking.communicationblockingcontract\2.0.0.0\windows.applicationmodel.communicationblocking.communicationblockingcontract.winmd
5>Processing WinMD c:\program files (x86)\windows kits\10\references\10.0.19041.0\windows.applicationmodel.socialinfo.socialinfocontract\2.0.0.0\windows.applicationmodel.socialinfo.socialinfocontract.winmd
5>Processing WinMD c:\program files (x86)\windows kits\10\references\10.0.19041.0\windows.applicationmodel.startuptaskcontract\3.0.0.0\windows.applicationmodel.startuptaskcontract.winmd
5>Processing WinMD c:\program files (x86)\windows kits\10\references\10.0.19041.0\windows.devices.custom.customdevicecontract\1.0.0.0\windows.devices.custom.customdevicecontract.winmd
5>Processing WinMD c:\program files (x86)\windows kits\10\references\10.0.19041.0\windows.devices.deviceslowlevelcontract\3.0.0.0\windows.devices.deviceslowlevelcontract.winmd
5>Processing WinMD c:\program files (x86)\windows kits\10\references\10.0.19041.0\windows.devices.printers.printerscontract\1.0.0.0\windows.devices.printers.printerscontract.winmd
5>Processing WinMD c:\program files (x86)\windows kits\10\references\10.0.19041.0\windows.devices.smartcards.smartcardbackgroundtriggercontract\3.0.0.0\windows.devices.smartcards.smartcardbackgroundtriggercontract.winmd
5>Processing WinMD c:\program files (x86)\windows kits\10\references\10.0.19041.0\windows.devices.smartcards.smartcardemulatorcontract\6.0.0.0\windows.devices.smartcards.smartcardemulatorcontract.winmd
5>Processing WinMD c:\program files (x86)\windows kits\10\references\10.0.19041.0\windows.foundation.foundationcontract\4.0.0.0\windows.foundation.foundationcontract.winmd
5>Processing WinMD c:\program files (x86)\windows kits\10\references\10.0.19041.0\windows.foundation.universalapicontract\10.0.0.0\windows.foundation.universalapicontract.winmd
5>Processing WinMD c:\program files (x86)\windows kits\10\references\10.0.19041.0\windows.gaming.xboxlive.storageapicontract\1.0.0.0\windows.gaming.xboxlive.storageapicontract.winmd
5>Processing WinMD c:\program files (x86)\windows kits\10\references\10.0.19041.0\windows.graphics.printing3d.printing3dcontract\4.0.0.0\windows.graphics.printing3d.printing3dcontract.winmd
5>Processing WinMD c:\program files (x86)\windows kits\10\references\10.0.19041.0\windows.networking.connectivity.wwancontract\2.0.0.0\windows.networking.connectivity.wwancontract.winmd
5>Processing WinMD c:\program files (x86)\windows kits\10\references\10.0.19041.0\windows.networking.sockets.controlchanneltriggercontract\3.0.0.0\windows.networking.sockets.controlchanneltriggercontract.winmd
5>Processing WinMD c:\program files (x86)\windows kits\10\references\10.0.19041.0\windows.security.isolation.isolatedwindowsenvironmentcontract\2.0.0.0\windows.security.isolation.isolatedwindowsenvironmentcontract.winmd
5>Processing WinMD c:\program files (x86)\windows kits\10\references\10.0.19041.0\windows.services.maps.guidancecontract\3.0.0.0\windows.services.maps.guidancecontract.winmd
5>Processing WinMD c:\program files (x86)\windows kits\10\references\10.0.19041.0\windows.services.maps.localsearchcontract\4.0.0.0\windows.services.maps.localsearchcontract.winmd
5>Processing WinMD c:\program files (x86)\windows kits\10\references\10.0.19041.0\windows.services.store.storecontract\4.0.0.0\windows.services.store.storecontract.winmd
5>Processing WinMD c:\program files (x86)\windows kits\10\references\10.0.19041.0\windows.services.targetedcontent.targetedcontentcontract\1.0.0.0\windows.services.targetedcontent.targetedcontentcontract.winmd
5>Processing WinMD c:\program files (x86)\windows kits\10\references\10.0.19041.0\windows.storage.provider.cloudfilescontract\4.0.0.0\windows.storage.provider.cloudfilescontract.winmd
5>Processing WinMD c:\program files (x86)\windows kits\10\references\10.0.19041.0\windows.system.profile.profilehardwaretokencontract\1.0.0.0\windows.system.profile.profilehardwaretokencontract.winmd
5>Processing WinMD c:\program files (x86)\windows kits\10\references\10.0.19041.0\windows.system.profile.profilesharedmodecontract\2.0.0.0\windows.system.profile.profilesharedmodecontract.winmd
5>Processing WinMD c:\program files (x86)\windows kits\10\references\10.0.19041.0\windows.system.profile.systemmanufacturers.systemmanufacturerscontract\3.0.0.0\windows.system.profile.systemmanufacturers.systemmanufacturerscontract.winmd
5>Processing WinMD c:\program files (x86)\windows kits\10\references\10.0.19041.0\windows.system.systemmanagementcontract\7.0.0.0\windows.system.systemmanagementcontract.winmd
5>Processing WinMD c:\program files (x86)\windows kits\10\references\10.0.19041.0\windows.ui.viewmanagement.viewmanagementviewscalingcontract\1.0.0.0\windows.ui.viewmanagement.viewmanagementviewscalingcontract.winmd
5>Processing WinMD c:\program files (x86)\windows kits\10\references\10.0.19041.0\windows.ui.xaml.core.direct.xamldirectcontract\2.0.0.0\windows.ui.xaml.core.direct.xamldirectcontract.winmd
5>64 bit MIDLRT Processing .\DocString.idl
5>DocString.idl
5>64 bit MIDLRT Processing .\IReactNonAbiValue.idl
5>IReactNonAbiValue.idl
5>64 bit MIDLRT Processing C:\Users\Adam\Code\locallib\node_modules\react-native-windows\Microsoft.ReactNative\QuirkSettings.idl
5>QuirkSettings.idl
5>64 bit MIDLRT Processing C:\Program Files (x86)\Windows Kits\10\Include\10.0.19041.0\winrt\winrtbase.idl
5>winrtbase.idl
5>64 bit MIDLRT Processing C:\Program Files (x86)\Windows Kits\10\Include\10.0.19041.0\winrt\midlbase.idl
5>midlbase.idl
5>Processing WinMD c:\users\adam\.nuget\packages\microsoft.ui.xaml\2.8.0\lib\uap10.0\microsoft.ui.xaml.winmd
5>Processing WinMD c:\users\adam\.nuget\packages\microsoft.web.webview2\1.0.1264.42\lib\microsoft.web.webview2.core.winmd
5>Processing WinMD c:\program files (x86)\windows kits\10\references\10.0.19041.0\windows.ai.machinelearning.machinelearningcontract\3.0.0.0\windows.ai.machinelearning.machinelearningcontract.winmd
5>Processing WinMD c:\program files (x86)\windows kits\10\references\10.0.19041.0\windows.ai.machinelearning.preview.machinelearningpreviewcontract\2.0.0.0\windows.ai.machinelearning.preview.machinelearningpreviewcontract.winmd
5>Processing WinMD c:\program files (x86)\windows kits\10\references\10.0.19041.0\windows.applicationmodel.calls.background.callsbackgroundcontract\2.0.0.0\windows.applicationmodel.calls.background.callsbackgroundcontract.winmd
5>Processing WinMD c:\program files (x86)\windows kits\10\references\10.0.19041.0\windows.applicationmodel.calls.callsphonecontract\5.0.0.0\windows.applicationmodel.calls.callsphonecontract.winmd
5>Processing WinMD c:\program files (x86)\windows kits\10\references\10.0.19041.0\windows.applicationmodel.calls.callsvoipcontract\4.0.0.0\windows.applicationmodel.calls.callsvoipcontract.winmd
5>Processing WinMD c:\program files (x86)\windows kits\10\references\10.0.19041.0\windows.applicationmodel.communicationblocking.communicationblockingcontract\2.0.0.0\windows.applicationmodel.communicationblocking.communicationblockingcontract.winmd
5>Processing WinMD c:\program files (x86)\windows kits\10\references\10.0.19041.0\windows.applicationmodel.socialinfo.socialinfocontract\2.0.0.0\windows.applicationmodel.socialinfo.socialinfocontract.winmd
5>Processing WinMD c:\program files (x86)\windows kits\10\references\10.0.19041.0\windows.applicationmodel.startuptaskcontract\3.0.0.0\windows.applicationmodel.startuptaskcontract.winmd
5>Processing WinMD c:\program files (x86)\windows kits\10\references\10.0.19041.0\windows.devices.custom.customdevicecontract\1.0.0.0\windows.devices.custom.customdevicecontract.winmd
5>Processing WinMD c:\program files (x86)\windows kits\10\references\10.0.19041.0\windows.devices.deviceslowlevelcontract\3.0.0.0\windows.devices.deviceslowlevelcontract.winmd
5>Processing WinMD c:\program files (x86)\windows kits\10\references\10.0.19041.0\windows.devices.printers.printerscontract\1.0.0.0\windows.devices.printers.printerscontract.winmd
5>Processing WinMD c:\program files (x86)\windows kits\10\references\10.0.19041.0\windows.devices.smartcards.smartcardbackgroundtriggercontract\3.0.0.0\windows.devices.smartcards.smartcardbackgroundtriggercontract.winmd
5>Processing WinMD c:\program files (x86)\windows kits\10\references\10.0.19041.0\windows.devices.smartcards.smartcardemulatorcontract\6.0.0.0\windows.devices.smartcards.smartcardemulatorcontract.winmd
5>Processing WinMD c:\program files (x86)\windows kits\10\references\10.0.19041.0\windows.foundation.foundationcontract\4.0.0.0\windows.foundation.foundationcontract.winmd
5>Processing WinMD c:\program files (x86)\windows kits\10\references\10.0.19041.0\windows.foundation.universalapicontract\10.0.0.0\windows.foundation.universalapicontract.winmd
5>Processing WinMD c:\program files (x86)\windows kits\10\references\10.0.19041.0\windows.gaming.xboxlive.storageapicontract\1.0.0.0\windows.gaming.xboxlive.storageapicontract.winmd
5>Processing WinMD c:\program files (x86)\windows kits\10\references\10.0.19041.0\windows.graphics.printing3d.printing3dcontract\4.0.0.0\windows.graphics.printing3d.printing3dcontract.winmd
5>Processing WinMD c:\program files (x86)\windows kits\10\references\10.0.19041.0\windows.networking.connectivity.wwancontract\2.0.0.0\windows.networking.connectivity.wwancontract.winmd
5>Processing WinMD c:\program files (x86)\windows kits\10\references\10.0.19041.0\windows.networking.sockets.controlchanneltriggercontract\3.0.0.0\windows.networking.sockets.controlchanneltriggercontract.winmd
5>Processing WinMD c:\program files (x86)\windows kits\10\references\10.0.19041.0\windows.security.isolation.isolatedwindowsenvironmentcontract\2.0.0.0\windows.security.isolation.isolatedwindowsenvironmentcontract.winmd
5>Processing WinMD c:\program files (x86)\windows kits\10\references\10.0.19041.0\windows.services.maps.guidancecontract\3.0.0.0\windows.services.maps.guidancecontract.winmd
5>Processing WinMD c:\program files (x86)\windows kits\10\references\10.0.19041.0\windows.services.maps.localsearchcontract\4.0.0.0\windows.services.maps.localsearchcontract.winmd
5>Processing WinMD c:\program files (x86)\windows kits\10\references\10.0.19041.0\windows.services.store.storecontract\4.0.0.0\windows.services.store.storecontract.winmd
5>Processing WinMD c:\program files (x86)\windows kits\10\references\10.0.19041.0\windows.services.targetedcontent.targetedcontentcontract\1.0.0.0\windows.services.targetedcontent.targetedcontentcontract.winmd
5>Processing WinMD c:\program files (x86)\windows kits\10\references\10.0.19041.0\windows.storage.provider.cloudfilescontract\4.0.0.0\windows.storage.provider.cloudfilescontract.winmd
5>Processing WinMD c:\program files (x86)\windows kits\10\references\10.0.19041.0\windows.system.profile.profilehardwaretokencontract\1.0.0.0\windows.system.profile.profilehardwaretokencontract.winmd
5>Processing WinMD c:\program files (x86)\windows kits\10\references\10.0.19041.0\windows.system.profile.profilesharedmodecontract\2.0.0.0\windows.system.profile.profilesharedmodecontract.winmd
5>Processing WinMD c:\program files (x86)\windows kits\10\references\10.0.19041.0\windows.system.profile.systemmanufacturers.systemmanufacturerscontract\3.0.0.0\windows.system.profile.systemmanufacturers.systemmanufacturerscontract.winmd
5>Processing WinMD c:\program files (x86)\windows kits\10\references\10.0.19041.0\windows.system.systemmanagementcontract\7.0.0.0\windows.system.systemmanagementcontract.winmd
5>Processing WinMD c:\program files (x86)\windows kits\10\references\10.0.19041.0\windows.ui.viewmanagement.viewmanagementviewscalingcontract\1.0.0.0\windows.ui.viewmanagement.viewmanagementviewscalingcontract.winmd
5>Processing WinMD c:\program files (x86)\windows kits\10\references\10.0.19041.0\windows.ui.xaml.core.direct.xamldirectcontract\2.0.0.0\windows.ui.xaml.core.direct.xamldirectcontract.winmd
5>64 bit MIDLRT Processing .\ReactInstanceSettings.idl
5>ReactInstanceSettings.idl
5>64 bit MIDLRT Processing .\IReactContext.idl
5>IReactContext.idl
5>64 bit MIDLRT Processing .\IJSValueWriter.idl
5>IJSValueWriter.idl
5>64 bit MIDLRT Processing .\DocString.idl
5>DocString.idl
5>64 bit MIDLRT Processing .\IReactNotificationService.idl
5>IReactNotificationService.idl
5>64 bit MIDLRT Processing .\IReactDispatcher.idl
5>IReactDispatcher.idl
5>64 bit MIDLRT Processing .\IReactPropertyBag.idl
5>IReactPropertyBag.idl
5>64 bit MIDLRT Processing .\IReactPackageProvider.idl
5>IReactPackageProvider.idl
5>64 bit MIDLRT Processing .\IReactPackageBuilder.idl
5>IReactPackageBuilder.idl
5>64 bit MIDLRT Processing .\IReactModuleBuilder.idl
5>IReactModuleBuilder.idl
5>64 bit MIDLRT Processing .\IJSValueReader.idl
5>IJSValueReader.idl
5>64 bit MIDLRT Processing .\IViewManager.idl
5>IViewManager.idl
5>64 bit MIDLRT Processing .\IViewManagerCore.idl
5>IViewManagerCore.idl
5>64 bit MIDLRT Processing .\ReactPointerEventArgs.idl
5>ReactPointerEventArgs.idl
5>64 bit MIDLRT Processing .\RedBoxHandler.idl
5>RedBoxHandler.idl
5>64 bit MIDLRT Processing .\ReactNativeHost.idl
5>ReactNativeHost.idl
5>64 bit MIDLRT Processing C:\Users\Adam\Code\locallib\node_modules\react-native-windows\Microsoft.ReactNative\ReactCoreInjection.idl
5>ReactCoreInjection.idl
5>64 bit MIDLRT Processing C:\Program Files (x86)\Windows Kits\10\Include\10.0.19041.0\winrt\winrtbase.idl
5>winrtbase.idl
5>64 bit MIDLRT Processing C:\Program Files (x86)\Windows Kits\10\Include\10.0.19041.0\winrt\midlbase.idl
5>midlbase.idl
5>Processing WinMD c:\users\adam\.nuget\packages\microsoft.ui.xaml\2.8.0\lib\uap10.0\microsoft.ui.xaml.winmd
5>Processing WinMD c:\users\adam\.nuget\packages\microsoft.web.webview2\1.0.1264.42\lib\microsoft.web.webview2.core.winmd
5>Processing WinMD c:\program files (x86)\windows kits\10\references\10.0.19041.0\windows.ai.machinelearning.machinelearningcontract\3.0.0.0\windows.ai.machinelearning.machinelearningcontract.winmd
5>Processing WinMD c:\program files (x86)\windows kits\10\references\10.0.19041.0\windows.ai.machinelearning.preview.machinelearningpreviewcontract\2.0.0.0\windows.ai.machinelearning.preview.machinelearningpreviewcontract.winmd
5>Processing WinMD c:\program files (x86)\windows kits\10\references\10.0.19041.0\windows.applicationmodel.calls.background.callsbackgroundcontract\2.0.0.0\windows.applicationmodel.calls.background.callsbackgroundcontract.winmd
5>Processing WinMD c:\program files (x86)\windows kits\10\references\10.0.19041.0\windows.applicationmodel.calls.callsphonecontract\5.0.0.0\windows.applicationmodel.calls.callsphonecontract.winmd
5>Processing WinMD c:\program files (x86)\windows kits\10\references\10.0.19041.0\windows.applicationmodel.calls.callsvoipcontract\4.0.0.0\windows.applicationmodel.calls.callsvoipcontract.winmd
5>Processing WinMD c:\program files (x86)\windows kits\10\references\10.0.19041.0\windows.applicationmodel.communicationblocking.communicationblockingcontract\2.0.0.0\windows.applicationmodel.communicationblocking.communicationblockingcontract.winmd
5>Processing WinMD c:\program files (x86)\windows kits\10\references\10.0.19041.0\windows.applicationmodel.socialinfo.socialinfocontract\2.0.0.0\windows.applicationmodel.socialinfo.socialinfocontract.winmd
5>Processing WinMD c:\program files (x86)\windows kits\10\references\10.0.19041.0\windows.applicationmodel.startuptaskcontract\3.0.0.0\windows.applicationmodel.startuptaskcontract.winmd
5>Processing WinMD c:\program files (x86)\windows kits\10\references\10.0.19041.0\windows.devices.custom.customdevicecontract\1.0.0.0\windows.devices.custom.customdevicecontract.winmd
5>Processing WinMD c:\program files (x86)\windows kits\10\references\10.0.19041.0\windows.devices.deviceslowlevelcontract\3.0.0.0\windows.devices.deviceslowlevelcontract.winmd
5>Processing WinMD c:\program files (x86)\windows kits\10\references\10.0.19041.0\windows.devices.printers.printerscontract\1.0.0.0\windows.devices.printers.printerscontract.winmd
5>Processing WinMD c:\program files (x86)\windows kits\10\references\10.0.19041.0\windows.devices.smartcards.smartcardbackgroundtriggercontract\3.0.0.0\windows.devices.smartcards.smartcardbackgroundtriggercontract.winmd
5>Processing WinMD c:\program files (x86)\windows kits\10\references\10.0.19041.0\windows.devices.smartcards.smartcardemulatorcontract\6.0.0.0\windows.devices.smartcards.smartcardemulatorcontract.winmd
5>Processing WinMD c:\program files (x86)\windows kits\10\references\10.0.19041.0\windows.foundation.foundationcontract\4.0.0.0\windows.foundation.foundationcontract.winmd
5>Processing WinMD c:\program files (x86)\windows kits\10\references\10.0.19041.0\windows.foundation.universalapicontract\10.0.0.0\windows.foundation.universalapicontract.winmd
5>Processing WinMD c:\program files (x86)\windows kits\10\references\10.0.19041.0\windows.gaming.xboxlive.storageapicontract\1.0.0.0\windows.gaming.xboxlive.storageapicontract.winmd
5>Processing WinMD c:\program files (x86)\windows kits\10\references\10.0.19041.0\windows.graphics.printing3d.printing3dcontract\4.0.0.0\windows.graphics.printing3d.printing3dcontract.winmd
5>Processing WinMD c:\program files (x86)\windows kits\10\references\10.0.19041.0\windows.networking.connectivity.wwancontract\2.0.0.0\windows.networking.connectivity.wwancontract.winmd
5>Processing WinMD c:\program files (x86)\windows kits\10\references\10.0.19041.0\windows.networking.sockets.controlchanneltriggercontract\3.0.0.0\windows.networking.sockets.controlchanneltriggercontract.winmd
5>Processing WinMD c:\program files (x86)\windows kits\10\references\10.0.19041.0\windows.security.isolation.isolatedwindowsenvironmentcontract\2.0.0.0\windows.security.isolation.isolatedwindowsenvironmentcontract.winmd
5>Processing WinMD c:\program files (x86)\windows kits\10\references\10.0.19041.0\windows.services.maps.guidancecontract\3.0.0.0\windows.services.maps.guidancecontract.winmd
5>Processing WinMD c:\program files (x86)\windows kits\10\references\10.0.19041.0\windows.services.maps.localsearchcontract\4.0.0.0\windows.services.maps.localsearchcontract.winmd
5>Processing WinMD c:\program files (x86)\windows kits\10\references\10.0.19041.0\windows.services.store.storecontract\4.0.0.0\windows.services.store.storecontract.winmd
5>Processing WinMD c:\program files (x86)\windows kits\10\references\10.0.19041.0\windows.services.targetedcontent.targetedcontentcontract\1.0.0.0\windows.services.targetedcontent.targetedcontentcontract.winmd
5>Processing WinMD c:\program files (x86)\windows kits\10\references\10.0.19041.0\windows.storage.provider.cloudfilescontract\4.0.0.0\windows.storage.provider.cloudfilescontract.winmd
5>Processing WinMD c:\program files (x86)\windows kits\10\references\10.0.19041.0\windows.system.profile.profilehardwaretokencontract\1.0.0.0\windows.system.profile.profilehardwaretokencontract.winmd
5>Processing WinMD c:\program files (x86)\windows kits\10\references\10.0.19041.0\windows.system.profile.profilesharedmodecontract\2.0.0.0\windows.system.profile.profilesharedmodecontract.winmd
5>Processing WinMD c:\program files (x86)\windows kits\10\references\10.0.19041.0\windows.system.profile.systemmanufacturers.systemmanufacturerscontract\3.0.0.0\windows.system.profile.systemmanufacturers.systemmanufacturerscontract.winmd
5>Processing WinMD c:\program files (x86)\windows kits\10\references\10.0.19041.0\windows.system.systemmanagementcontract\7.0.0.0\windows.system.systemmanagementcontract.winmd
5>Processing WinMD c:\program files (x86)\windows kits\10\references\10.0.19041.0\windows.ui.viewmanagement.viewmanagementviewscalingcontract\1.0.0.0\windows.ui.viewmanagement.viewmanagementviewscalingcontract.winmd
5>Processing WinMD c:\program files (x86)\windows kits\10\references\10.0.19041.0\windows.ui.xaml.core.direct.xamldirectcontract\2.0.0.0\windows.ui.xaml.core.direct.xamldirectcontract.winmd
5>64 bit MIDLRT Processing .\IReactContext.idl
5>IReactContext.idl
5>64 bit MIDLRT Processing .\IJSValueWriter.idl
5>IJSValueWriter.idl
5>64 bit MIDLRT Processing .\DocString.idl
5>DocString.idl
5>64 bit MIDLRT Processing .\IReactNotificationService.idl
5>IReactNotificationService.idl
5>64 bit MIDLRT Processing .\IReactDispatcher.idl
5>IReactDispatcher.idl
5>64 bit MIDLRT Processing .\IReactPropertyBag.idl
5>IReactPropertyBag.idl
5>64 bit MIDLRT Processing .\ReactNativeHost.idl
5>ReactNativeHost.idl
5>64 bit MIDLRT Processing .\IReactPackageProvider.idl
5>IReactPackageProvider.idl
5>64 bit MIDLRT Processing .\IReactPackageBuilder.idl
5>IReactPackageBuilder.idl
5>64 bit MIDLRT Processing .\IReactModuleBuilder.idl
5>IReactModuleBuilder.idl
5>64 bit MIDLRT Processing .\IJSValueReader.idl
5>IJSValueReader.idl
5>64 bit MIDLRT Processing .\IViewManager.idl
5>IViewManager.idl
5>64 bit MIDLRT Processing .\IViewManagerCore.idl
5>IViewManagerCore.idl
5>64 bit MIDLRT Processing .\ReactPointerEventArgs.idl
5>ReactPointerEventArgs.idl
5>64 bit MIDLRT Processing .\ReactInstanceSettings.idl
5>ReactInstanceSettings.idl
5>64 bit MIDLRT Processing .\RedBoxHandler.idl
5>RedBoxHandler.idl
5>64 bit MIDLRT Processing .\Timer.idl
5>Timer.idl
5>64 bit MIDLRT Processing .\Theme.idl
5>Theme.idl
5>64 bit MIDLRT Processing .\CompositionSwitcher.idl
5>CompositionSwitcher.idl
5>64 bit MIDLRT Processing C:\Users\Adam\Code\locallib\node_modules\react-native-windows\Microsoft.ReactNative\ReactInstanceSettings.idl
5>ReactInstanceSettings.idl
5>64 bit MIDLRT Processing C:\Program Files (x86)\Windows Kits\10\Include\10.0.19041.0\winrt\winrtbase.idl
5>winrtbase.idl
5>64 bit MIDLRT Processing C:\Program Files (x86)\Windows Kits\10\Include\10.0.19041.0\winrt\midlbase.idl
5>midlbase.idl
5>Processing WinMD c:\users\adam\.nuget\packages\microsoft.ui.xaml\2.8.0\lib\uap10.0\microsoft.ui.xaml.winmd
5>Processing WinMD c:\users\adam\.nuget\packages\microsoft.web.webview2\1.0.1264.42\lib\microsoft.web.webview2.core.winmd
5>Processing WinMD c:\program files (x86)\windows kits\10\references\10.0.19041.0\windows.ai.machinelearning.machinelearningcontract\3.0.0.0\windows.ai.machinelearning.machinelearningcontract.winmd
5>Processing WinMD c:\program files (x86)\windows kits\10\references\10.0.19041.0\windows.ai.machinelearning.preview.machinelearningpreviewcontract\2.0.0.0\windows.ai.machinelearning.preview.machinelearningpreviewcontract.winmd
5>Processing WinMD c:\program files (x86)\windows kits\10\references\10.0.19041.0\windows.applicationmodel.calls.background.callsbackgroundcontract\2.0.0.0\windows.applicationmodel.calls.background.callsbackgroundcontract.winmd
5>Processing WinMD c:\program files (x86)\windows kits\10\references\10.0.19041.0\windows.applicationmodel.calls.callsphonecontract\5.0.0.0\windows.applicationmodel.calls.callsphonecontract.winmd
5>Processing WinMD c:\program files (x86)\windows kits\10\references\10.0.19041.0\windows.applicationmodel.calls.callsvoipcontract\4.0.0.0\windows.applicationmodel.calls.callsvoipcontract.winmd
5>Processing WinMD c:\program files (x86)\windows kits\10\references\10.0.19041.0\windows.applicationmodel.communicationblocking.communicationblockingcontract\2.0.0.0\windows.applicationmodel.communicationblocking.communicationblockingcontract.winmd
5>Processing WinMD c:\program files (x86)\windows kits\10\references\10.0.19041.0\windows.applicationmodel.socialinfo.socialinfocontract\2.0.0.0\windows.applicationmodel.socialinfo.socialinfocontract.winmd
5>Processing WinMD c:\program files (x86)\windows kits\10\references\10.0.19041.0\windows.applicationmodel.startuptaskcontract\3.0.0.0\windows.applicationmodel.startuptaskcontract.winmd
5>Processing WinMD c:\program files (x86)\windows kits\10\references\10.0.19041.0\windows.devices.custom.customdevicecontract\1.0.0.0\windows.devices.custom.customdevicecontract.winmd
5>Processing WinMD c:\program files (x86)\windows kits\10\references\10.0.19041.0\windows.devices.deviceslowlevelcontract\3.0.0.0\windows.devices.deviceslowlevelcontract.winmd
5>Processing WinMD c:\program files (x86)\windows kits\10\references\10.0.19041.0\windows.devices.printers.printerscontract\1.0.0.0\windows.devices.printers.printerscontract.winmd
5>Processing WinMD c:\program files (x86)\windows kits\10\references\10.0.19041.0\windows.devices.smartcards.smartcardbackgroundtriggercontract\3.0.0.0\windows.devices.smartcards.smartcardbackgroundtriggercontract.winmd
5>Processing WinMD c:\program files (x86)\windows kits\10\references\10.0.19041.0\windows.devices.smartcards.smartcardemulatorcontract\6.0.0.0\windows.devices.smartcards.smartcardemulatorcontract.winmd
5>Processing WinMD c:\program files (x86)\windows kits\10\references\10.0.19041.0\windows.foundation.foundationcontract\4.0.0.0\windows.foundation.foundationcontract.winmd
5>Processing WinMD c:\program files (x86)\windows kits\10\references\10.0.19041.0\windows.foundation.universalapicontract\10.0.0.0\windows.foundation.universalapicontract.winmd
5>Processing WinMD c:\program files (x86)\windows kits\10\references\10.0.19041.0\windows.gaming.xboxlive.storageapicontract\1.0.0.0\windows.gaming.xboxlive.storageapicontract.winmd
5>Processing WinMD c:\program files (x86)\windows kits\10\references\10.0.19041.0\windows.graphics.printing3d.printing3dcontract\4.0.0.0\windows.graphics.printing3d.printing3dcontract.winmd
5>Processing WinMD c:\program files (x86)\windows kits\10\references\10.0.19041.0\windows.networking.connectivity.wwancontract\2.0.0.0\windows.networking.connectivity.wwancontract.winmd
5>Processing WinMD c:\program files (x86)\windows kits\10\references\10.0.19041.0\windows.networking.sockets.controlchanneltriggercontract\3.0.0.0\windows.networking.sockets.controlchanneltriggercontract.winmd
5>Processing WinMD c:\program files (x86)\windows kits\10\references\10.0.19041.0\windows.security.isolation.isolatedwindowsenvironmentcontract\2.0.0.0\windows.security.isolation.isolatedwindowsenvironmentcontract.winmd
5>Processing WinMD c:\program files (x86)\windows kits\10\references\10.0.19041.0\windows.services.maps.guidancecontract\3.0.0.0\windows.services.maps.guidancecontract.winmd
5>Processing WinMD c:\program files (x86)\windows kits\10\references\10.0.19041.0\windows.services.maps.localsearchcontract\4.0.0.0\windows.services.maps.localsearchcontract.winmd
5>Processing WinMD c:\program files (x86)\windows kits\10\references\10.0.19041.0\windows.services.store.storecontract\4.0.0.0\windows.services.store.storecontract.winmd
5>Processing WinMD c:\program files (x86)\windows kits\10\references\10.0.19041.0\windows.services.targetedcontent.targetedcontentcontract\1.0.0.0\windows.services.targetedcontent.targetedcontentcontract.winmd
5>Processing WinMD c:\program files (x86)\windows kits\10\references\10.0.19041.0\windows.storage.provider.cloudfilescontract\4.0.0.0\windows.storage.provider.cloudfilescontract.winmd
5>Processing WinMD c:\program files (x86)\windows kits\10\references\10.0.19041.0\windows.system.profile.profilehardwaretokencontract\1.0.0.0\windows.system.profile.profilehardwaretokencontract.winmd
5>Processing WinMD c:\program files (x86)\windows kits\10\references\10.0.19041.0\windows.system.profile.profilesharedmodecontract\2.0.0.0\windows.system.profile.profilesharedmodecontract.winmd
5>Processing WinMD c:\program files (x86)\windows kits\10\references\10.0.19041.0\windows.system.profile.systemmanufacturers.systemmanufacturerscontract\3.0.0.0\windows.system.profile.systemmanufacturers.systemmanufacturerscontract.winmd
5>Processing WinMD c:\program files (x86)\windows kits\10\references\10.0.19041.0\windows.system.systemmanagementcontract\7.0.0.0\windows.system.systemmanagementcontract.winmd
5>Processing WinMD c:\program files (x86)\windows kits\10\references\10.0.19041.0\windows.ui.viewmanagement.viewmanagementviewscalingcontract\1.0.0.0\windows.ui.viewmanagement.viewmanagementviewscalingcontract.winmd
5>Processing WinMD c:\program files (x86)\windows kits\10\references\10.0.19041.0\windows.ui.xaml.core.direct.xamldirectcontract\2.0.0.0\windows.ui.xaml.core.direct.xamldirectcontract.winmd
5>64 bit MIDLRT Processing .\IReactContext.idl
5>IReactContext.idl
5>64 bit MIDLRT Processing .\IJSValueWriter.idl
5>IJSValueWriter.idl
5>64 bit MIDLRT Processing .\DocString.idl
5>DocString.idl
5>64 bit MIDLRT Processing .\IReactNotificationService.idl
5>IReactNotificationService.idl
5>64 bit MIDLRT Processing .\IReactDispatcher.idl
5>IReactDispatcher.idl
5>64 bit MIDLRT Processing .\IReactPropertyBag.idl
5>IReactPropertyBag.idl
5>64 bit MIDLRT Processing .\IReactPackageProvider.idl
5>IReactPackageProvider.idl
5>64 bit MIDLRT Processing .\IReactPackageBuilder.idl
5>IReactPackageBuilder.idl
5>64 bit MIDLRT Processing .\IReactModuleBuilder.idl
5>IReactModuleBuilder.idl
5>64 bit MIDLRT Processing .\IJSValueReader.idl
5>IJSValueReader.idl
5>64 bit MIDLRT Processing .\IViewManager.idl
5>IViewManager.idl
5>64 bit MIDLRT Processing .\IViewManagerCore.idl
5>IViewManagerCore.idl
5>64 bit MIDLRT Processing .\ReactPointerEventArgs.idl
5>ReactPointerEventArgs.idl
5>64 bit MIDLRT Processing .\RedBoxHandler.idl
5>RedBoxHandler.idl
5>64 bit MIDLRT Processing .\ReactNativeHost.idl
5>ReactNativeHost.idl
5>64 bit MIDLRT Processing C:\Users\Adam\Code\locallib\node_modules\react-native-windows\Microsoft.ReactNative\ReactNativeHost.idl
5>ReactNativeHost.idl
5>64 bit MIDLRT Processing C:\Program Files (x86)\Windows Kits\10\Include\10.0.19041.0\winrt\winrtbase.idl
5>winrtbase.idl
5>64 bit MIDLRT Processing C:\Program Files (x86)\Windows Kits\10\Include\10.0.19041.0\winrt\midlbase.idl
5>midlbase.idl
5>Processing WinMD c:\users\adam\.nuget\packages\microsoft.ui.xaml\2.8.0\lib\uap10.0\microsoft.ui.xaml.winmd
5>Processing WinMD c:\users\adam\.nuget\packages\microsoft.web.webview2\1.0.1264.42\lib\microsoft.web.webview2.core.winmd
5>Processing WinMD c:\program files (x86)\windows kits\10\references\10.0.19041.0\windows.ai.machinelearning.machinelearningcontract\3.0.0.0\windows.ai.machinelearning.machinelearningcontract.winmd
5>Processing WinMD c:\program files (x86)\windows kits\10\references\10.0.19041.0\windows.ai.machinelearning.preview.machinelearningpreviewcontract\2.0.0.0\windows.ai.machinelearning.preview.machinelearningpreviewcontract.winmd
5>Processing WinMD c:\program files (x86)\windows kits\10\references\10.0.19041.0\windows.applicationmodel.calls.background.callsbackgroundcontract\2.0.0.0\windows.applicationmodel.calls.background.callsbackgroundcontract.winmd
5>Processing WinMD c:\program files (x86)\windows kits\10\references\10.0.19041.0\windows.applicationmodel.calls.callsphonecontract\5.0.0.0\windows.applicationmodel.calls.callsphonecontract.winmd
5>Processing WinMD c:\program files (x86)\windows kits\10\references\10.0.19041.0\windows.applicationmodel.calls.callsvoipcontract\4.0.0.0\windows.applicationmodel.calls.callsvoipcontract.winmd
5>Processing WinMD c:\program files (x86)\windows kits\10\references\10.0.19041.0\windows.applicationmodel.communicationblocking.communicationblockingcontract\2.0.0.0\windows.applicationmodel.communicationblocking.communicationblockingcontract.winmd
5>Processing WinMD c:\program files (x86)\windows kits\10\references\10.0.19041.0\windows.applicationmodel.socialinfo.socialinfocontract\2.0.0.0\windows.applicationmodel.socialinfo.socialinfocontract.winmd
5>Processing WinMD c:\program files (x86)\windows kits\10\references\10.0.19041.0\windows.applicationmodel.startuptaskcontract\3.0.0.0\windows.applicationmodel.startuptaskcontract.winmd
5>Processing WinMD c:\program files (x86)\windows kits\10\references\10.0.19041.0\windows.devices.custom.customdevicecontract\1.0.0.0\windows.devices.custom.customdevicecontract.winmd
5>Processing WinMD c:\program files (x86)\windows kits\10\references\10.0.19041.0\windows.devices.deviceslowlevelcontract\3.0.0.0\windows.devices.deviceslowlevelcontract.winmd
5>Processing WinMD c:\program files (x86)\windows kits\10\references\10.0.19041.0\windows.devices.printers.printerscontract\1.0.0.0\windows.devices.printers.printerscontract.winmd
5>Processing WinMD c:\program files (x86)\windows kits\10\references\10.0.19041.0\windows.devices.smartcards.smartcardbackgroundtriggercontract\3.0.0.0\windows.devices.smartcards.smartcardbackgroundtriggercontract.winmd
5>Processing WinMD c:\program files (x86)\windows kits\10\references\10.0.19041.0\windows.devices.smartcards.smartcardemulatorcontract\6.0.0.0\windows.devices.smartcards.smartcardemulatorcontract.winmd
5>Processing WinMD c:\program files (x86)\windows kits\10\references\10.0.19041.0\windows.foundation.foundationcontract\4.0.0.0\windows.foundation.foundationcontract.winmd
5>Processing WinMD c:\program files (x86)\windows kits\10\references\10.0.19041.0\windows.foundation.universalapicontract\10.0.0.0\windows.foundation.universalapicontract.winmd
5>Processing WinMD c:\program files (x86)\windows kits\10\references\10.0.19041.0\windows.gaming.xboxlive.storageapicontract\1.0.0.0\windows.gaming.xboxlive.storageapicontract.winmd
5>Processing WinMD c:\program files (x86)\windows kits\10\references\10.0.19041.0\windows.graphics.printing3d.printing3dcontract\4.0.0.0\windows.graphics.printing3d.printing3dcontract.winmd
5>Processing WinMD c:\program files (x86)\windows kits\10\references\10.0.19041.0\windows.networking.connectivity.wwancontract\2.0.0.0\windows.networking.connectivity.wwancontract.winmd
5>Processing WinMD c:\program files (x86)\windows kits\10\references\10.0.19041.0\windows.networking.sockets.controlchanneltriggercontract\3.0.0.0\windows.networking.sockets.controlchanneltriggercontract.winmd
5>Processing WinMD c:\program files (x86)\windows kits\10\references\10.0.19041.0\windows.security.isolation.isolatedwindowsenvironmentcontract\2.0.0.0\windows.security.isolation.isolatedwindowsenvironmentcontract.winmd
5>Processing WinMD c:\program files (x86)\windows kits\10\references\10.0.19041.0\windows.services.maps.guidancecontract\3.0.0.0\windows.services.maps.guidancecontract.winmd
5>Processing WinMD c:\program files (x86)\windows kits\10\references\10.0.19041.0\windows.services.maps.localsearchcontract\4.0.0.0\windows.services.maps.localsearchcontract.winmd
5>Processing WinMD c:\program files (x86)\windows kits\10\references\10.0.19041.0\windows.services.store.storecontract\4.0.0.0\windows.services.store.storecontract.winmd
5>Processing WinMD c:\program files (x86)\windows kits\10\references\10.0.19041.0\windows.services.targetedcontent.targetedcontentcontract\1.0.0.0\windows.services.targetedcontent.targetedcontentcontract.winmd
5>Processing WinMD c:\program files (x86)\windows kits\10\references\10.0.19041.0\windows.storage.provider.cloudfilescontract\4.0.0.0\windows.storage.provider.cloudfilescontract.winmd
5>Processing WinMD c:\program files (x86)\windows kits\10\references\10.0.19041.0\windows.system.profile.profilehardwaretokencontract\1.0.0.0\windows.system.profile.profilehardwaretokencontract.winmd
5>Processing WinMD c:\program files (x86)\windows kits\10\references\10.0.19041.0\windows.system.profile.profilesharedmodecontract\2.0.0.0\windows.system.profile.profilesharedmodecontract.winmd
5>Processing WinMD c:\program files (x86)\windows kits\10\references\10.0.19041.0\windows.system.profile.systemmanufacturers.systemmanufacturerscontract\3.0.0.0\windows.system.profile.systemmanufacturers.systemmanufacturerscontract.winmd
5>Processing WinMD c:\program files (x86)\windows kits\10\references\10.0.19041.0\windows.system.systemmanagementcontract\7.0.0.0\windows.system.systemmanagementcontract.winmd
5>Processing WinMD c:\program files (x86)\windows kits\10\references\10.0.19041.0\windows.ui.viewmanagement.viewmanagementviewscalingcontract\1.0.0.0\windows.ui.viewmanagement.viewmanagementviewscalingcontract.winmd
5>Processing WinMD c:\program files (x86)\windows kits\10\references\10.0.19041.0\windows.ui.xaml.core.direct.xamldirectcontract\2.0.0.0\windows.ui.xaml.core.direct.xamldirectcontract.winmd
5>64 bit MIDLRT Processing .\IReactPackageProvider.idl
5>IReactPackageProvider.idl
5>64 bit MIDLRT Processing .\IReactPackageBuilder.idl
5>IReactPackageBuilder.idl
5>64 bit MIDLRT Processing .\IReactContext.idl
5>IReactContext.idl
5>64 bit MIDLRT Processing .\IJSValueWriter.idl
5>IJSValueWriter.idl
5>64 bit MIDLRT Processing .\DocString.idl
5>DocString.idl
5>64 bit MIDLRT Processing .\IReactNotificationService.idl
5>IReactNotificationService.idl
5>64 bit MIDLRT Processing .\IReactDispatcher.idl
5>IReactDispatcher.idl
5>64 bit MIDLRT Processing .\IReactPropertyBag.idl
5>IReactPropertyBag.idl
5>64 bit MIDLRT Processing .\IReactModuleBuilder.idl
5>IReactModuleBuilder.idl
5>64 bit MIDLRT Processing .\IJSValueReader.idl
5>IJSValueReader.idl
5>64 bit MIDLRT Processing .\IViewManager.idl
5>IViewManager.idl
5>64 bit MIDLRT Processing .\IViewManagerCore.idl
5>IViewManagerCore.idl
5>64 bit MIDLRT Processing .\ReactPointerEventArgs.idl
5>ReactPointerEventArgs.idl
5>64 bit MIDLRT Processing .\ReactInstanceSettings.idl
5>ReactInstanceSettings.idl
5>64 bit MIDLRT Processing .\RedBoxHandler.idl
5>RedBoxHandler.idl
5>64 bit MIDLRT Processing C:\Users\Adam\Code\locallib\node_modules\react-native-windows\Microsoft.ReactNative\RedBoxHandler.idl
5>RedBoxHandler.idl
5>64 bit MIDLRT Processing C:\Program Files (x86)\Windows Kits\10\Include\10.0.19041.0\winrt\winrtbase.idl
5>winrtbase.idl
5>64 bit MIDLRT Processing C:\Program Files (x86)\Windows Kits\10\Include\10.0.19041.0\winrt\midlbase.idl
5>midlbase.idl
5>Processing WinMD c:\users\adam\.nuget\packages\microsoft.ui.xaml\2.8.0\lib\uap10.0\microsoft.ui.xaml.winmd
5>Processing WinMD c:\users\adam\.nuget\packages\microsoft.web.webview2\1.0.1264.42\lib\microsoft.web.webview2.core.winmd
5>Processing WinMD c:\program files (x86)\windows kits\10\references\10.0.19041.0\windows.ai.machinelearning.machinelearningcontract\3.0.0.0\windows.ai.machinelearning.machinelearningcontract.winmd
5>Processing WinMD c:\program files (x86)\windows kits\10\references\10.0.19041.0\windows.ai.machinelearning.preview.machinelearningpreviewcontract\2.0.0.0\windows.ai.machinelearning.preview.machinelearningpreviewcontract.winmd
5>Processing WinMD c:\program files (x86)\windows kits\10\references\10.0.19041.0\windows.applicationmodel.calls.background.callsbackgroundcontract\2.0.0.0\windows.applicationmodel.calls.background.callsbackgroundcontract.winmd
5>Processing WinMD c:\program files (x86)\windows kits\10\references\10.0.19041.0\windows.applicationmodel.calls.callsphonecontract\5.0.0.0\windows.applicationmodel.calls.callsphonecontract.winmd
5>Processing WinMD c:\program files (x86)\windows kits\10\references\10.0.19041.0\windows.applicationmodel.calls.callsvoipcontract\4.0.0.0\windows.applicationmodel.calls.callsvoipcontract.winmd
5>Processing WinMD c:\program files (x86)\windows kits\10\references\10.0.19041.0\windows.applicationmodel.communicationblocking.communicationblockingcontract\2.0.0.0\windows.applicationmodel.communicationblocking.communicationblockingcontract.winmd
5>Processing WinMD c:\program files (x86)\windows kits\10\references\10.0.19041.0\windows.applicationmodel.socialinfo.socialinfocontract\2.0.0.0\windows.applicationmodel.socialinfo.socialinfocontract.winmd
5>Processing WinMD c:\program files (x86)\windows kits\10\references\10.0.19041.0\windows.applicationmodel.startuptaskcontract\3.0.0.0\windows.applicationmodel.startuptaskcontract.winmd
5>Processing WinMD c:\program files (x86)\windows kits\10\references\10.0.19041.0\windows.devices.custom.customdevicecontract\1.0.0.0\windows.devices.custom.customdevicecontract.winmd
5>Processing WinMD c:\program files (x86)\windows kits\10\references\10.0.19041.0\windows.devices.deviceslowlevelcontract\3.0.0.0\windows.devices.deviceslowlevelcontract.winmd
5>Processing WinMD c:\program files (x86)\windows kits\10\references\10.0.19041.0\windows.devices.printers.printerscontract\1.0.0.0\windows.devices.printers.printerscontract.winmd
5>Processing WinMD c:\program files (x86)\windows kits\10\references\10.0.19041.0\windows.devices.smartcards.smartcardbackgroundtriggercontract\3.0.0.0\windows.devices.smartcards.smartcardbackgroundtriggercontract.winmd
5>Processing WinMD c:\program files (x86)\windows kits\10\references\10.0.19041.0\windows.devices.smartcards.smartcardemulatorcontract\6.0.0.0\windows.devices.smartcards.smartcardemulatorcontract.winmd
5>Processing WinMD c:\program files (x86)\windows kits\10\references\10.0.19041.0\windows.foundation.foundationcontract\4.0.0.0\windows.foundation.foundationcontract.winmd
5>Processing WinMD c:\program files (x86)\windows kits\10\references\10.0.19041.0\windows.foundation.universalapicontract\10.0.0.0\windows.foundation.universalapicontract.winmd
5>Processing WinMD c:\program files (x86)\windows kits\10\references\10.0.19041.0\windows.gaming.xboxlive.storageapicontract\1.0.0.0\windows.gaming.xboxlive.storageapicontract.winmd
5>Processing WinMD c:\program files (x86)\windows kits\10\references\10.0.19041.0\windows.graphics.printing3d.printing3dcontract\4.0.0.0\windows.graphics.printing3d.printing3dcontract.winmd
5>Processing WinMD c:\program files (x86)\windows kits\10\references\10.0.19041.0\windows.networking.connectivity.wwancontract\2.0.0.0\windows.networking.connectivity.wwancontract.winmd
5>Processing WinMD c:\program files (x86)\windows kits\10\references\10.0.19041.0\windows.networking.sockets.controlchanneltriggercontract\3.0.0.0\windows.networking.sockets.controlchanneltriggercontract.winmd
5>Processing WinMD c:\program files (x86)\windows kits\10\references\10.0.19041.0\windows.security.isolation.isolatedwindowsenvironmentcontract\2.0.0.0\windows.security.isolation.isolatedwindowsenvironmentcontract.winmd
5>Processing WinMD c:\program files (x86)\windows kits\10\references\10.0.19041.0\windows.services.maps.guidancecontract\3.0.0.0\windows.services.maps.guidancecontract.winmd
5>Processing WinMD c:\program files (x86)\windows kits\10\references\10.0.19041.0\windows.services.maps.localsearchcontract\4.0.0.0\windows.services.maps.localsearchcontract.winmd
5>Processing WinMD c:\program files (x86)\windows kits\10\references\10.0.19041.0\windows.services.store.storecontract\4.0.0.0\windows.services.store.storecontract.winmd
5>Processing WinMD c:\program files (x86)\windows kits\10\references\10.0.19041.0\windows.services.targetedcontent.targetedcontentcontract\1.0.0.0\windows.services.targetedcontent.targetedcontentcontract.winmd
5>Processing WinMD c:\program files (x86)\windows kits\10\references\10.0.19041.0\windows.storage.provider.cloudfilescontract\4.0.0.0\windows.storage.provider.cloudfilescontract.winmd
5>Processing WinMD c:\program files (x86)\windows kits\10\references\10.0.19041.0\windows.system.profile.profilehardwaretokencontract\1.0.0.0\windows.system.profile.profilehardwaretokencontract.winmd
5>Processing WinMD c:\program files (x86)\windows kits\10\references\10.0.19041.0\windows.system.profile.profilesharedmodecontract\2.0.0.0\windows.system.profile.profilesharedmodecontract.winmd
5>Processing WinMD c:\program files (x86)\windows kits\10\references\10.0.19041.0\windows.system.profile.systemmanufacturers.systemmanufacturerscontract\3.0.0.0\windows.system.profile.systemmanufacturers.systemmanufacturerscontract.winmd
5>Processing WinMD c:\program files (x86)\windows kits\10\references\10.0.19041.0\windows.system.systemmanagementcontract\7.0.0.0\windows.system.systemmanagementcontract.winmd
5>Processing WinMD c:\program files (x86)\windows kits\10\references\10.0.19041.0\windows.ui.viewmanagement.viewmanagementviewscalingcontract\1.0.0.0\windows.ui.viewmanagement.viewmanagementviewscalingcontract.winmd
5>Processing WinMD c:\program files (x86)\windows kits\10\references\10.0.19041.0\windows.ui.xaml.core.direct.xamldirectcontract\2.0.0.0\windows.ui.xaml.core.direct.xamldirectcontract.winmd
5>64 bit MIDLRT Processing .\ReactNativeHost.idl
5>ReactNativeHost.idl
5>64 bit MIDLRT Processing .\IReactPackageProvider.idl
5>IReactPackageProvider.idl
5>64 bit MIDLRT Processing .\IReactPackageBuilder.idl
5>IReactPackageBuilder.idl
5>64 bit MIDLRT Processing .\IReactContext.idl
5>IReactContext.idl
5>64 bit MIDLRT Processing .\IJSValueWriter.idl
5>IJSValueWriter.idl
5>64 bit MIDLRT Processing .\DocString.idl
5>DocString.idl
5>64 bit MIDLRT Processing .\IReactNotificationService.idl
5>IReactNotificationService.idl
5>64 bit MIDLRT Processing .\IReactDispatcher.idl
5>IReactDispatcher.idl
5>64 bit MIDLRT Processing .\IReactPropertyBag.idl
5>IReactPropertyBag.idl
5>64 bit MIDLRT Processing .\IReactModuleBuilder.idl
5>IReactModuleBuilder.idl
5>64 bit MIDLRT Processing .\IJSValueReader.idl
5>IJSValueReader.idl
5>64 bit MIDLRT Processing .\IViewManager.idl
5>IViewManager.idl
5>64 bit MIDLRT Processing .\IViewManagerCore.idl
5>IViewManagerCore.idl
5>64 bit MIDLRT Processing .\ReactPointerEventArgs.idl
5>ReactPointerEventArgs.idl
5>64 bit MIDLRT Processing .\ReactInstanceSettings.idl
5>ReactInstanceSettings.idl
5>64 bit MIDLRT Processing C:\Users\Adam\Code\locallib\node_modules\react-native-windows\Microsoft.ReactNative\Timer.idl
5>Timer.idl
5>64 bit MIDLRT Processing C:\Program Files (x86)\Windows Kits\10\Include\10.0.19041.0\winrt\winrtbase.idl
5>winrtbase.idl
5>64 bit MIDLRT Processing C:\Program Files (x86)\Windows Kits\10\Include\10.0.19041.0\winrt\midlbase.idl
5>midlbase.idl
5>Processing WinMD c:\users\adam\.nuget\packages\microsoft.ui.xaml\2.8.0\lib\uap10.0\microsoft.ui.xaml.winmd
5>Processing WinMD c:\users\adam\.nuget\packages\microsoft.web.webview2\1.0.1264.42\lib\microsoft.web.webview2.core.winmd
5>Processing WinMD c:\program files (x86)\windows kits\10\references\10.0.19041.0\windows.ai.machinelearning.machinelearningcontract\3.0.0.0\windows.ai.machinelearning.machinelearningcontract.winmd
5>Processing WinMD c:\program files (x86)\windows kits\10\references\10.0.19041.0\windows.ai.machinelearning.preview.machinelearningpreviewcontract\2.0.0.0\windows.ai.machinelearning.preview.machinelearningpreviewcontract.winmd
5>Processing WinMD c:\program files (x86)\windows kits\10\references\10.0.19041.0\windows.applicationmodel.calls.background.callsbackgroundcontract\2.0.0.0\windows.applicationmodel.calls.background.callsbackgroundcontract.winmd
5>Processing WinMD c:\program files (x86)\windows kits\10\references\10.0.19041.0\windows.applicationmodel.calls.callsphonecontract\5.0.0.0\windows.applicationmodel.calls.callsphonecontract.winmd
5>Processing WinMD c:\program files (x86)\windows kits\10\references\10.0.19041.0\windows.applicationmodel.calls.callsvoipcontract\4.0.0.0\windows.applicationmodel.calls.callsvoipcontract.winmd
5>Processing WinMD c:\program files (x86)\windows kits\10\references\10.0.19041.0\windows.applicationmodel.communicationblocking.communicationblockingcontract\2.0.0.0\windows.applicationmodel.communicationblocking.communicationblockingcontract.winmd
5>Processing WinMD c:\program files (x86)\windows kits\10\references\10.0.19041.0\windows.applicationmodel.socialinfo.socialinfocontract\2.0.0.0\windows.applicationmodel.socialinfo.socialinfocontract.winmd
5>Processing WinMD c:\program files (x86)\windows kits\10\references\10.0.19041.0\windows.applicationmodel.startuptaskcontract\3.0.0.0\windows.applicationmodel.startuptaskcontract.winmd
5>Processing WinMD c:\program files (x86)\windows kits\10\references\10.0.19041.0\windows.devices.custom.customdevicecontract\1.0.0.0\windows.devices.custom.customdevicecontract.winmd
5>Processing WinMD c:\program files (x86)\windows kits\10\references\10.0.19041.0\windows.devices.deviceslowlevelcontract\3.0.0.0\windows.devices.deviceslowlevelcontract.winmd
5>Processing WinMD c:\program files (x86)\windows kits\10\references\10.0.19041.0\windows.devices.printers.printerscontract\1.0.0.0\windows.devices.printers.printerscontract.winmd
5>Processing WinMD c:\program files (x86)\windows kits\10\references\10.0.19041.0\windows.devices.smartcards.smartcardbackgroundtriggercontract\3.0.0.0\windows.devices.smartcards.smartcardbackgroundtriggercontract.winmd
5>Processing WinMD c:\program files (x86)\windows kits\10\references\10.0.19041.0\windows.devices.smartcards.smartcardemulatorcontract\6.0.0.0\windows.devices.smartcards.smartcardemulatorcontract.winmd
5>Processing WinMD c:\program files (x86)\windows kits\10\references\10.0.19041.0\windows.foundation.foundationcontract\4.0.0.0\windows.foundation.foundationcontract.winmd
5>Processing WinMD c:\program files (x86)\windows kits\10\references\10.0.19041.0\windows.foundation.universalapicontract\10.0.0.0\windows.foundation.universalapicontract.winmd
5>Processing WinMD c:\program files (x86)\windows kits\10\references\10.0.19041.0\windows.gaming.xboxlive.storageapicontract\1.0.0.0\windows.gaming.xboxlive.storageapicontract.winmd
5>Processing WinMD c:\program files (x86)\windows kits\10\references\10.0.19041.0\windows.graphics.printing3d.printing3dcontract\4.0.0.0\windows.graphics.printing3d.printing3dcontract.winmd
5>Processing WinMD c:\program files (x86)\windows kits\10\references\10.0.19041.0\windows.networking.connectivity.wwancontract\2.0.0.0\windows.networking.connectivity.wwancontract.winmd
5>Processing WinMD c:\program files (x86)\windows kits\10\references\10.0.19041.0\windows.networking.sockets.controlchanneltriggercontract\3.0.0.0\windows.networking.sockets.controlchanneltriggercontract.winmd
5>Processing WinMD c:\program files (x86)\windows kits\10\references\10.0.19041.0\windows.security.isolation.isolatedwindowsenvironmentcontract\2.0.0.0\windows.security.isolation.isolatedwindowsenvironmentcontract.winmd
5>Processing WinMD c:\program files (x86)\windows kits\10\references\10.0.19041.0\windows.services.maps.guidancecontract\3.0.0.0\windows.services.maps.guidancecontract.winmd
5>Processing WinMD c:\program files (x86)\windows kits\10\references\10.0.19041.0\windows.services.maps.localsearchcontract\4.0.0.0\windows.services.maps.localsearchcontract.winmd
5>Processing WinMD c:\program files (x86)\windows kits\10\references\10.0.19041.0\windows.services.store.storecontract\4.0.0.0\windows.services.store.storecontract.winmd
5>Processing WinMD c:\program files (x86)\windows kits\10\references\10.0.19041.0\windows.services.targetedcontent.targetedcontentcontract\1.0.0.0\windows.services.targetedcontent.targetedcontentcontract.winmd
5>Processing WinMD c:\program files (x86)\windows kits\10\references\10.0.19041.0\windows.storage.provider.cloudfilescontract\4.0.0.0\windows.storage.provider.cloudfilescontract.winmd
5>Processing WinMD c:\program files (x86)\windows kits\10\references\10.0.19041.0\windows.system.profile.profilehardwaretokencontract\1.0.0.0\windows.system.profile.profilehardwaretokencontract.winmd
5>Processing WinMD c:\program files (x86)\windows kits\10\references\10.0.19041.0\windows.system.profile.profilesharedmodecontract\2.0.0.0\windows.system.profile.profilesharedmodecontract.winmd
5>Processing WinMD c:\program files (x86)\windows kits\10\references\10.0.19041.0\windows.system.profile.systemmanufacturers.systemmanufacturerscontract\3.0.0.0\windows.system.profile.systemmanufacturers.systemmanufacturerscontract.winmd
5>Processing WinMD c:\program files (x86)\windows kits\10\references\10.0.19041.0\windows.system.systemmanagementcontract\7.0.0.0\windows.system.systemmanagementcontract.winmd
5>Processing WinMD c:\program files (x86)\windows kits\10\references\10.0.19041.0\windows.ui.viewmanagement.viewmanagementviewscalingcontract\1.0.0.0\windows.ui.viewmanagement.viewmanagementviewscalingcontract.winmd
5>Processing WinMD c:\program files (x86)\windows kits\10\references\10.0.19041.0\windows.ui.xaml.core.direct.xamldirectcontract\2.0.0.0\windows.ui.xaml.core.direct.xamldirectcontract.winmd
5>64 bit MIDLRT Processing .\DocString.idl
5>DocString.idl
5>64 bit MIDLRT Processing .\IJSValueReader.idl
5>IJSValueReader.idl
5>64 bit MIDLRT Processing .\IJSValueWriter.idl
5>IJSValueWriter.idl
5>64 bit MIDLRT Processing .\Theme.idl
5>Theme.idl
5>64 bit MIDLRT Processing .\CompositionSwitcher.idl
5>CompositionSwitcher.idl
5>64 bit MIDLRT Processing .\IReactContext.idl
5>IReactContext.idl
5>64 bit MIDLRT Processing .\IReactNotificationService.idl
5>IReactNotificationService.idl
5>64 bit MIDLRT Processing .\IReactDispatcher.idl
5>IReactDispatcher.idl
5>64 bit MIDLRT Processing .\IReactPropertyBag.idl
5>IReactPropertyBag.idl
5>64 bit MIDLRT Processing .\ReactInstanceSettings.idl
5>ReactInstanceSettings.idl
5>64 bit MIDLRT Processing .\IReactPackageProvider.idl
5>IReactPackageProvider.idl
5>64 bit MIDLRT Processing .\IReactPackageBuilder.idl
5>IReactPackageBuilder.idl
5>64 bit MIDLRT Processing .\IReactModuleBuilder.idl
5>IReactModuleBuilder.idl
5>64 bit MIDLRT Processing .\IViewManager.idl
5>IViewManager.idl
5>64 bit MIDLRT Processing .\IViewManagerCore.idl
5>IViewManagerCore.idl
5>64 bit MIDLRT Processing .\ReactPointerEventArgs.idl
5>ReactPointerEventArgs.idl
5>64 bit MIDLRT Processing .\RedBoxHandler.idl
5>RedBoxHandler.idl
5>64 bit MIDLRT Processing .\ReactNativeHost.idl
5>ReactNativeHost.idl
5>64 bit MIDLRT Processing C:\Users\Adam\Code\locallib\node_modules\react-native-windows\Microsoft.ReactNative\DesktopWindowMessage.idl
5>DesktopWindowMessage.idl
5>64 bit MIDLRT Processing C:\Program Files (x86)\Windows Kits\10\Include\10.0.19041.0\winrt\winrtbase.idl
5>winrtbase.idl
5>64 bit MIDLRT Processing C:\Program Files (x86)\Windows Kits\10\Include\10.0.19041.0\winrt\midlbase.idl
5>midlbase.idl
5>Processing WinMD c:\users\adam\.nuget\packages\microsoft.ui.xaml\2.8.0\lib\uap10.0\microsoft.ui.xaml.winmd
5>Processing WinMD c:\users\adam\.nuget\packages\microsoft.web.webview2\1.0.1264.42\lib\microsoft.web.webview2.core.winmd
5>Processing WinMD c:\program files (x86)\windows kits\10\references\10.0.19041.0\windows.ai.machinelearning.machinelearningcontract\3.0.0.0\windows.ai.machinelearning.machinelearningcontract.winmd
5>Processing WinMD c:\program files (x86)\windows kits\10\references\10.0.19041.0\windows.ai.machinelearning.preview.machinelearningpreviewcontract\2.0.0.0\windows.ai.machinelearning.preview.machinelearningpreviewcontract.winmd
5>Processing WinMD c:\program files (x86)\windows kits\10\references\10.0.19041.0\windows.applicationmodel.calls.background.callsbackgroundcontract\2.0.0.0\windows.applicationmodel.calls.background.callsbackgroundcontract.winmd
5>Processing WinMD c:\program files (x86)\windows kits\10\references\10.0.19041.0\windows.applicationmodel.calls.callsphonecontract\5.0.0.0\windows.applicationmodel.calls.callsphonecontract.winmd
5>Processing WinMD c:\program files (x86)\windows kits\10\references\10.0.19041.0\windows.applicationmodel.calls.callsvoipcontract\4.0.0.0\windows.applicationmodel.calls.callsvoipcontract.winmd
5>Processing WinMD c:\program files (x86)\windows kits\10\references\10.0.19041.0\windows.applicationmodel.communicationblocking.communicationblockingcontract\2.0.0.0\windows.applicationmodel.communicationblocking.communicationblockingcontract.winmd
5>Processing WinMD c:\program files (x86)\windows kits\10\references\10.0.19041.0\windows.applicationmodel.socialinfo.socialinfocontract\2.0.0.0\windows.applicationmodel.socialinfo.socialinfocontract.winmd
5>Processing WinMD c:\program files (x86)\windows kits\10\references\10.0.19041.0\windows.applicationmodel.startuptaskcontract\3.0.0.0\windows.applicationmodel.startuptaskcontract.winmd
5>Processing WinMD c:\program files (x86)\windows kits\10\references\10.0.19041.0\windows.devices.custom.customdevicecontract\1.0.0.0\windows.devices.custom.customdevicecontract.winmd
5>Processing WinMD c:\program files (x86)\windows kits\10\references\10.0.19041.0\windows.devices.deviceslowlevelcontract\3.0.0.0\windows.devices.deviceslowlevelcontract.winmd
5>Processing WinMD c:\program files (x86)\windows kits\10\references\10.0.19041.0\windows.devices.printers.printerscontract\1.0.0.0\windows.devices.printers.printerscontract.winmd
5>Processing WinMD c:\program files (x86)\windows kits\10\references\10.0.19041.0\windows.devices.smartcards.smartcardbackgroundtriggercontract\3.0.0.0\windows.devices.smartcards.smartcardbackgroundtriggercontract.winmd
5>Processing WinMD c:\program files (x86)\windows kits\10\references\10.0.19041.0\windows.devices.smartcards.smartcardemulatorcontract\6.0.0.0\windows.devices.smartcards.smartcardemulatorcontract.winmd
5>Processing WinMD c:\program files (x86)\windows kits\10\references\10.0.19041.0\windows.foundation.foundationcontract\4.0.0.0\windows.foundation.foundationcontract.winmd
5>Processing WinMD c:\program files (x86)\windows kits\10\references\10.0.19041.0\windows.foundation.universalapicontract\10.0.0.0\windows.foundation.universalapicontract.winmd
5>Processing WinMD c:\program files (x86)\windows kits\10\references\10.0.19041.0\windows.gaming.xboxlive.storageapicontract\1.0.0.0\windows.gaming.xboxlive.storageapicontract.winmd
5>Processing WinMD c:\program files (x86)\windows kits\10\references\10.0.19041.0\windows.graphics.printing3d.printing3dcontract\4.0.0.0\windows.graphics.printing3d.printing3dcontract.winmd
5>Processing WinMD c:\program files (x86)\windows kits\10\references\10.0.19041.0\windows.networking.connectivity.wwancontract\2.0.0.0\windows.networking.connectivity.wwancontract.winmd
5>Processing WinMD c:\program files (x86)\windows kits\10\references\10.0.19041.0\windows.networking.sockets.controlchanneltriggercontract\3.0.0.0\windows.networking.sockets.controlchanneltriggercontract.winmd
5>Processing WinMD c:\program files (x86)\windows kits\10\references\10.0.19041.0\windows.security.isolation.isolatedwindowsenvironmentcontract\2.0.0.0\windows.security.isolation.isolatedwindowsenvironmentcontract.winmd
5>Processing WinMD c:\program files (x86)\windows kits\10\references\10.0.19041.0\windows.services.maps.guidancecontract\3.0.0.0\windows.services.maps.guidancecontract.winmd
5>Processing WinMD c:\program files (x86)\windows kits\10\references\10.0.19041.0\windows.services.maps.localsearchcontract\4.0.0.0\windows.services.maps.localsearchcontract.winmd
5>Processing WinMD c:\program files (x86)\windows kits\10\references\10.0.19041.0\windows.services.store.storecontract\4.0.0.0\windows.services.store.storecontract.winmd
5>Processing WinMD c:\program files (x86)\windows kits\10\references\10.0.19041.0\windows.services.targetedcontent.targetedcontentcontract\1.0.0.0\windows.services.targetedcontent.targetedcontentcontract.winmd
5>Processing WinMD c:\program files (x86)\windows kits\10\references\10.0.19041.0\windows.storage.provider.cloudfilescontract\4.0.0.0\windows.storage.provider.cloudfilescontract.winmd
5>Processing WinMD c:\program files (x86)\windows kits\10\references\10.0.19041.0\windows.system.profile.profilehardwaretokencontract\1.0.0.0\windows.system.profile.profilehardwaretokencontract.winmd
5>Processing WinMD c:\program files (x86)\windows kits\10\references\10.0.19041.0\windows.system.profile.profilesharedmodecontract\2.0.0.0\windows.system.profile.profilesharedmodecontract.winmd
5>Processing WinMD c:\program files (x86)\windows kits\10\references\10.0.19041.0\windows.system.profile.systemmanufacturers.systemmanufacturerscontract\3.0.0.0\windows.system.profile.systemmanufacturers.systemmanufacturerscontract.winmd
5>Processing WinMD c:\program files (x86)\windows kits\10\references\10.0.19041.0\windows.system.systemmanagementcontract\7.0.0.0\windows.system.systemmanagementcontract.winmd
5>Processing WinMD c:\program files (x86)\windows kits\10\references\10.0.19041.0\windows.ui.viewmanagement.viewmanagementviewscalingcontract\1.0.0.0\windows.ui.viewmanagement.viewmanagementviewscalingcontract.winmd
5>Processing WinMD c:\program files (x86)\windows kits\10\references\10.0.19041.0\windows.ui.xaml.core.direct.xamldirectcontract\2.0.0.0\windows.ui.xaml.core.direct.xamldirectcontract.winmd
5>64 bit MIDLRT Processing .\DocString.idl
5>DocString.idl
5>64 bit MIDLRT Processing C:\Users\Adam\Code\locallib\node_modules\react-native-windows\Microsoft.ReactNative\DevMenuControl.idl
5>DevMenuControl.idl
5>64 bit MIDLRT Processing C:\Program Files (x86)\Windows Kits\10\Include\10.0.19041.0\winrt\winrtbase.idl
5>winrtbase.idl
5>64 bit MIDLRT Processing C:\Program Files (x86)\Windows Kits\10\Include\10.0.19041.0\winrt\midlbase.idl
5>midlbase.idl
5>Processing WinMD c:\users\adam\.nuget\packages\microsoft.ui.xaml\2.8.0\lib\uap10.0\microsoft.ui.xaml.winmd
5>Processing WinMD c:\users\adam\.nuget\packages\microsoft.web.webview2\1.0.1264.42\lib\microsoft.web.webview2.core.winmd
5>Processing WinMD c:\program files (x86)\windows kits\10\references\10.0.19041.0\windows.ai.machinelearning.machinelearningcontract\3.0.0.0\windows.ai.machinelearning.machinelearningcontract.winmd
5>Processing WinMD c:\program files (x86)\windows kits\10\references\10.0.19041.0\windows.ai.machinelearning.preview.machinelearningpreviewcontract\2.0.0.0\windows.ai.machinelearning.preview.machinelearningpreviewcontract.winmd
5>Processing WinMD c:\program files (x86)\windows kits\10\references\10.0.19041.0\windows.applicationmodel.calls.background.callsbackgroundcontract\2.0.0.0\windows.applicationmodel.calls.background.callsbackgroundcontract.winmd
5>Processing WinMD c:\program files (x86)\windows kits\10\references\10.0.19041.0\windows.applicationmodel.calls.callsphonecontract\5.0.0.0\windows.applicationmodel.calls.callsphonecontract.winmd
5>Processing WinMD c:\program files (x86)\windows kits\10\references\10.0.19041.0\windows.applicationmodel.calls.callsvoipcontract\4.0.0.0\windows.applicationmodel.calls.callsvoipcontract.winmd
5>Processing WinMD c:\program files (x86)\windows kits\10\references\10.0.19041.0\windows.applicationmodel.communicationblocking.communicationblockingcontract\2.0.0.0\windows.applicationmodel.communicationblocking.communicationblockingcontract.winmd
5>Processing WinMD c:\program files (x86)\windows kits\10\references\10.0.19041.0\windows.applicationmodel.socialinfo.socialinfocontract\2.0.0.0\windows.applicationmodel.socialinfo.socialinfocontract.winmd
5>Processing WinMD c:\program files (x86)\windows kits\10\references\10.0.19041.0\windows.applicationmodel.startuptaskcontract\3.0.0.0\windows.applicationmodel.startuptaskcontract.winmd
5>Processing WinMD c:\program files (x86)\windows kits\10\references\10.0.19041.0\windows.devices.custom.customdevicecontract\1.0.0.0\windows.devices.custom.customdevicecontract.winmd
5>Processing WinMD c:\program files (x86)\windows kits\10\references\10.0.19041.0\windows.devices.deviceslowlevelcontract\3.0.0.0\windows.devices.deviceslowlevelcontract.winmd
5>Processing WinMD c:\program files (x86)\windows kits\10\references\10.0.19041.0\windows.devices.printers.printerscontract\1.0.0.0\windows.devices.printers.printerscontract.winmd
5>Processing WinMD c:\program files (x86)\windows kits\10\references\10.0.19041.0\windows.devices.smartcards.smartcardbackgroundtriggercontract\3.0.0.0\windows.devices.smartcards.smartcardbackgroundtriggercontract.winmd
5>Processing WinMD c:\program files (x86)\windows kits\10\references\10.0.19041.0\windows.devices.smartcards.smartcardemulatorcontract\6.0.0.0\windows.devices.smartcards.smartcardemulatorcontract.winmd
5>Processing WinMD c:\program files (x86)\windows kits\10\references\10.0.19041.0\windows.foundation.foundationcontract\4.0.0.0\windows.foundation.foundationcontract.winmd
5>Processing WinMD c:\program files (x86)\windows kits\10\references\10.0.19041.0\windows.foundation.universalapicontract\10.0.0.0\windows.foundation.universalapicontract.winmd
5>Processing WinMD c:\program files (x86)\windows kits\10\references\10.0.19041.0\windows.gaming.xboxlive.storageapicontract\1.0.0.0\windows.gaming.xboxlive.storageapicontract.winmd
5>Processing WinMD c:\program files (x86)\windows kits\10\references\10.0.19041.0\windows.graphics.printing3d.printing3dcontract\4.0.0.0\windows.graphics.printing3d.printing3dcontract.winmd
5>Processing WinMD c:\program files (x86)\windows kits\10\references\10.0.19041.0\windows.networking.connectivity.wwancontract\2.0.0.0\windows.networking.connectivity.wwancontract.winmd
5>Processing WinMD c:\program files (x86)\windows kits\10\references\10.0.19041.0\windows.networking.sockets.controlchanneltriggercontract\3.0.0.0\windows.networking.sockets.controlchanneltriggercontract.winmd
5>Processing WinMD c:\program files (x86)\windows kits\10\references\10.0.19041.0\windows.security.isolation.isolatedwindowsenvironmentcontract\2.0.0.0\windows.security.isolation.isolatedwindowsenvironmentcontract.winmd
5>Processing WinMD c:\program files (x86)\windows kits\10\references\10.0.19041.0\windows.services.maps.guidancecontract\3.0.0.0\windows.services.maps.guidancecontract.winmd
5>Processing WinMD c:\program files (x86)\windows kits\10\references\10.0.19041.0\windows.services.maps.localsearchcontract\4.0.0.0\windows.services.maps.localsearchcontract.winmd
5>Processing WinMD c:\program files (x86)\windows kits\10\references\10.0.19041.0\windows.services.store.storecontract\4.0.0.0\windows.services.store.storecontract.winmd
5>Processing WinMD c:\program files (x86)\windows kits\10\references\10.0.19041.0\windows.services.targetedcontent.targetedcontentcontract\1.0.0.0\windows.services.targetedcontent.targetedcontentcontract.winmd
5>Processing WinMD c:\program files (x86)\windows kits\10\references\10.0.19041.0\windows.storage.provider.cloudfilescontract\4.0.0.0\windows.storage.provider.cloudfilescontract.winmd
5>Processing WinMD c:\program files (x86)\windows kits\10\references\10.0.19041.0\windows.system.profile.profilehardwaretokencontract\1.0.0.0\windows.system.profile.profilehardwaretokencontract.winmd
5>Processing WinMD c:\program files (x86)\windows kits\10\references\10.0.19041.0\windows.system.profile.profilesharedmodecontract\2.0.0.0\windows.system.profile.profilesharedmodecontract.winmd
5>Processing WinMD c:\program files (x86)\windows kits\10\references\10.0.19041.0\windows.system.profile.systemmanufacturers.systemmanufacturerscontract\3.0.0.0\windows.system.profile.systemmanufacturers.systemmanufacturerscontract.winmd
5>Processing WinMD c:\program files (x86)\windows kits\10\references\10.0.19041.0\windows.system.systemmanagementcontract\7.0.0.0\windows.system.systemmanagementcontract.winmd
5>Processing WinMD c:\program files (x86)\windows kits\10\references\10.0.19041.0\windows.ui.viewmanagement.viewmanagementviewscalingcontract\1.0.0.0\windows.ui.viewmanagement.viewmanagementviewscalingcontract.winmd
5>Processing WinMD c:\program files (x86)\windows kits\10\references\10.0.19041.0\windows.ui.xaml.core.direct.xamldirectcontract\2.0.0.0\windows.ui.xaml.core.direct.xamldirectcontract.winmd
5>64 bit MIDLRT Processing C:\Users\Adam\Code\locallib\node_modules\react-native-windows\Microsoft.ReactNative\DocString.idl
5>DocString.idl
5>64 bit MIDLRT Processing C:\Program Files (x86)\Windows Kits\10\Include\10.0.19041.0\winrt\winrtbase.idl
5>winrtbase.idl
5>64 bit MIDLRT Processing C:\Program Files (x86)\Windows Kits\10\Include\10.0.19041.0\winrt\midlbase.idl
5>midlbase.idl
5>Processing WinMD c:\users\adam\.nuget\packages\microsoft.ui.xaml\2.8.0\lib\uap10.0\microsoft.ui.xaml.winmd
5>Processing WinMD c:\users\adam\.nuget\packages\microsoft.web.webview2\1.0.1264.42\lib\microsoft.web.webview2.core.winmd
5>Processing WinMD c:\program files (x86)\windows kits\10\references\10.0.19041.0\windows.ai.machinelearning.machinelearningcontract\3.0.0.0\windows.ai.machinelearning.machinelearningcontract.winmd
5>Processing WinMD c:\program files (x86)\windows kits\10\references\10.0.19041.0\windows.ai.machinelearning.preview.machinelearningpreviewcontract\2.0.0.0\windows.ai.machinelearning.preview.machinelearningpreviewcontract.winmd
5>Processing WinMD c:\program files (x86)\windows kits\10\references\10.0.19041.0\windows.applicationmodel.calls.background.callsbackgroundcontract\2.0.0.0\windows.applicationmodel.calls.background.callsbackgroundcontract.winmd
5>Processing WinMD c:\program files (x86)\windows kits\10\references\10.0.19041.0\windows.applicationmodel.calls.callsphonecontract\5.0.0.0\windows.applicationmodel.calls.callsphonecontract.winmd
5>Processing WinMD c:\program files (x86)\windows kits\10\references\10.0.19041.0\windows.applicationmodel.calls.callsvoipcontract\4.0.0.0\windows.applicationmodel.calls.callsvoipcontract.winmd
5>Processing WinMD c:\program files (x86)\windows kits\10\references\10.0.19041.0\windows.applicationmodel.communicationblocking.communicationblockingcontract\2.0.0.0\windows.applicationmodel.communicationblocking.communicationblockingcontract.winmd
5>Processing WinMD c:\program files (x86)\windows kits\10\references\10.0.19041.0\windows.applicationmodel.socialinfo.socialinfocontract\2.0.0.0\windows.applicationmodel.socialinfo.socialinfocontract.winmd
5>Processing WinMD c:\program files (x86)\windows kits\10\references\10.0.19041.0\windows.applicationmodel.startuptaskcontract\3.0.0.0\windows.applicationmodel.startuptaskcontract.winmd
5>Processing WinMD c:\program files (x86)\windows kits\10\references\10.0.19041.0\windows.devices.custom.customdevicecontract\1.0.0.0\windows.devices.custom.customdevicecontract.winmd
5>Processing WinMD c:\program files (x86)\windows kits\10\references\10.0.19041.0\windows.devices.deviceslowlevelcontract\3.0.0.0\windows.devices.deviceslowlevelcontract.winmd
5>Processing WinMD c:\program files (x86)\windows kits\10\references\10.0.19041.0\windows.devices.printers.printerscontract\1.0.0.0\windows.devices.printers.printerscontract.winmd
5>Processing WinMD c:\program files (x86)\windows kits\10\references\10.0.19041.0\windows.devices.smartcards.smartcardbackgroundtriggercontract\3.0.0.0\windows.devices.smartcards.smartcardbackgroundtriggercontract.winmd
5>Processing WinMD c:\program files (x86)\windows kits\10\references\10.0.19041.0\windows.devices.smartcards.smartcardemulatorcontract\6.0.0.0\windows.devices.smartcards.smartcardemulatorcontract.winmd
5>Processing WinMD c:\program files (x86)\windows kits\10\references\10.0.19041.0\windows.foundation.foundationcontract\4.0.0.0\windows.foundation.foundationcontract.winmd
5>Processing WinMD c:\program files (x86)\windows kits\10\references\10.0.19041.0\windows.foundation.universalapicontract\10.0.0.0\windows.foundation.universalapicontract.winmd
5>Processing WinMD c:\program files (x86)\windows kits\10\references\10.0.19041.0\windows.gaming.xboxlive.storageapicontract\1.0.0.0\windows.gaming.xboxlive.storageapicontract.winmd
5>Processing WinMD c:\program files (x86)\windows kits\10\references\10.0.19041.0\windows.graphics.printing3d.printing3dcontract\4.0.0.0\windows.graphics.printing3d.printing3dcontract.winmd
5>Processing WinMD c:\program files (x86)\windows kits\10\references\10.0.19041.0\windows.networking.connectivity.wwancontract\2.0.0.0\windows.networking.connectivity.wwancontract.winmd
5>Processing WinMD c:\program files (x86)\windows kits\10\references\10.0.19041.0\windows.networking.sockets.controlchanneltriggercontract\3.0.0.0\windows.networking.sockets.controlchanneltriggercontract.winmd
5>Processing WinMD c:\program files (x86)\windows kits\10\references\10.0.19041.0\windows.security.isolation.isolatedwindowsenvironmentcontract\2.0.0.0\windows.security.isolation.isolatedwindowsenvironmentcontract.winmd
5>Processing WinMD c:\program files (x86)\windows kits\10\references\10.0.19041.0\windows.services.maps.guidancecontract\3.0.0.0\windows.services.maps.guidancecontract.winmd
5>Processing WinMD c:\program files (x86)\windows kits\10\references\10.0.19041.0\windows.services.maps.localsearchcontract\4.0.0.0\windows.services.maps.localsearchcontract.winmd
5>Processing WinMD c:\program files (x86)\windows kits\10\references\10.0.19041.0\windows.services.store.storecontract\4.0.0.0\windows.services.store.storecontract.winmd
5>Processing WinMD c:\program files (x86)\windows kits\10\references\10.0.19041.0\windows.services.targetedcontent.targetedcontentcontract\1.0.0.0\windows.services.targetedcontent.targetedcontentcontract.winmd
5>Processing WinMD c:\program files (x86)\windows kits\10\references\10.0.19041.0\windows.storage.provider.cloudfilescontract\4.0.0.0\windows.storage.provider.cloudfilescontract.winmd
5>Processing WinMD c:\program files (x86)\windows kits\10\references\10.0.19041.0\windows.system.profile.profilehardwaretokencontract\1.0.0.0\windows.system.profile.profilehardwaretokencontract.winmd
5>Processing WinMD c:\program files (x86)\windows kits\10\references\10.0.19041.0\windows.system.profile.profilesharedmodecontract\2.0.0.0\windows.system.profile.profilesharedmodecontract.winmd
5>Processing WinMD c:\program files (x86)\windows kits\10\references\10.0.19041.0\windows.system.profile.systemmanufacturers.systemmanufacturerscontract\3.0.0.0\windows.system.profile.systemmanufacturers.systemmanufacturerscontract.winmd
5>Processing WinMD c:\program files (x86)\windows kits\10\references\10.0.19041.0\windows.system.systemmanagementcontract\7.0.0.0\windows.system.systemmanagementcontract.winmd
5>Processing WinMD c:\program files (x86)\windows kits\10\references\10.0.19041.0\windows.ui.viewmanagement.viewmanagementviewscalingcontract\1.0.0.0\windows.ui.viewmanagement.viewmanagementviewscalingcontract.winmd
5>Processing WinMD c:\program files (x86)\windows kits\10\references\10.0.19041.0\windows.ui.xaml.core.direct.xamldirectcontract\2.0.0.0\windows.ui.xaml.core.direct.xamldirectcontract.winmd
5>64 bit MIDLRT Processing C:\Users\Adam\Code\locallib\node_modules\react-native-windows\Microsoft.ReactNative\IViewManager.idl
5>IViewManager.idl
5>64 bit MIDLRT Processing C:\Program Files (x86)\Windows Kits\10\Include\10.0.19041.0\winrt\winrtbase.idl
5>winrtbase.idl
5>64 bit MIDLRT Processing C:\Program Files (x86)\Windows Kits\10\Include\10.0.19041.0\winrt\midlbase.idl
5>midlbase.idl
5>Processing WinMD c:\users\adam\.nuget\packages\microsoft.ui.xaml\2.8.0\lib\uap10.0\microsoft.ui.xaml.winmd
5>Processing WinMD c:\users\adam\.nuget\packages\microsoft.web.webview2\1.0.1264.42\lib\microsoft.web.webview2.core.winmd
5>Processing WinMD c:\program files (x86)\windows kits\10\references\10.0.19041.0\windows.ai.machinelearning.machinelearningcontract\3.0.0.0\windows.ai.machinelearning.machinelearningcontract.winmd
5>Processing WinMD c:\program files (x86)\windows kits\10\references\10.0.19041.0\windows.ai.machinelearning.preview.machinelearningpreviewcontract\2.0.0.0\windows.ai.machinelearning.preview.machinelearningpreviewcontract.winmd
5>Processing WinMD c:\program files (x86)\windows kits\10\references\10.0.19041.0\windows.applicationmodel.calls.background.callsbackgroundcontract\2.0.0.0\windows.applicationmodel.calls.background.callsbackgroundcontract.winmd
5>Processing WinMD c:\program files (x86)\windows kits\10\references\10.0.19041.0\windows.applicationmodel.calls.callsphonecontract\5.0.0.0\windows.applicationmodel.calls.callsphonecontract.winmd
5>Processing WinMD c:\program files (x86)\windows kits\10\references\10.0.19041.0\windows.applicationmodel.calls.callsvoipcontract\4.0.0.0\windows.applicationmodel.calls.callsvoipcontract.winmd
5>Processing WinMD c:\program files (x86)\windows kits\10\references\10.0.19041.0\windows.applicationmodel.communicationblocking.communicationblockingcontract\2.0.0.0\windows.applicationmodel.communicationblocking.communicationblockingcontract.winmd
5>Processing WinMD c:\program files (x86)\windows kits\10\references\10.0.19041.0\windows.applicationmodel.socialinfo.socialinfocontract\2.0.0.0\windows.applicationmodel.socialinfo.socialinfocontract.winmd
5>Processing WinMD c:\program files (x86)\windows kits\10\references\10.0.19041.0\windows.applicationmodel.startuptaskcontract\3.0.0.0\windows.applicationmodel.startuptaskcontract.winmd
5>Processing WinMD c:\program files (x86)\windows kits\10\references\10.0.19041.0\windows.devices.custom.customdevicecontract\1.0.0.0\windows.devices.custom.customdevicecontract.winmd
5>Processing WinMD c:\program files (x86)\windows kits\10\references\10.0.19041.0\windows.devices.deviceslowlevelcontract\3.0.0.0\windows.devices.deviceslowlevelcontract.winmd
5>Processing WinMD c:\program files (x86)\windows kits\10\references\10.0.19041.0\windows.devices.printers.printerscontract\1.0.0.0\windows.devices.printers.printerscontract.winmd
5>Processing WinMD c:\program files (x86)\windows kits\10\references\10.0.19041.0\windows.devices.smartcards.smartcardbackgroundtriggercontract\3.0.0.0\windows.devices.smartcards.smartcardbackgroundtriggercontract.winmd
5>Processing WinMD c:\program files (x86)\windows kits\10\references\10.0.19041.0\windows.devices.smartcards.smartcardemulatorcontract\6.0.0.0\windows.devices.smartcards.smartcardemulatorcontract.winmd
5>Processing WinMD c:\program files (x86)\windows kits\10\references\10.0.19041.0\windows.foundation.foundationcontract\4.0.0.0\windows.foundation.foundationcontract.winmd
5>Processing WinMD c:\program files (x86)\windows kits\10\references\10.0.19041.0\windows.foundation.universalapicontract\10.0.0.0\windows.foundation.universalapicontract.winmd
5>Processing WinMD c:\program files (x86)\windows kits\10\references\10.0.19041.0\windows.gaming.xboxlive.storageapicontract\1.0.0.0\windows.gaming.xboxlive.storageapicontract.winmd
5>Processing WinMD c:\program files (x86)\windows kits\10\references\10.0.19041.0\windows.graphics.printing3d.printing3dcontract\4.0.0.0\windows.graphics.printing3d.printing3dcontract.winmd
5>Processing WinMD c:\program files (x86)\windows kits\10\references\10.0.19041.0\windows.networking.connectivity.wwancontract\2.0.0.0\windows.networking.connectivity.wwancontract.winmd
5>Processing WinMD c:\program files (x86)\windows kits\10\references\10.0.19041.0\windows.networking.sockets.controlchanneltriggercontract\3.0.0.0\windows.networking.sockets.controlchanneltriggercontract.winmd
5>Processing WinMD c:\program files (x86)\windows kits\10\references\10.0.19041.0\windows.security.isolation.isolatedwindowsenvironmentcontract\2.0.0.0\windows.security.isolation.isolatedwindowsenvironmentcontract.winmd
5>Processing WinMD c:\program files (x86)\windows kits\10\references\10.0.19041.0\windows.services.maps.guidancecontract\3.0.0.0\windows.services.maps.guidancecontract.winmd
5>Processing WinMD c:\program files (x86)\windows kits\10\references\10.0.19041.0\windows.services.maps.localsearchcontract\4.0.0.0\windows.services.maps.localsearchcontract.winmd
5>Processing WinMD c:\program files (x86)\windows kits\10\references\10.0.19041.0\windows.services.store.storecontract\4.0.0.0\windows.services.store.storecontract.winmd
5>Processing WinMD c:\program files (x86)\windows kits\10\references\10.0.19041.0\windows.services.targetedcontent.targetedcontentcontract\1.0.0.0\windows.services.targetedcontent.targetedcontentcontract.winmd
5>Processing WinMD c:\program files (x86)\windows kits\10\references\10.0.19041.0\windows.storage.provider.cloudfilescontract\4.0.0.0\windows.storage.provider.cloudfilescontract.winmd
5>Processing WinMD c:\program files (x86)\windows kits\10\references\10.0.19041.0\windows.system.profile.profilehardwaretokencontract\1.0.0.0\windows.system.profile.profilehardwaretokencontract.winmd
5>Processing WinMD c:\program files (x86)\windows kits\10\references\10.0.19041.0\windows.system.profile.profilesharedmodecontract\2.0.0.0\windows.system.profile.profilesharedmodecontract.winmd
5>Processing WinMD c:\program files (x86)\windows kits\10\references\10.0.19041.0\windows.system.profile.systemmanufacturers.systemmanufacturerscontract\3.0.0.0\windows.system.profile.systemmanufacturers.systemmanufacturerscontract.winmd
5>Processing WinMD c:\program files (x86)\windows kits\10\references\10.0.19041.0\windows.system.systemmanagementcontract\7.0.0.0\windows.system.systemmanagementcontract.winmd
5>Processing WinMD c:\program files (x86)\windows kits\10\references\10.0.19041.0\windows.ui.viewmanagement.viewmanagementviewscalingcontract\1.0.0.0\windows.ui.viewmanagement.viewmanagementviewscalingcontract.winmd
5>Processing WinMD c:\program files (x86)\windows kits\10\references\10.0.19041.0\windows.ui.xaml.core.direct.xamldirectcontract\2.0.0.0\windows.ui.xaml.core.direct.xamldirectcontract.winmd
5>64 bit MIDLRT Processing .\IViewManagerCore.idl
5>IViewManagerCore.idl
5>64 bit MIDLRT Processing .\IReactModuleBuilder.idl
5>IReactModuleBuilder.idl
5>64 bit MIDLRT Processing .\IJSValueReader.idl
5>IJSValueReader.idl
5>64 bit MIDLRT Processing .\DocString.idl
5>DocString.idl
5>64 bit MIDLRT Processing .\IJSValueWriter.idl
5>IJSValueWriter.idl
5>64 bit MIDLRT Processing .\IReactContext.idl
5>IReactContext.idl
5>64 bit MIDLRT Processing .\IReactNotificationService.idl
5>IReactNotificationService.idl
5>64 bit MIDLRT Processing .\IReactDispatcher.idl
5>IReactDispatcher.idl
5>64 bit MIDLRT Processing .\IReactPropertyBag.idl
5>IReactPropertyBag.idl
5>64 bit MIDLRT Processing .\ReactPointerEventArgs.idl
5>ReactPointerEventArgs.idl
5>64 bit MIDLRT Processing C:\Users\Adam\Code\locallib\node_modules\react-native-windows\Microsoft.ReactNative\IViewManagerCore.idl
5>IViewManagerCore.idl
5>64 bit MIDLRT Processing C:\Program Files (x86)\Windows Kits\10\Include\10.0.19041.0\winrt\winrtbase.idl
5>winrtbase.idl
5>64 bit MIDLRT Processing C:\Program Files (x86)\Windows Kits\10\Include\10.0.19041.0\winrt\midlbase.idl
5>midlbase.idl
5>Processing WinMD c:\users\adam\.nuget\packages\microsoft.ui.xaml\2.8.0\lib\uap10.0\microsoft.ui.xaml.winmd
5>Processing WinMD c:\users\adam\.nuget\packages\microsoft.web.webview2\1.0.1264.42\lib\microsoft.web.webview2.core.winmd
5>Processing WinMD c:\program files (x86)\windows kits\10\references\10.0.19041.0\windows.ai.machinelearning.machinelearningcontract\3.0.0.0\windows.ai.machinelearning.machinelearningcontract.winmd
5>Processing WinMD c:\program files (x86)\windows kits\10\references\10.0.19041.0\windows.ai.machinelearning.preview.machinelearningpreviewcontract\2.0.0.0\windows.ai.machinelearning.preview.machinelearningpreviewcontract.winmd
5>Processing WinMD c:\program files (x86)\windows kits\10\references\10.0.19041.0\windows.applicationmodel.calls.background.callsbackgroundcontract\2.0.0.0\windows.applicationmodel.calls.background.callsbackgroundcontract.winmd
5>Processing WinMD c:\program files (x86)\windows kits\10\references\10.0.19041.0\windows.applicationmodel.calls.callsphonecontract\5.0.0.0\windows.applicationmodel.calls.callsphonecontract.winmd
5>Processing WinMD c:\program files (x86)\windows kits\10\references\10.0.19041.0\windows.applicationmodel.calls.callsvoipcontract\4.0.0.0\windows.applicationmodel.calls.callsvoipcontract.winmd
5>Processing WinMD c:\program files (x86)\windows kits\10\references\10.0.19041.0\windows.applicationmodel.communicationblocking.communicationblockingcontract\2.0.0.0\windows.applicationmodel.communicationblocking.communicationblockingcontract.winmd
5>Processing WinMD c:\program files (x86)\windows kits\10\references\10.0.19041.0\windows.applicationmodel.socialinfo.socialinfocontract\2.0.0.0\windows.applicationmodel.socialinfo.socialinfocontract.winmd
5>Processing WinMD c:\program files (x86)\windows kits\10\references\10.0.19041.0\windows.applicationmodel.startuptaskcontract\3.0.0.0\windows.applicationmodel.startuptaskcontract.winmd
5>Processing WinMD c:\program files (x86)\windows kits\10\references\10.0.19041.0\windows.devices.custom.customdevicecontract\1.0.0.0\windows.devices.custom.customdevicecontract.winmd
5>Processing WinMD c:\program files (x86)\windows kits\10\references\10.0.19041.0\windows.devices.deviceslowlevelcontract\3.0.0.0\windows.devices.deviceslowlevelcontract.winmd
5>Processing WinMD c:\program files (x86)\windows kits\10\references\10.0.19041.0\windows.devices.printers.printerscontract\1.0.0.0\windows.devices.printers.printerscontract.winmd
5>Processing WinMD c:\program files (x86)\windows kits\10\references\10.0.19041.0\windows.devices.smartcards.smartcardbackgroundtriggercontract\3.0.0.0\windows.devices.smartcards.smartcardbackgroundtriggercontract.winmd
5>Processing WinMD c:\program files (x86)\windows kits\10\references\10.0.19041.0\windows.devices.smartcards.smartcardemulatorcontract\6.0.0.0\windows.devices.smartcards.smartcardemulatorcontract.winmd
5>Processing WinMD c:\program files (x86)\windows kits\10\references\10.0.19041.0\windows.foundation.foundationcontract\4.0.0.0\windows.foundation.foundationcontract.winmd
5>Processing WinMD c:\program files (x86)\windows kits\10\references\10.0.19041.0\windows.foundation.universalapicontract\10.0.0.0\windows.foundation.universalapicontract.winmd
5>Processing WinMD c:\program files (x86)\windows kits\10\references\10.0.19041.0\windows.gaming.xboxlive.storageapicontract\1.0.0.0\windows.gaming.xboxlive.storageapicontract.winmd
5>Processing WinMD c:\program files (x86)\windows kits\10\references\10.0.19041.0\windows.graphics.printing3d.printing3dcontract\4.0.0.0\windows.graphics.printing3d.printing3dcontract.winmd
5>Processing WinMD c:\program files (x86)\windows kits\10\references\10.0.19041.0\windows.networking.connectivity.wwancontract\2.0.0.0\windows.networking.connectivity.wwancontract.winmd
5>Processing WinMD c:\program files (x86)\windows kits\10\references\10.0.19041.0\windows.networking.sockets.controlchanneltriggercontract\3.0.0.0\windows.networking.sockets.controlchanneltriggercontract.winmd
5>Processing WinMD c:\program files (x86)\windows kits\10\references\10.0.19041.0\windows.security.isolation.isolatedwindowsenvironmentcontract\2.0.0.0\windows.security.isolation.isolatedwindowsenvironmentcontract.winmd
5>Processing WinMD c:\program files (x86)\windows kits\10\references\10.0.19041.0\windows.services.maps.guidancecontract\3.0.0.0\windows.services.maps.guidancecontract.winmd
5>Processing WinMD c:\program files (x86)\windows kits\10\references\10.0.19041.0\windows.services.maps.localsearchcontract\4.0.0.0\windows.services.maps.localsearchcontract.winmd
5>Processing WinMD c:\program files (x86)\windows kits\10\references\10.0.19041.0\windows.services.store.storecontract\4.0.0.0\windows.services.store.storecontract.winmd
5>Processing WinMD c:\program files (x86)\windows kits\10\references\10.0.19041.0\windows.services.targetedcontent.targetedcontentcontract\1.0.0.0\windows.services.targetedcontent.targetedcontentcontract.winmd
5>Processing WinMD c:\program files (x86)\windows kits\10\references\10.0.19041.0\windows.storage.provider.cloudfilescontract\4.0.0.0\windows.storage.provider.cloudfilescontract.winmd
5>Processing WinMD c:\program files (x86)\windows kits\10\references\10.0.19041.0\windows.system.profile.profilehardwaretokencontract\1.0.0.0\windows.system.profile.profilehardwaretokencontract.winmd
5>Processing WinMD c:\program files (x86)\windows kits\10\references\10.0.19041.0\windows.system.profile.profilesharedmodecontract\2.0.0.0\windows.system.profile.profilesharedmodecontract.winmd
5>Processing WinMD c:\program files (x86)\windows kits\10\references\10.0.19041.0\windows.system.profile.systemmanufacturers.systemmanufacturerscontract\3.0.0.0\windows.system.profile.systemmanufacturers.systemmanufacturerscontract.winmd
5>Processing WinMD c:\program files (x86)\windows kits\10\references\10.0.19041.0\windows.system.systemmanagementcontract\7.0.0.0\windows.system.systemmanagementcontract.winmd
5>Processing WinMD c:\program files (x86)\windows kits\10\references\10.0.19041.0\windows.ui.viewmanagement.viewmanagementviewscalingcontract\1.0.0.0\windows.ui.viewmanagement.viewmanagementviewscalingcontract.winmd
5>Processing WinMD c:\program files (x86)\windows kits\10\references\10.0.19041.0\windows.ui.xaml.core.direct.xamldirectcontract\2.0.0.0\windows.ui.xaml.core.direct.xamldirectcontract.winmd
5>64 bit MIDLRT Processing .\IReactModuleBuilder.idl
5>IReactModuleBuilder.idl
5>64 bit MIDLRT Processing .\IJSValueReader.idl
5>IJSValueReader.idl
5>64 bit MIDLRT Processing .\DocString.idl
5>DocString.idl
5>64 bit MIDLRT Processing .\IJSValueWriter.idl
5>IJSValueWriter.idl
5>64 bit MIDLRT Processing .\IReactContext.idl
5>IReactContext.idl
5>64 bit MIDLRT Processing .\IReactNotificationService.idl
5>IReactNotificationService.idl
5>64 bit MIDLRT Processing .\IReactDispatcher.idl
5>IReactDispatcher.idl
5>64 bit MIDLRT Processing .\IReactPropertyBag.idl
5>IReactPropertyBag.idl
5>64 bit MIDLRT Processing C:\Users\Adam\Code\locallib\node_modules\react-native-windows\Microsoft.ReactNative\ReactApplication.idl
5>ReactApplication.idl
5>64 bit MIDLRT Processing C:\Program Files (x86)\Windows Kits\10\Include\10.0.19041.0\winrt\winrtbase.idl
5>winrtbase.idl
5>64 bit MIDLRT Processing C:\Program Files (x86)\Windows Kits\10\Include\10.0.19041.0\winrt\midlbase.idl
5>midlbase.idl
5>Processing WinMD c:\users\adam\.nuget\packages\microsoft.ui.xaml\2.8.0\lib\uap10.0\microsoft.ui.xaml.winmd
5>Processing WinMD c:\users\adam\.nuget\packages\microsoft.web.webview2\1.0.1264.42\lib\microsoft.web.webview2.core.winmd
5>Processing WinMD c:\program files (x86)\windows kits\10\references\10.0.19041.0\windows.ai.machinelearning.machinelearningcontract\3.0.0.0\windows.ai.machinelearning.machinelearningcontract.winmd
5>Processing WinMD c:\program files (x86)\windows kits\10\references\10.0.19041.0\windows.ai.machinelearning.preview.machinelearningpreviewcontract\2.0.0.0\windows.ai.machinelearning.preview.machinelearningpreviewcontract.winmd
5>Processing WinMD c:\program files (x86)\windows kits\10\references\10.0.19041.0\windows.applicationmodel.calls.background.callsbackgroundcontract\2.0.0.0\windows.applicationmodel.calls.background.callsbackgroundcontract.winmd
5>Processing WinMD c:\program files (x86)\windows kits\10\references\10.0.19041.0\windows.applicationmodel.calls.callsphonecontract\5.0.0.0\windows.applicationmodel.calls.callsphonecontract.winmd
5>Processing WinMD c:\program files (x86)\windows kits\10\references\10.0.19041.0\windows.applicationmodel.calls.callsvoipcontract\4.0.0.0\windows.applicationmodel.calls.callsvoipcontract.winmd
5>Processing WinMD c:\program files (x86)\windows kits\10\references\10.0.19041.0\windows.applicationmodel.communicationblocking.communicationblockingcontract\2.0.0.0\windows.applicationmodel.communicationblocking.communicationblockingcontract.winmd
5>Processing WinMD c:\program files (x86)\windows kits\10\references\10.0.19041.0\windows.applicationmodel.socialinfo.socialinfocontract\2.0.0.0\windows.applicationmodel.socialinfo.socialinfocontract.winmd
5>Processing WinMD c:\program files (x86)\windows kits\10\references\10.0.19041.0\windows.applicationmodel.startuptaskcontract\3.0.0.0\windows.applicationmodel.startuptaskcontract.winmd
5>Processing WinMD c:\program files (x86)\windows kits\10\references\10.0.19041.0\windows.devices.custom.customdevicecontract\1.0.0.0\windows.devices.custom.customdevicecontract.winmd
5>Processing WinMD c:\program files (x86)\windows kits\10\references\10.0.19041.0\windows.devices.deviceslowlevelcontract\3.0.0.0\windows.devices.deviceslowlevelcontract.winmd
5>Processing WinMD c:\program files (x86)\windows kits\10\references\10.0.19041.0\windows.devices.printers.printerscontract\1.0.0.0\windows.devices.printers.printerscontract.winmd
5>Processing WinMD c:\program files (x86)\windows kits\10\references\10.0.19041.0\windows.devices.smartcards.smartcardbackgroundtriggercontract\3.0.0.0\windows.devices.smartcards.smartcardbackgroundtriggercontract.winmd
5>Processing WinMD c:\program files (x86)\windows kits\10\references\10.0.19041.0\windows.devices.smartcards.smartcardemulatorcontract\6.0.0.0\windows.devices.smartcards.smartcardemulatorcontract.winmd
5>Processing WinMD c:\program files (x86)\windows kits\10\references\10.0.19041.0\windows.foundation.foundationcontract\4.0.0.0\windows.foundation.foundationcontract.winmd
5>Processing WinMD c:\program files (x86)\windows kits\10\references\10.0.19041.0\windows.foundation.universalapicontract\10.0.0.0\windows.foundation.universalapicontract.winmd
5>Processing WinMD c:\program files (x86)\windows kits\10\references\10.0.19041.0\windows.gaming.xboxlive.storageapicontract\1.0.0.0\windows.gaming.xboxlive.storageapicontract.winmd
5>Processing WinMD c:\program files (x86)\windows kits\10\references\10.0.19041.0\windows.graphics.printing3d.printing3dcontract\4.0.0.0\windows.graphics.printing3d.printing3dcontract.winmd
5>Processing WinMD c:\program files (x86)\windows kits\10\references\10.0.19041.0\windows.networking.connectivity.wwancontract\2.0.0.0\windows.networking.connectivity.wwancontract.winmd
5>Processing WinMD c:\program files (x86)\windows kits\10\references\10.0.19041.0\windows.networking.sockets.controlchanneltriggercontract\3.0.0.0\windows.networking.sockets.controlchanneltriggercontract.winmd
5>Processing WinMD c:\program files (x86)\windows kits\10\references\10.0.19041.0\windows.security.isolation.isolatedwindowsenvironmentcontract\2.0.0.0\windows.security.isolation.isolatedwindowsenvironmentcontract.winmd
5>Processing WinMD c:\program files (x86)\windows kits\10\references\10.0.19041.0\windows.services.maps.guidancecontract\3.0.0.0\windows.services.maps.guidancecontract.winmd
5>Processing WinMD c:\program files (x86)\windows kits\10\references\10.0.19041.0\windows.services.maps.localsearchcontract\4.0.0.0\windows.services.maps.localsearchcontract.winmd
5>Processing WinMD c:\program files (x86)\windows kits\10\references\10.0.19041.0\windows.services.store.storecontract\4.0.0.0\windows.services.store.storecontract.winmd
5>Processing WinMD c:\program files (x86)\windows kits\10\references\10.0.19041.0\windows.services.targetedcontent.targetedcontentcontract\1.0.0.0\windows.services.targetedcontent.targetedcontentcontract.winmd
5>Processing WinMD c:\program files (x86)\windows kits\10\references\10.0.19041.0\windows.storage.provider.cloudfilescontract\4.0.0.0\windows.storage.provider.cloudfilescontract.winmd
5>Processing WinMD c:\program files (x86)\windows kits\10\references\10.0.19041.0\windows.system.profile.profilehardwaretokencontract\1.0.0.0\windows.system.profile.profilehardwaretokencontract.winmd
5>Processing WinMD c:\program files (x86)\windows kits\10\references\10.0.19041.0\windows.system.profile.profilesharedmodecontract\2.0.0.0\windows.system.profile.profilesharedmodecontract.winmd
5>Processing WinMD c:\program files (x86)\windows kits\10\references\10.0.19041.0\windows.system.profile.systemmanufacturers.systemmanufacturerscontract\3.0.0.0\windows.system.profile.systemmanufacturers.systemmanufacturerscontract.winmd
5>Processing WinMD c:\program files (x86)\windows kits\10\references\10.0.19041.0\windows.system.systemmanagementcontract\7.0.0.0\windows.system.systemmanagementcontract.winmd
5>Processing WinMD c:\program files (x86)\windows kits\10\references\10.0.19041.0\windows.ui.viewmanagement.viewmanagementviewscalingcontract\1.0.0.0\windows.ui.viewmanagement.viewmanagementviewscalingcontract.winmd
5>Processing WinMD c:\program files (x86)\windows kits\10\references\10.0.19041.0\windows.ui.xaml.core.direct.xamldirectcontract\2.0.0.0\windows.ui.xaml.core.direct.xamldirectcontract.winmd
5>64 bit MIDLRT Processing .\ReactNativeHost.idl
5>ReactNativeHost.idl
5>64 bit MIDLRT Processing .\IReactPackageProvider.idl
5>IReactPackageProvider.idl
5>64 bit MIDLRT Processing .\IReactPackageBuilder.idl
5>IReactPackageBuilder.idl
5>64 bit MIDLRT Processing .\IReactContext.idl
5>IReactContext.idl
5>64 bit MIDLRT Processing .\IJSValueWriter.idl
5>IJSValueWriter.idl
5>64 bit MIDLRT Processing .\DocString.idl
5>DocString.idl
5>64 bit MIDLRT Processing .\IReactNotificationService.idl
5>IReactNotificationService.idl
5>64 bit MIDLRT Processing .\IReactDispatcher.idl
5>IReactDispatcher.idl
5>64 bit MIDLRT Processing .\IReactPropertyBag.idl
5>IReactPropertyBag.idl
5>64 bit MIDLRT Processing .\IReactModuleBuilder.idl
5>IReactModuleBuilder.idl
5>64 bit MIDLRT Processing .\IJSValueReader.idl
5>IJSValueReader.idl
5>64 bit MIDLRT Processing .\IViewManager.idl
5>IViewManager.idl
5>64 bit MIDLRT Processing .\IViewManagerCore.idl
5>IViewManagerCore.idl
5>64 bit MIDLRT Processing .\ReactPointerEventArgs.idl
5>ReactPointerEventArgs.idl
5>64 bit MIDLRT Processing .\ReactInstanceSettings.idl
5>ReactInstanceSettings.idl
5>64 bit MIDLRT Processing .\RedBoxHandler.idl
5>RedBoxHandler.idl
5>64 bit MIDLRT Processing C:\Users\Adam\Code\locallib\node_modules\react-native-windows\Microsoft.ReactNative\Views\cppwinrt\AccessibilityAction.idl
5>AccessibilityAction.idl
5>64 bit MIDLRT Processing C:\Program Files (x86)\Windows Kits\10\Include\10.0.19041.0\winrt\winrtbase.idl
5>winrtbase.idl
5>64 bit MIDLRT Processing C:\Program Files (x86)\Windows Kits\10\Include\10.0.19041.0\winrt\midlbase.idl
5>midlbase.idl
5>Processing WinMD c:\users\adam\.nuget\packages\microsoft.ui.xaml\2.8.0\lib\uap10.0\microsoft.ui.xaml.winmd
5>Processing WinMD c:\users\adam\.nuget\packages\microsoft.web.webview2\1.0.1264.42\lib\microsoft.web.webview2.core.winmd
5>Processing WinMD c:\program files (x86)\windows kits\10\references\10.0.19041.0\windows.ai.machinelearning.machinelearningcontract\3.0.0.0\windows.ai.machinelearning.machinelearningcontract.winmd
5>Processing WinMD c:\program files (x86)\windows kits\10\references\10.0.19041.0\windows.ai.machinelearning.preview.machinelearningpreviewcontract\2.0.0.0\windows.ai.machinelearning.preview.machinelearningpreviewcontract.winmd
5>Processing WinMD c:\program files (x86)\windows kits\10\references\10.0.19041.0\windows.applicationmodel.calls.background.callsbackgroundcontract\2.0.0.0\windows.applicationmodel.calls.background.callsbackgroundcontract.winmd
5>Processing WinMD c:\program files (x86)\windows kits\10\references\10.0.19041.0\windows.applicationmodel.calls.callsphonecontract\5.0.0.0\windows.applicationmodel.calls.callsphonecontract.winmd
5>Processing WinMD c:\program files (x86)\windows kits\10\references\10.0.19041.0\windows.applicationmodel.calls.callsvoipcontract\4.0.0.0\windows.applicationmodel.calls.callsvoipcontract.winmd
5>Processing WinMD c:\program files (x86)\windows kits\10\references\10.0.19041.0\windows.applicationmodel.communicationblocking.communicationblockingcontract\2.0.0.0\windows.applicationmodel.communicationblocking.communicationblockingcontract.winmd
5>Processing WinMD c:\program files (x86)\windows kits\10\references\10.0.19041.0\windows.applicationmodel.socialinfo.socialinfocontract\2.0.0.0\windows.applicationmodel.socialinfo.socialinfocontract.winmd
5>Processing WinMD c:\program files (x86)\windows kits\10\references\10.0.19041.0\windows.applicationmodel.startuptaskcontract\3.0.0.0\windows.applicationmodel.startuptaskcontract.winmd
5>Processing WinMD c:\program files (x86)\windows kits\10\references\10.0.19041.0\windows.devices.custom.customdevicecontract\1.0.0.0\windows.devices.custom.customdevicecontract.winmd
5>Processing WinMD c:\program files (x86)\windows kits\10\references\10.0.19041.0\windows.devices.deviceslowlevelcontract\3.0.0.0\windows.devices.deviceslowlevelcontract.winmd
5>Processing WinMD c:\program files (x86)\windows kits\10\references\10.0.19041.0\windows.devices.printers.printerscontract\1.0.0.0\windows.devices.printers.printerscontract.winmd
5>Processing WinMD c:\program files (x86)\windows kits\10\references\10.0.19041.0\windows.devices.smartcards.smartcardbackgroundtriggercontract\3.0.0.0\windows.devices.smartcards.smartcardbackgroundtriggercontract.winmd
5>Processing WinMD c:\program files (x86)\windows kits\10\references\10.0.19041.0\windows.devices.smartcards.smartcardemulatorcontract\6.0.0.0\windows.devices.smartcards.smartcardemulatorcontract.winmd
5>Processing WinMD c:\program files (x86)\windows kits\10\references\10.0.19041.0\windows.foundation.foundationcontract\4.0.0.0\windows.foundation.foundationcontract.winmd
5>Processing WinMD c:\program files (x86)\windows kits\10\references\10.0.19041.0\windows.foundation.universalapicontract\10.0.0.0\windows.foundation.universalapicontract.winmd
5>Processing WinMD c:\program files (x86)\windows kits\10\references\10.0.19041.0\windows.gaming.xboxlive.storageapicontract\1.0.0.0\windows.gaming.xboxlive.storageapicontract.winmd
5>Processing WinMD c:\program files (x86)\windows kits\10\references\10.0.19041.0\windows.graphics.printing3d.printing3dcontract\4.0.0.0\windows.graphics.printing3d.printing3dcontract.winmd
5>Processing WinMD c:\program files (x86)\windows kits\10\references\10.0.19041.0\windows.networking.connectivity.wwancontract\2.0.0.0\windows.networking.connectivity.wwancontract.winmd
5>Processing WinMD c:\program files (x86)\windows kits\10\references\10.0.19041.0\windows.networking.sockets.controlchanneltriggercontract\3.0.0.0\windows.networking.sockets.controlchanneltriggercontract.winmd
5>Processing WinMD c:\program files (x86)\windows kits\10\references\10.0.19041.0\windows.security.isolation.isolatedwindowsenvironmentcontract\2.0.0.0\windows.security.isolation.isolatedwindowsenvironmentcontract.winmd
5>Processing WinMD c:\program files (x86)\windows kits\10\references\10.0.19041.0\windows.services.maps.guidancecontract\3.0.0.0\windows.services.maps.guidancecontract.winmd
5>Processing WinMD c:\program files (x86)\windows kits\10\references\10.0.19041.0\windows.services.maps.localsearchcontract\4.0.0.0\windows.services.maps.localsearchcontract.winmd
5>Processing WinMD c:\program files (x86)\windows kits\10\references\10.0.19041.0\windows.services.store.storecontract\4.0.0.0\windows.services.store.storecontract.winmd
5>Processing WinMD c:\program files (x86)\windows kits\10\references\10.0.19041.0\windows.services.targetedcontent.targetedcontentcontract\1.0.0.0\windows.services.targetedcontent.targetedcontentcontract.winmd
5>Processing WinMD c:\program files (x86)\windows kits\10\references\10.0.19041.0\windows.storage.provider.cloudfilescontract\4.0.0.0\windows.storage.provider.cloudfilescontract.winmd
5>Processing WinMD c:\program files (x86)\windows kits\10\references\10.0.19041.0\windows.system.profile.profilehardwaretokencontract\1.0.0.0\windows.system.profile.profilehardwaretokencontract.winmd
5>Processing WinMD c:\program files (x86)\windows kits\10\references\10.0.19041.0\windows.system.profile.profilesharedmodecontract\2.0.0.0\windows.system.profile.profilesharedmodecontract.winmd
5>Processing WinMD c:\program files (x86)\windows kits\10\references\10.0.19041.0\windows.system.profile.systemmanufacturers.systemmanufacturerscontract\3.0.0.0\windows.system.profile.systemmanufacturers.systemmanufacturerscontract.winmd
5>Processing WinMD c:\program files (x86)\windows kits\10\references\10.0.19041.0\windows.system.systemmanagementcontract\7.0.0.0\windows.system.systemmanagementcontract.winmd
5>Processing WinMD c:\program files (x86)\windows kits\10\references\10.0.19041.0\windows.ui.viewmanagement.viewmanagementviewscalingcontract\1.0.0.0\windows.ui.viewmanagement.viewmanagementviewscalingcontract.winmd
5>Processing WinMD c:\program files (x86)\windows kits\10\references\10.0.19041.0\windows.ui.xaml.core.direct.xamldirectcontract\2.0.0.0\windows.ui.xaml.core.direct.xamldirectcontract.winmd
5>64 bit MIDLRT Processing C:\Users\Adam\Code\locallib\node_modules\react-native-windows\Microsoft.ReactNative\Views\cppwinrt\Effects.idl
5>Effects.idl
5>64 bit MIDLRT Processing C:\Program Files (x86)\Windows Kits\10\Include\10.0.19041.0\winrt\winrtbase.idl
5>winrtbase.idl
5>64 bit MIDLRT Processing C:\Program Files (x86)\Windows Kits\10\Include\10.0.19041.0\winrt\midlbase.idl
5>midlbase.idl
5>Processing WinMD c:\users\adam\.nuget\packages\microsoft.ui.xaml\2.8.0\lib\uap10.0\microsoft.ui.xaml.winmd
5>Processing WinMD c:\users\adam\.nuget\packages\microsoft.web.webview2\1.0.1264.42\lib\microsoft.web.webview2.core.winmd
5>Processing WinMD c:\program files (x86)\windows kits\10\references\10.0.19041.0\windows.ai.machinelearning.machinelearningcontract\3.0.0.0\windows.ai.machinelearning.machinelearningcontract.winmd
5>Processing WinMD c:\program files (x86)\windows kits\10\references\10.0.19041.0\windows.ai.machinelearning.preview.machinelearningpreviewcontract\2.0.0.0\windows.ai.machinelearning.preview.machinelearningpreviewcontract.winmd
5>Processing WinMD c:\program files (x86)\windows kits\10\references\10.0.19041.0\windows.applicationmodel.calls.background.callsbackgroundcontract\2.0.0.0\windows.applicationmodel.calls.background.callsbackgroundcontract.winmd
5>Processing WinMD c:\program files (x86)\windows kits\10\references\10.0.19041.0\windows.applicationmodel.calls.callsphonecontract\5.0.0.0\windows.applicationmodel.calls.callsphonecontract.winmd
5>Processing WinMD c:\program files (x86)\windows kits\10\references\10.0.19041.0\windows.applicationmodel.calls.callsvoipcontract\4.0.0.0\windows.applicationmodel.calls.callsvoipcontract.winmd
5>Processing WinMD c:\program files (x86)\windows kits\10\references\10.0.19041.0\windows.applicationmodel.communicationblocking.communicationblockingcontract\2.0.0.0\windows.applicationmodel.communicationblocking.communicationblockingcontract.winmd
5>Processing WinMD c:\program files (x86)\windows kits\10\references\10.0.19041.0\windows.applicationmodel.socialinfo.socialinfocontract\2.0.0.0\windows.applicationmodel.socialinfo.socialinfocontract.winmd
5>Processing WinMD c:\program files (x86)\windows kits\10\references\10.0.19041.0\windows.applicationmodel.startuptaskcontract\3.0.0.0\windows.applicationmodel.startuptaskcontract.winmd
5>Processing WinMD c:\program files (x86)\windows kits\10\references\10.0.19041.0\windows.devices.custom.customdevicecontract\1.0.0.0\windows.devices.custom.customdevicecontract.winmd
5>Processing WinMD c:\program files (x86)\windows kits\10\references\10.0.19041.0\windows.devices.deviceslowlevelcontract\3.0.0.0\windows.devices.deviceslowlevelcontract.winmd
5>Processing WinMD c:\program files (x86)\windows kits\10\references\10.0.19041.0\windows.devices.printers.printerscontract\1.0.0.0\windows.devices.printers.printerscontract.winmd
5>Processing WinMD c:\program files (x86)\windows kits\10\references\10.0.19041.0\windows.devices.smartcards.smartcardbackgroundtriggercontract\3.0.0.0\windows.devices.smartcards.smartcardbackgroundtriggercontract.winmd
5>Processing WinMD c:\program files (x86)\windows kits\10\references\10.0.19041.0\windows.devices.smartcards.smartcardemulatorcontract\6.0.0.0\windows.devices.smartcards.smartcardemulatorcontract.winmd
5>Processing WinMD c:\program files (x86)\windows kits\10\references\10.0.19041.0\windows.foundation.foundationcontract\4.0.0.0\windows.foundation.foundationcontract.winmd
5>Processing WinMD c:\program files (x86)\windows kits\10\references\10.0.19041.0\windows.foundation.universalapicontract\10.0.0.0\windows.foundation.universalapicontract.winmd
5>Processing WinMD c:\program files (x86)\windows kits\10\references\10.0.19041.0\windows.gaming.xboxlive.storageapicontract\1.0.0.0\windows.gaming.xboxlive.storageapicontract.winmd
5>Processing WinMD c:\program files (x86)\windows kits\10\references\10.0.19041.0\windows.graphics.printing3d.printing3dcontract\4.0.0.0\windows.graphics.printing3d.printing3dcontract.winmd
5>Processing WinMD c:\program files (x86)\windows kits\10\references\10.0.19041.0\windows.networking.connectivity.wwancontract\2.0.0.0\windows.networking.connectivity.wwancontract.winmd
5>Processing WinMD c:\program files (x86)\windows kits\10\references\10.0.19041.0\windows.networking.sockets.controlchanneltriggercontract\3.0.0.0\windows.networking.sockets.controlchanneltriggercontract.winmd
5>Processing WinMD c:\program files (x86)\windows kits\10\references\10.0.19041.0\windows.security.isolation.isolatedwindowsenvironmentcontract\2.0.0.0\windows.security.isolation.isolatedwindowsenvironmentcontract.winmd
5>Processing WinMD c:\program files (x86)\windows kits\10\references\10.0.19041.0\windows.services.maps.guidancecontract\3.0.0.0\windows.services.maps.guidancecontract.winmd
5>Processing WinMD c:\program files (x86)\windows kits\10\references\10.0.19041.0\windows.services.maps.localsearchcontract\4.0.0.0\windows.services.maps.localsearchcontract.winmd
5>Processing WinMD c:\program files (x86)\windows kits\10\references\10.0.19041.0\windows.services.store.storecontract\4.0.0.0\windows.services.store.storecontract.winmd
5>Processing WinMD c:\program files (x86)\windows kits\10\references\10.0.19041.0\windows.services.targetedcontent.targetedcontentcontract\1.0.0.0\windows.services.targetedcontent.targetedcontentcontract.winmd
5>Processing WinMD c:\program files (x86)\windows kits\10\references\10.0.19041.0\windows.storage.provider.cloudfilescontract\4.0.0.0\windows.storage.provider.cloudfilescontract.winmd
5>Processing WinMD c:\program files (x86)\windows kits\10\references\10.0.19041.0\windows.system.profile.profilehardwaretokencontract\1.0.0.0\windows.system.profile.profilehardwaretokencontract.winmd
5>Processing WinMD c:\program files (x86)\windows kits\10\references\10.0.19041.0\windows.system.profile.profilesharedmodecontract\2.0.0.0\windows.system.profile.profilesharedmodecontract.winmd
5>Processing WinMD c:\program files (x86)\windows kits\10\references\10.0.19041.0\windows.system.profile.systemmanufacturers.systemmanufacturerscontract\3.0.0.0\windows.system.profile.systemmanufacturers.systemmanufacturerscontract.winmd
5>Processing WinMD c:\program files (x86)\windows kits\10\references\10.0.19041.0\windows.system.systemmanagementcontract\7.0.0.0\windows.system.systemmanagementcontract.winmd
5>Processing WinMD c:\program files (x86)\windows kits\10\references\10.0.19041.0\windows.ui.viewmanagement.viewmanagementviewscalingcontract\1.0.0.0\windows.ui.viewmanagement.viewmanagementviewscalingcontract.winmd
5>Processing WinMD c:\program files (x86)\windows kits\10\references\10.0.19041.0\windows.ui.xaml.core.direct.xamldirectcontract\2.0.0.0\windows.ui.xaml.core.direct.xamldirectcontract.winmd
5>64 bit MIDLRT Processing C:\Users\Adam\Code\locallib\node_modules\react-native-windows\Microsoft.ReactNative\Views\cppwinrt\DynamicAutomationPeer.idl
5>DynamicAutomationPeer.idl
5>64 bit MIDLRT Processing C:\Program Files (x86)\Windows Kits\10\Include\10.0.19041.0\winrt\winrtbase.idl
5>winrtbase.idl
5>64 bit MIDLRT Processing C:\Program Files (x86)\Windows Kits\10\Include\10.0.19041.0\winrt\midlbase.idl
5>midlbase.idl
5>Processing WinMD c:\users\adam\.nuget\packages\microsoft.ui.xaml\2.8.0\lib\uap10.0\microsoft.ui.xaml.winmd
5>Processing WinMD c:\users\adam\.nuget\packages\microsoft.web.webview2\1.0.1264.42\lib\microsoft.web.webview2.core.winmd
5>Processing WinMD c:\program files (x86)\windows kits\10\references\10.0.19041.0\windows.ai.machinelearning.machinelearningcontract\3.0.0.0\windows.ai.machinelearning.machinelearningcontract.winmd
5>Processing WinMD c:\program files (x86)\windows kits\10\references\10.0.19041.0\windows.ai.machinelearning.preview.machinelearningpreviewcontract\2.0.0.0\windows.ai.machinelearning.preview.machinelearningpreviewcontract.winmd
5>Processing WinMD c:\program files (x86)\windows kits\10\references\10.0.19041.0\windows.applicationmodel.calls.background.callsbackgroundcontract\2.0.0.0\windows.applicationmodel.calls.background.callsbackgroundcontract.winmd
5>Processing WinMD c:\program files (x86)\windows kits\10\references\10.0.19041.0\windows.applicationmodel.calls.callsphonecontract\5.0.0.0\windows.applicationmodel.calls.callsphonecontract.winmd
5>Processing WinMD c:\program files (x86)\windows kits\10\references\10.0.19041.0\windows.applicationmodel.calls.callsvoipcontract\4.0.0.0\windows.applicationmodel.calls.callsvoipcontract.winmd
5>Processing WinMD c:\program files (x86)\windows kits\10\references\10.0.19041.0\windows.applicationmodel.communicationblocking.communicationblockingcontract\2.0.0.0\windows.applicationmodel.communicationblocking.communicationblockingcontract.winmd
5>Processing WinMD c:\program files (x86)\windows kits\10\references\10.0.19041.0\windows.applicationmodel.socialinfo.socialinfocontract\2.0.0.0\windows.applicationmodel.socialinfo.socialinfocontract.winmd
5>Processing WinMD c:\program files (x86)\windows kits\10\references\10.0.19041.0\windows.applicationmodel.startuptaskcontract\3.0.0.0\windows.applicationmodel.startuptaskcontract.winmd
5>Processing WinMD c:\program files (x86)\windows kits\10\references\10.0.19041.0\windows.devices.custom.customdevicecontract\1.0.0.0\windows.devices.custom.customdevicecontract.winmd
5>Processing WinMD c:\program files (x86)\windows kits\10\references\10.0.19041.0\windows.devices.deviceslowlevelcontract\3.0.0.0\windows.devices.deviceslowlevelcontract.winmd
5>Processing WinMD c:\program files (x86)\windows kits\10\references\10.0.19041.0\windows.devices.printers.printerscontract\1.0.0.0\windows.devices.printers.printerscontract.winmd
5>Processing WinMD c:\program files (x86)\windows kits\10\references\10.0.19041.0\windows.devices.smartcards.smartcardbackgroundtriggercontract\3.0.0.0\windows.devices.smartcards.smartcardbackgroundtriggercontract.winmd
5>Processing WinMD c:\program files (x86)\windows kits\10\references\10.0.19041.0\windows.devices.smartcards.smartcardemulatorcontract\6.0.0.0\windows.devices.smartcards.smartcardemulatorcontract.winmd
5>Processing WinMD c:\program files (x86)\windows kits\10\references\10.0.19041.0\windows.foundation.foundationcontract\4.0.0.0\windows.foundation.foundationcontract.winmd
5>Processing WinMD c:\program files (x86)\windows kits\10\references\10.0.19041.0\windows.foundation.universalapicontract\10.0.0.0\windows.foundation.universalapicontract.winmd
5>Processing WinMD c:\program files (x86)\windows kits\10\references\10.0.19041.0\windows.gaming.xboxlive.storageapicontract\1.0.0.0\windows.gaming.xboxlive.storageapicontract.winmd
5>Processing WinMD c:\program files (x86)\windows kits\10\references\10.0.19041.0\windows.graphics.printing3d.printing3dcontract\4.0.0.0\windows.graphics.printing3d.printing3dcontract.winmd
5>Processing WinMD c:\program files (x86)\windows kits\10\references\10.0.19041.0\windows.networking.connectivity.wwancontract\2.0.0.0\windows.networking.connectivity.wwancontract.winmd
5>Processing WinMD c:\program files (x86)\windows kits\10\references\10.0.19041.0\windows.networking.sockets.controlchanneltriggercontract\3.0.0.0\windows.networking.sockets.controlchanneltriggercontract.winmd
5>Processing WinMD c:\program files (x86)\windows kits\10\references\10.0.19041.0\windows.security.isolation.isolatedwindowsenvironmentcontract\2.0.0.0\windows.security.isolation.isolatedwindowsenvironmentcontract.winmd
5>Processing WinMD c:\program files (x86)\windows kits\10\references\10.0.19041.0\windows.services.maps.guidancecontract\3.0.0.0\windows.services.maps.guidancecontract.winmd
5>Processing WinMD c:\program files (x86)\windows kits\10\references\10.0.19041.0\windows.services.maps.localsearchcontract\4.0.0.0\windows.services.maps.localsearchcontract.winmd
5>Processing WinMD c:\program files (x86)\windows kits\10\references\10.0.19041.0\windows.services.store.storecontract\4.0.0.0\windows.services.store.storecontract.winmd
5>Processing WinMD c:\program files (x86)\windows kits\10\references\10.0.19041.0\windows.services.targetedcontent.targetedcontentcontract\1.0.0.0\windows.services.targetedcontent.targetedcontentcontract.winmd
5>Processing WinMD c:\program files (x86)\windows kits\10\references\10.0.19041.0\windows.storage.provider.cloudfilescontract\4.0.0.0\windows.storage.provider.cloudfilescontract.winmd
5>Processing WinMD c:\program files (x86)\windows kits\10\references\10.0.19041.0\windows.system.profile.profilehardwaretokencontract\1.0.0.0\windows.system.profile.profilehardwaretokencontract.winmd
5>Processing WinMD c:\program files (x86)\windows kits\10\references\10.0.19041.0\windows.system.profile.profilesharedmodecontract\2.0.0.0\windows.system.profile.profilesharedmodecontract.winmd
5>Processing WinMD c:\program files (x86)\windows kits\10\references\10.0.19041.0\windows.system.profile.systemmanufacturers.systemmanufacturerscontract\3.0.0.0\windows.system.profile.systemmanufacturers.systemmanufacturerscontract.winmd
5>Processing WinMD c:\program files (x86)\windows kits\10\references\10.0.19041.0\windows.system.systemmanagementcontract\7.0.0.0\windows.system.systemmanagementcontract.winmd
5>Processing WinMD c:\program files (x86)\windows kits\10\references\10.0.19041.0\windows.ui.viewmanagement.viewmanagementviewscalingcontract\1.0.0.0\windows.ui.viewmanagement.viewmanagementviewscalingcontract.winmd
5>Processing WinMD c:\program files (x86)\windows kits\10\references\10.0.19041.0\windows.ui.xaml.core.direct.xamldirectcontract\2.0.0.0\windows.ui.xaml.core.direct.xamldirectcontract.winmd
5>64 bit MIDLRT Processing C:\Users\Adam\Code\locallib\node_modules\react-native-windows\Microsoft.ReactNative\Views\cppwinrt\AccessibilityAction.idl
5>AccessibilityAction.idl
5>64 bit MIDLRT Processing C:\Users\Adam\Code\locallib\node_modules\react-native-windows\Microsoft.ReactNative\Views\cppwinrt\ViewPanel.idl
5>ViewPanel.idl
5>64 bit MIDLRT Processing C:\Program Files (x86)\Windows Kits\10\Include\10.0.19041.0\winrt\winrtbase.idl
5>winrtbase.idl
5>64 bit MIDLRT Processing C:\Program Files (x86)\Windows Kits\10\Include\10.0.19041.0\winrt\midlbase.idl
5>midlbase.idl
5>Processing WinMD c:\users\adam\.nuget\packages\microsoft.ui.xaml\2.8.0\lib\uap10.0\microsoft.ui.xaml.winmd
5>Processing WinMD c:\users\adam\.nuget\packages\microsoft.web.webview2\1.0.1264.42\lib\microsoft.web.webview2.core.winmd
5>Processing WinMD c:\program files (x86)\windows kits\10\references\10.0.19041.0\windows.ai.machinelearning.machinelearningcontract\3.0.0.0\windows.ai.machinelearning.machinelearningcontract.winmd
5>Processing WinMD c:\program files (x86)\windows kits\10\references\10.0.19041.0\windows.ai.machinelearning.preview.machinelearningpreviewcontract\2.0.0.0\windows.ai.machinelearning.preview.machinelearningpreviewcontract.winmd
5>Processing WinMD c:\program files (x86)\windows kits\10\references\10.0.19041.0\windows.applicationmodel.calls.background.callsbackgroundcontract\2.0.0.0\windows.applicationmodel.calls.background.callsbackgroundcontract.winmd
5>Processing WinMD c:\program files (x86)\windows kits\10\references\10.0.19041.0\windows.applicationmodel.calls.callsphonecontract\5.0.0.0\windows.applicationmodel.calls.callsphonecontract.winmd
5>Processing WinMD c:\program files (x86)\windows kits\10\references\10.0.19041.0\windows.applicationmodel.calls.callsvoipcontract\4.0.0.0\windows.applicationmodel.calls.callsvoipcontract.winmd
5>Processing WinMD c:\program files (x86)\windows kits\10\references\10.0.19041.0\windows.applicationmodel.communicationblocking.communicationblockingcontract\2.0.0.0\windows.applicationmodel.communicationblocking.communicationblockingcontract.winmd
5>Processing WinMD c:\program files (x86)\windows kits\10\references\10.0.19041.0\windows.applicationmodel.socialinfo.socialinfocontract\2.0.0.0\windows.applicationmodel.socialinfo.socialinfocontract.winmd
5>Processing WinMD c:\program files (x86)\windows kits\10\references\10.0.19041.0\windows.applicationmodel.startuptaskcontract\3.0.0.0\windows.applicationmodel.startuptaskcontract.winmd
5>Processing WinMD c:\program files (x86)\windows kits\10\references\10.0.19041.0\windows.devices.custom.customdevicecontract\1.0.0.0\windows.devices.custom.customdevicecontract.winmd
5>Processing WinMD c:\program files (x86)\windows kits\10\references\10.0.19041.0\windows.devices.deviceslowlevelcontract\3.0.0.0\windows.devices.deviceslowlevelcontract.winmd
5>Processing WinMD c:\program files (x86)\windows kits\10\references\10.0.19041.0\windows.devices.printers.printerscontract\1.0.0.0\windows.devices.printers.printerscontract.winmd
5>Processing WinMD c:\program files (x86)\windows kits\10\references\10.0.19041.0\windows.devices.smartcards.smartcardbackgroundtriggercontract\3.0.0.0\windows.devices.smartcards.smartcardbackgroundtriggercontract.winmd
5>Processing WinMD c:\program files (x86)\windows kits\10\references\10.0.19041.0\windows.devices.smartcards.smartcardemulatorcontract\6.0.0.0\windows.devices.smartcards.smartcardemulatorcontract.winmd
5>Processing WinMD c:\program files (x86)\windows kits\10\references\10.0.19041.0\windows.foundation.foundationcontract\4.0.0.0\windows.foundation.foundationcontract.winmd
5>Processing WinMD c:\program files (x86)\windows kits\10\references\10.0.19041.0\windows.foundation.universalapicontract\10.0.0.0\windows.foundation.universalapicontract.winmd
5>Processing WinMD c:\program files (x86)\windows kits\10\references\10.0.19041.0\windows.gaming.xboxlive.storageapicontract\1.0.0.0\windows.gaming.xboxlive.storageapicontract.winmd
5>Processing WinMD c:\program files (x86)\windows kits\10\references\10.0.19041.0\windows.graphics.printing3d.printing3dcontract\4.0.0.0\windows.graphics.printing3d.printing3dcontract.winmd
5>Processing WinMD c:\program files (x86)\windows kits\10\references\10.0.19041.0\windows.networking.connectivity.wwancontract\2.0.0.0\windows.networking.connectivity.wwancontract.winmd
5>Processing WinMD c:\program files (x86)\windows kits\10\references\10.0.19041.0\windows.networking.sockets.controlchanneltriggercontract\3.0.0.0\windows.networking.sockets.controlchanneltriggercontract.winmd
5>Processing WinMD c:\program files (x86)\windows kits\10\references\10.0.19041.0\windows.security.isolation.isolatedwindowsenvironmentcontract\2.0.0.0\windows.security.isolation.isolatedwindowsenvironmentcontract.winmd
5>Processing WinMD c:\program files (x86)\windows kits\10\references\10.0.19041.0\windows.services.maps.guidancecontract\3.0.0.0\windows.services.maps.guidancecontract.winmd
5>Processing WinMD c:\program files (x86)\windows kits\10\references\10.0.19041.0\windows.services.maps.localsearchcontract\4.0.0.0\windows.services.maps.localsearchcontract.winmd
5>Processing WinMD c:\program files (x86)\windows kits\10\references\10.0.19041.0\windows.services.store.storecontract\4.0.0.0\windows.services.store.storecontract.winmd
5>Processing WinMD c:\program files (x86)\windows kits\10\references\10.0.19041.0\windows.services.targetedcontent.targetedcontentcontract\1.0.0.0\windows.services.targetedcontent.targetedcontentcontract.winmd
5>Processing WinMD c:\program files (x86)\windows kits\10\references\10.0.19041.0\windows.storage.provider.cloudfilescontract\4.0.0.0\windows.storage.provider.cloudfilescontract.winmd
5>Processing WinMD c:\program files (x86)\windows kits\10\references\10.0.19041.0\windows.system.profile.profilehardwaretokencontract\1.0.0.0\windows.system.profile.profilehardwaretokencontract.winmd
5>Processing WinMD c:\program files (x86)\windows kits\10\references\10.0.19041.0\windows.system.profile.profilesharedmodecontract\2.0.0.0\windows.system.profile.profilesharedmodecontract.winmd
5>Processing WinMD c:\program files (x86)\windows kits\10\references\10.0.19041.0\windows.system.profile.systemmanufacturers.systemmanufacturerscontract\3.0.0.0\windows.system.profile.systemmanufacturers.systemmanufacturerscontract.winmd
5>Processing WinMD c:\program files (x86)\windows kits\10\references\10.0.19041.0\windows.system.systemmanagementcontract\7.0.0.0\windows.system.systemmanagementcontract.winmd
5>Processing WinMD c:\program files (x86)\windows kits\10\references\10.0.19041.0\windows.ui.viewmanagement.viewmanagementviewscalingcontract\1.0.0.0\windows.ui.viewmanagement.viewmanagementviewscalingcontract.winmd
5>Processing WinMD c:\program files (x86)\windows kits\10\references\10.0.19041.0\windows.ui.xaml.core.direct.xamldirectcontract\2.0.0.0\windows.ui.xaml.core.direct.xamldirectcontract.winmd
5>64 bit MIDLRT Processing C:\Users\Adam\Code\locallib\node_modules\react-native-windows\Microsoft.ReactNative\Views\cppwinrt\DynamicAutomationPeer.idl
5>DynamicAutomationPeer.idl
5>64 bit MIDLRT Processing C:\Users\Adam\Code\locallib\node_modules\react-native-windows\Microsoft.ReactNative\Views\cppwinrt\AccessibilityAction.idl
5>AccessibilityAction.idl
5>64 bit MIDLRT Processing C:\Users\Adam\Code\locallib\node_modules\react-native-windows\Microsoft.ReactNative\LayoutService.idl
5>LayoutService.idl
5>64 bit MIDLRT Processing C:\Program Files (x86)\Windows Kits\10\Include\10.0.19041.0\winrt\winrtbase.idl
5>winrtbase.idl
5>64 bit MIDLRT Processing C:\Program Files (x86)\Windows Kits\10\Include\10.0.19041.0\winrt\midlbase.idl
5>midlbase.idl
5>Processing WinMD c:\users\adam\.nuget\packages\microsoft.ui.xaml\2.8.0\lib\uap10.0\microsoft.ui.xaml.winmd
5>Processing WinMD c:\users\adam\.nuget\packages\microsoft.web.webview2\1.0.1264.42\lib\microsoft.web.webview2.core.winmd
5>Processing WinMD c:\program files (x86)\windows kits\10\references\10.0.19041.0\windows.ai.machinelearning.machinelearningcontract\3.0.0.0\windows.ai.machinelearning.machinelearningcontract.winmd
5>Processing WinMD c:\program files (x86)\windows kits\10\references\10.0.19041.0\windows.ai.machinelearning.preview.machinelearningpreviewcontract\2.0.0.0\windows.ai.machinelearning.preview.machinelearningpreviewcontract.winmd
5>Processing WinMD c:\program files (x86)\windows kits\10\references\10.0.19041.0\windows.applicationmodel.calls.background.callsbackgroundcontract\2.0.0.0\windows.applicationmodel.calls.background.callsbackgroundcontract.winmd
5>Processing WinMD c:\program files (x86)\windows kits\10\references\10.0.19041.0\windows.applicationmodel.calls.callsphonecontract\5.0.0.0\windows.applicationmodel.calls.callsphonecontract.winmd
5>Processing WinMD c:\program files (x86)\windows kits\10\references\10.0.19041.0\windows.applicationmodel.calls.callsvoipcontract\4.0.0.0\windows.applicationmodel.calls.callsvoipcontract.winmd
5>Processing WinMD c:\program files (x86)\windows kits\10\references\10.0.19041.0\windows.applicationmodel.communicationblocking.communicationblockingcontract\2.0.0.0\windows.applicationmodel.communicationblocking.communicationblockingcontract.winmd
5>Processing WinMD c:\program files (x86)\windows kits\10\references\10.0.19041.0\windows.applicationmodel.socialinfo.socialinfocontract\2.0.0.0\windows.applicationmodel.socialinfo.socialinfocontract.winmd
5>Processing WinMD c:\program files (x86)\windows kits\10\references\10.0.19041.0\windows.applicationmodel.startuptaskcontract\3.0.0.0\windows.applicationmodel.startuptaskcontract.winmd
5>Processing WinMD c:\program files (x86)\windows kits\10\references\10.0.19041.0\windows.devices.custom.customdevicecontract\1.0.0.0\windows.devices.custom.customdevicecontract.winmd
5>Processing WinMD c:\program files (x86)\windows kits\10\references\10.0.19041.0\windows.devices.deviceslowlevelcontract\3.0.0.0\windows.devices.deviceslowlevelcontract.winmd
5>Processing WinMD c:\program files (x86)\windows kits\10\references\10.0.19041.0\windows.devices.printers.printerscontract\1.0.0.0\windows.devices.printers.printerscontract.winmd
5>Processing WinMD c:\program files (x86)\windows kits\10\references\10.0.19041.0\windows.devices.smartcards.smartcardbackgroundtriggercontract\3.0.0.0\windows.devices.smartcards.smartcardbackgroundtriggercontract.winmd
5>Processing WinMD c:\program files (x86)\windows kits\10\references\10.0.19041.0\windows.devices.smartcards.smartcardemulatorcontract\6.0.0.0\windows.devices.smartcards.smartcardemulatorcontract.winmd
5>Processing WinMD c:\program files (x86)\windows kits\10\references\10.0.19041.0\windows.foundation.foundationcontract\4.0.0.0\windows.foundation.foundationcontract.winmd
5>Processing WinMD c:\program files (x86)\windows kits\10\references\10.0.19041.0\windows.foundation.universalapicontract\10.0.0.0\windows.foundation.universalapicontract.winmd
5>Processing WinMD c:\program files (x86)\windows kits\10\references\10.0.19041.0\windows.gaming.xboxlive.storageapicontract\1.0.0.0\windows.gaming.xboxlive.storageapicontract.winmd
5>Processing WinMD c:\program files (x86)\windows kits\10\references\10.0.19041.0\windows.graphics.printing3d.printing3dcontract\4.0.0.0\windows.graphics.printing3d.printing3dcontract.winmd
5>Processing WinMD c:\program files (x86)\windows kits\10\references\10.0.19041.0\windows.networking.connectivity.wwancontract\2.0.0.0\windows.networking.connectivity.wwancontract.winmd
5>Processing WinMD c:\program files (x86)\windows kits\10\references\10.0.19041.0\windows.networking.sockets.controlchanneltriggercontract\3.0.0.0\windows.networking.sockets.controlchanneltriggercontract.winmd
5>Processing WinMD c:\program files (x86)\windows kits\10\references\10.0.19041.0\windows.security.isolation.isolatedwindowsenvironmentcontract\2.0.0.0\windows.security.isolation.isolatedwindowsenvironmentcontract.winmd
5>Processing WinMD c:\program files (x86)\windows kits\10\references\10.0.19041.0\windows.services.maps.guidancecontract\3.0.0.0\windows.services.maps.guidancecontract.winmd
5>Processing WinMD c:\program files (x86)\windows kits\10\references\10.0.19041.0\windows.services.maps.localsearchcontract\4.0.0.0\windows.services.maps.localsearchcontract.winmd
5>Processing WinMD c:\program files (x86)\windows kits\10\references\10.0.19041.0\windows.services.store.storecontract\4.0.0.0\windows.services.store.storecontract.winmd
5>Processing WinMD c:\program files (x86)\windows kits\10\references\10.0.19041.0\windows.services.targetedcontent.targetedcontentcontract\1.0.0.0\windows.services.targetedcontent.targetedcontentcontract.winmd
5>Processing WinMD c:\program files (x86)\windows kits\10\references\10.0.19041.0\windows.storage.provider.cloudfilescontract\4.0.0.0\windows.storage.provider.cloudfilescontract.winmd
5>Processing WinMD c:\program files (x86)\windows kits\10\references\10.0.19041.0\windows.system.profile.profilehardwaretokencontract\1.0.0.0\windows.system.profile.profilehardwaretokencontract.winmd
5>Processing WinMD c:\program files (x86)\windows kits\10\references\10.0.19041.0\windows.system.profile.profilesharedmodecontract\2.0.0.0\windows.system.profile.profilesharedmodecontract.winmd
5>Processing WinMD c:\program files (x86)\windows kits\10\references\10.0.19041.0\windows.system.profile.systemmanufacturers.systemmanufacturerscontract\3.0.0.0\windows.system.profile.systemmanufacturers.systemmanufacturerscontract.winmd
5>Processing WinMD c:\program files (x86)\windows kits\10\references\10.0.19041.0\windows.system.systemmanagementcontract\7.0.0.0\windows.system.systemmanagementcontract.winmd
5>Processing WinMD c:\program files (x86)\windows kits\10\references\10.0.19041.0\windows.ui.viewmanagement.viewmanagementviewscalingcontract\1.0.0.0\windows.ui.viewmanagement.viewmanagementviewscalingcontract.winmd
5>Processing WinMD c:\program files (x86)\windows kits\10\references\10.0.19041.0\windows.ui.xaml.core.direct.xamldirectcontract\2.0.0.0\windows.ui.xaml.core.direct.xamldirectcontract.winmd
5>64 bit MIDLRT Processing .\IReactContext.idl
5>IReactContext.idl
5>64 bit MIDLRT Processing .\IJSValueWriter.idl
5>IJSValueWriter.idl
5>64 bit MIDLRT Processing .\DocString.idl
5>DocString.idl
5>64 bit MIDLRT Processing .\IReactNotificationService.idl
5>IReactNotificationService.idl
5>64 bit MIDLRT Processing .\IReactDispatcher.idl
5>IReactDispatcher.idl
5>64 bit MIDLRT Processing .\IReactPropertyBag.idl
5>IReactPropertyBag.idl
5>64 bit MIDLRT Processing C:\Users\Adam\Code\locallib\node_modules\react-native-windows\Microsoft.ReactNative\XamlUIService.idl
5>XamlUIService.idl
5>64 bit MIDLRT Processing C:\Program Files (x86)\Windows Kits\10\Include\10.0.19041.0\winrt\winrtbase.idl
5>winrtbase.idl
5>64 bit MIDLRT Processing C:\Program Files (x86)\Windows Kits\10\Include\10.0.19041.0\winrt\midlbase.idl
5>midlbase.idl
5>Processing WinMD c:\users\adam\.nuget\packages\microsoft.ui.xaml\2.8.0\lib\uap10.0\microsoft.ui.xaml.winmd
5>Processing WinMD c:\users\adam\.nuget\packages\microsoft.web.webview2\1.0.1264.42\lib\microsoft.web.webview2.core.winmd
5>Processing WinMD c:\program files (x86)\windows kits\10\references\10.0.19041.0\windows.ai.machinelearning.machinelearningcontract\3.0.0.0\windows.ai.machinelearning.machinelearningcontract.winmd
5>Processing WinMD c:\program files (x86)\windows kits\10\references\10.0.19041.0\windows.ai.machinelearning.preview.machinelearningpreviewcontract\2.0.0.0\windows.ai.machinelearning.preview.machinelearningpreviewcontract.winmd
5>Processing WinMD c:\program files (x86)\windows kits\10\references\10.0.19041.0\windows.applicationmodel.calls.background.callsbackgroundcontract\2.0.0.0\windows.applicationmodel.calls.background.callsbackgroundcontract.winmd
5>Processing WinMD c:\program files (x86)\windows kits\10\references\10.0.19041.0\windows.applicationmodel.calls.callsphonecontract\5.0.0.0\windows.applicationmodel.calls.callsphonecontract.winmd
5>Processing WinMD c:\program files (x86)\windows kits\10\references\10.0.19041.0\windows.applicationmodel.calls.callsvoipcontract\4.0.0.0\windows.applicationmodel.calls.callsvoipcontract.winmd
5>Processing WinMD c:\program files (x86)\windows kits\10\references\10.0.19041.0\windows.applicationmodel.communicationblocking.communicationblockingcontract\2.0.0.0\windows.applicationmodel.communicationblocking.communicationblockingcontract.winmd
5>Processing WinMD c:\program files (x86)\windows kits\10\references\10.0.19041.0\windows.applicationmodel.socialinfo.socialinfocontract\2.0.0.0\windows.applicationmodel.socialinfo.socialinfocontract.winmd
5>Processing WinMD c:\program files (x86)\windows kits\10\references\10.0.19041.0\windows.applicationmodel.startuptaskcontract\3.0.0.0\windows.applicationmodel.startuptaskcontract.winmd
5>Processing WinMD c:\program files (x86)\windows kits\10\references\10.0.19041.0\windows.devices.custom.customdevicecontract\1.0.0.0\windows.devices.custom.customdevicecontract.winmd
5>Processing WinMD c:\program files (x86)\windows kits\10\references\10.0.19041.0\windows.devices.deviceslowlevelcontract\3.0.0.0\windows.devices.deviceslowlevelcontract.winmd
5>Processing WinMD c:\program files (x86)\windows kits\10\references\10.0.19041.0\windows.devices.printers.printerscontract\1.0.0.0\windows.devices.printers.printerscontract.winmd
5>Processing WinMD c:\program files (x86)\windows kits\10\references\10.0.19041.0\windows.devices.smartcards.smartcardbackgroundtriggercontract\3.0.0.0\windows.devices.smartcards.smartcardbackgroundtriggercontract.winmd
5>Processing WinMD c:\program files (x86)\windows kits\10\references\10.0.19041.0\windows.devices.smartcards.smartcardemulatorcontract\6.0.0.0\windows.devices.smartcards.smartcardemulatorcontract.winmd
5>Processing WinMD c:\program files (x86)\windows kits\10\references\10.0.19041.0\windows.foundation.foundationcontract\4.0.0.0\windows.foundation.foundationcontract.winmd
5>Processing WinMD c:\program files (x86)\windows kits\10\references\10.0.19041.0\windows.foundation.universalapicontract\10.0.0.0\windows.foundation.universalapicontract.winmd
5>Processing WinMD c:\program files (x86)\windows kits\10\references\10.0.19041.0\windows.gaming.xboxlive.storageapicontract\1.0.0.0\windows.gaming.xboxlive.storageapicontract.winmd
5>Processing WinMD c:\program files (x86)\windows kits\10\references\10.0.19041.0\windows.graphics.printing3d.printing3dcontract\4.0.0.0\windows.graphics.printing3d.printing3dcontract.winmd
5>Processing WinMD c:\program files (x86)\windows kits\10\references\10.0.19041.0\windows.networking.connectivity.wwancontract\2.0.0.0\windows.networking.connectivity.wwancontract.winmd
5>Processing WinMD c:\program files (x86)\windows kits\10\references\10.0.19041.0\windows.networking.sockets.controlchanneltriggercontract\3.0.0.0\windows.networking.sockets.controlchanneltriggercontract.winmd
5>Processing WinMD c:\program files (x86)\windows kits\10\references\10.0.19041.0\windows.security.isolation.isolatedwindowsenvironmentcontract\2.0.0.0\windows.security.isolation.isolatedwindowsenvironmentcontract.winmd
5>Processing WinMD c:\program files (x86)\windows kits\10\references\10.0.19041.0\windows.services.maps.guidancecontract\3.0.0.0\windows.services.maps.guidancecontract.winmd
5>Processing WinMD c:\program files (x86)\windows kits\10\references\10.0.19041.0\windows.services.maps.localsearchcontract\4.0.0.0\windows.services.maps.localsearchcontract.winmd
5>Processing WinMD c:\program files (x86)\windows kits\10\references\10.0.19041.0\windows.services.store.storecontract\4.0.0.0\windows.services.store.storecontract.winmd
5>Processing WinMD c:\program files (x86)\windows kits\10\references\10.0.19041.0\windows.services.targetedcontent.targetedcontentcontract\1.0.0.0\windows.services.targetedcontent.targetedcontentcontract.winmd
5>Processing WinMD c:\program files (x86)\windows kits\10\references\10.0.19041.0\windows.storage.provider.cloudfilescontract\4.0.0.0\windows.storage.provider.cloudfilescontract.winmd
5>Processing WinMD c:\program files (x86)\windows kits\10\references\10.0.19041.0\windows.system.profile.profilehardwaretokencontract\1.0.0.0\windows.system.profile.profilehardwaretokencontract.winmd
5>Processing WinMD c:\program files (x86)\windows kits\10\references\10.0.19041.0\windows.system.profile.profilesharedmodecontract\2.0.0.0\windows.system.profile.profilesharedmodecontract.winmd
5>Processing WinMD c:\program files (x86)\windows kits\10\references\10.0.19041.0\windows.system.profile.systemmanufacturers.systemmanufacturerscontract\3.0.0.0\windows.system.profile.systemmanufacturers.systemmanufacturerscontract.winmd
5>Processing WinMD c:\program files (x86)\windows kits\10\references\10.0.19041.0\windows.system.systemmanagementcontract\7.0.0.0\windows.system.systemmanagementcontract.winmd
5>Processing WinMD c:\program files (x86)\windows kits\10\references\10.0.19041.0\windows.ui.viewmanagement.viewmanagementviewscalingcontract\1.0.0.0\windows.ui.viewmanagement.viewmanagementviewscalingcontract.winmd
5>Processing WinMD c:\program files (x86)\windows kits\10\references\10.0.19041.0\windows.ui.xaml.core.direct.xamldirectcontract\2.0.0.0\windows.ui.xaml.core.direct.xamldirectcontract.winmd
5>64 bit MIDLRT Processing .\IReactContext.idl
5>IReactContext.idl
5>64 bit MIDLRT Processing .\IJSValueWriter.idl
5>IJSValueWriter.idl
5>64 bit MIDLRT Processing .\DocString.idl
5>DocString.idl
5>64 bit MIDLRT Processing .\IReactNotificationService.idl
5>IReactNotificationService.idl
5>64 bit MIDLRT Processing .\IReactDispatcher.idl
5>IReactDispatcher.idl
5>64 bit MIDLRT Processing .\IReactPropertyBag.idl
5>IReactPropertyBag.idl
5>64 bit MIDLRT Processing .\ReactRootView.idl
5>ReactRootView.idl
5>64 bit MIDLRT Processing .\ReactNativeHost.idl
5>ReactNativeHost.idl
5>64 bit MIDLRT Processing .\IReactPackageProvider.idl
5>IReactPackageProvider.idl
5>64 bit MIDLRT Processing .\IReactPackageBuilder.idl
5>IReactPackageBuilder.idl
5>64 bit MIDLRT Processing .\IReactModuleBuilder.idl
5>IReactModuleBuilder.idl
5>64 bit MIDLRT Processing .\IJSValueReader.idl
5>IJSValueReader.idl
5>64 bit MIDLRT Processing .\IViewManager.idl
5>IViewManager.idl
5>64 bit MIDLRT Processing .\IViewManagerCore.idl
5>IViewManagerCore.idl
5>64 bit MIDLRT Processing .\ReactPointerEventArgs.idl
5>ReactPointerEventArgs.idl
5>64 bit MIDLRT Processing .\ReactInstanceSettings.idl
5>ReactInstanceSettings.idl
5>64 bit MIDLRT Processing .\RedBoxHandler.idl
5>RedBoxHandler.idl
5>64 bit MIDLRT Processing C:\Users\Adam\Code\locallib\node_modules\react-native-windows\Microsoft.ReactNative\ReactRootView.idl
5>ReactRootView.idl
5>64 bit MIDLRT Processing C:\Program Files (x86)\Windows Kits\10\Include\10.0.19041.0\winrt\winrtbase.idl
5>winrtbase.idl
5>64 bit MIDLRT Processing C:\Program Files (x86)\Windows Kits\10\Include\10.0.19041.0\winrt\midlbase.idl
5>midlbase.idl
5>Processing WinMD c:\users\adam\.nuget\packages\microsoft.ui.xaml\2.8.0\lib\uap10.0\microsoft.ui.xaml.winmd
5>Processing WinMD c:\users\adam\.nuget\packages\microsoft.web.webview2\1.0.1264.42\lib\microsoft.web.webview2.core.winmd
5>Processing WinMD c:\program files (x86)\windows kits\10\references\10.0.19041.0\windows.ai.machinelearning.machinelearningcontract\3.0.0.0\windows.ai.machinelearning.machinelearningcontract.winmd
5>Processing WinMD c:\program files (x86)\windows kits\10\references\10.0.19041.0\windows.ai.machinelearning.preview.machinelearningpreviewcontract\2.0.0.0\windows.ai.machinelearning.preview.machinelearningpreviewcontract.winmd
5>Processing WinMD c:\program files (x86)\windows kits\10\references\10.0.19041.0\windows.applicationmodel.calls.background.callsbackgroundcontract\2.0.0.0\windows.applicationmodel.calls.background.callsbackgroundcontract.winmd
5>Processing WinMD c:\program files (x86)\windows kits\10\references\10.0.19041.0\windows.applicationmodel.calls.callsphonecontract\5.0.0.0\windows.applicationmodel.calls.callsphonecontract.winmd
5>Processing WinMD c:\program files (x86)\windows kits\10\references\10.0.19041.0\windows.applicationmodel.calls.callsvoipcontract\4.0.0.0\windows.applicationmodel.calls.callsvoipcontract.winmd
5>Processing WinMD c:\program files (x86)\windows kits\10\references\10.0.19041.0\windows.applicationmodel.communicationblocking.communicationblockingcontract\2.0.0.0\windows.applicationmodel.communicationblocking.communicationblockingcontract.winmd
5>Processing WinMD c:\program files (x86)\windows kits\10\references\10.0.19041.0\windows.applicationmodel.socialinfo.socialinfocontract\2.0.0.0\windows.applicationmodel.socialinfo.socialinfocontract.winmd
5>Processing WinMD c:\program files (x86)\windows kits\10\references\10.0.19041.0\windows.applicationmodel.startuptaskcontract\3.0.0.0\windows.applicationmodel.startuptaskcontract.winmd
5>Processing WinMD c:\program files (x86)\windows kits\10\references\10.0.19041.0\windows.devices.custom.customdevicecontract\1.0.0.0\windows.devices.custom.customdevicecontract.winmd
5>Processing WinMD c:\program files (x86)\windows kits\10\references\10.0.19041.0\windows.devices.deviceslowlevelcontract\3.0.0.0\windows.devices.deviceslowlevelcontract.winmd
5>Processing WinMD c:\program files (x86)\windows kits\10\references\10.0.19041.0\windows.devices.printers.printerscontract\1.0.0.0\windows.devices.printers.printerscontract.winmd
5>Processing WinMD c:\program files (x86)\windows kits\10\references\10.0.19041.0\windows.devices.smartcards.smartcardbackgroundtriggercontract\3.0.0.0\windows.devices.smartcards.smartcardbackgroundtriggercontract.winmd
5>Processing WinMD c:\program files (x86)\windows kits\10\references\10.0.19041.0\windows.devices.smartcards.smartcardemulatorcontract\6.0.0.0\windows.devices.smartcards.smartcardemulatorcontract.winmd
5>Processing WinMD c:\program files (x86)\windows kits\10\references\10.0.19041.0\windows.foundation.foundationcontract\4.0.0.0\windows.foundation.foundationcontract.winmd
5>Processing WinMD c:\program files (x86)\windows kits\10\references\10.0.19041.0\windows.foundation.universalapicontract\10.0.0.0\windows.foundation.universalapicontract.winmd
5>Processing WinMD c:\program files (x86)\windows kits\10\references\10.0.19041.0\windows.gaming.xboxlive.storageapicontract\1.0.0.0\windows.gaming.xboxlive.storageapicontract.winmd
5>Processing WinMD c:\program files (x86)\windows kits\10\references\10.0.19041.0\windows.graphics.printing3d.printing3dcontract\4.0.0.0\windows.graphics.printing3d.printing3dcontract.winmd
5>Processing WinMD c:\program files (x86)\windows kits\10\references\10.0.19041.0\windows.networking.connectivity.wwancontract\2.0.0.0\windows.networking.connectivity.wwancontract.winmd
5>Processing WinMD c:\program files (x86)\windows kits\10\references\10.0.19041.0\windows.networking.sockets.controlchanneltriggercontract\3.0.0.0\windows.networking.sockets.controlchanneltriggercontract.winmd
5>Processing WinMD c:\program files (x86)\windows kits\10\references\10.0.19041.0\windows.security.isolation.isolatedwindowsenvironmentcontract\2.0.0.0\windows.security.isolation.isolatedwindowsenvironmentcontract.winmd
5>Processing WinMD c:\program files (x86)\windows kits\10\references\10.0.19041.0\windows.services.maps.guidancecontract\3.0.0.0\windows.services.maps.guidancecontract.winmd
5>Processing WinMD c:\program files (x86)\windows kits\10\references\10.0.19041.0\windows.services.maps.localsearchcontract\4.0.0.0\windows.services.maps.localsearchcontract.winmd
5>Processing WinMD c:\program files (x86)\windows kits\10\references\10.0.19041.0\windows.services.store.storecontract\4.0.0.0\windows.services.store.storecontract.winmd
5>Processing WinMD c:\program files (x86)\windows kits\10\references\10.0.19041.0\windows.services.targetedcontent.targetedcontentcontract\1.0.0.0\windows.services.targetedcontent.targetedcontentcontract.winmd
5>Processing WinMD c:\program files (x86)\windows kits\10\references\10.0.19041.0\windows.storage.provider.cloudfilescontract\4.0.0.0\windows.storage.provider.cloudfilescontract.winmd
5>Processing WinMD c:\program files (x86)\windows kits\10\references\10.0.19041.0\windows.system.profile.profilehardwaretokencontract\1.0.0.0\windows.system.profile.profilehardwaretokencontract.winmd
5>Processing WinMD c:\program files (x86)\windows kits\10\references\10.0.19041.0\windows.system.profile.profilesharedmodecontract\2.0.0.0\windows.system.profile.profilesharedmodecontract.winmd
5>Processing WinMD c:\program files (x86)\windows kits\10\references\10.0.19041.0\windows.system.profile.systemmanufacturers.systemmanufacturerscontract\3.0.0.0\windows.system.profile.systemmanufacturers.systemmanufacturerscontract.winmd
5>Processing WinMD c:\program files (x86)\windows kits\10\references\10.0.19041.0\windows.system.systemmanagementcontract\7.0.0.0\windows.system.systemmanagementcontract.winmd
5>Processing WinMD c:\program files (x86)\windows kits\10\references\10.0.19041.0\windows.ui.viewmanagement.viewmanagementviewscalingcontract\1.0.0.0\windows.ui.viewmanagement.viewmanagementviewscalingcontract.winmd
5>Processing WinMD c:\program files (x86)\windows kits\10\references\10.0.19041.0\windows.ui.xaml.core.direct.xamldirectcontract\2.0.0.0\windows.ui.xaml.core.direct.xamldirectcontract.winmd
5>64 bit MIDLRT Processing .\IJSValueWriter.idl
5>IJSValueWriter.idl
5>64 bit MIDLRT Processing .\DocString.idl
5>DocString.idl
5>64 bit MIDLRT Processing .\ReactNativeHost.idl
5>ReactNativeHost.idl
5>64 bit MIDLRT Processing .\IReactPackageProvider.idl
5>IReactPackageProvider.idl
5>64 bit MIDLRT Processing .\IReactPackageBuilder.idl
5>IReactPackageBuilder.idl
5>64 bit MIDLRT Processing .\IReactContext.idl
5>IReactContext.idl
5>64 bit MIDLRT Processing .\IReactNotificationService.idl
5>IReactNotificationService.idl
5>64 bit MIDLRT Processing .\IReactDispatcher.idl
5>IReactDispatcher.idl
5>64 bit MIDLRT Processing .\IReactPropertyBag.idl
5>IReactPropertyBag.idl
5>64 bit MIDLRT Processing .\IReactModuleBuilder.idl
5>IReactModuleBuilder.idl
5>64 bit MIDLRT Processing .\IJSValueReader.idl
5>IJSValueReader.idl
5>64 bit MIDLRT Processing .\IViewManager.idl
5>IViewManager.idl
5>64 bit MIDLRT Processing .\IViewManagerCore.idl
5>IViewManagerCore.idl
5>64 bit MIDLRT Processing .\ReactPointerEventArgs.idl
5>ReactPointerEventArgs.idl
5>64 bit MIDLRT Processing .\ReactInstanceSettings.idl
5>ReactInstanceSettings.idl
5>64 bit MIDLRT Processing .\RedBoxHandler.idl
5>RedBoxHandler.idl
5>64 bit MIDLRT Processing C:\Users\Adam\Code\locallib\node_modules\react-native-windows\Microsoft.ReactNative\XamlHelper.idl
5>XamlHelper.idl
5>64 bit MIDLRT Processing C:\Program Files (x86)\Windows Kits\10\Include\10.0.19041.0\winrt\winrtbase.idl
5>winrtbase.idl
5>64 bit MIDLRT Processing C:\Program Files (x86)\Windows Kits\10\Include\10.0.19041.0\winrt\midlbase.idl
5>midlbase.idl
5>Processing WinMD c:\users\adam\.nuget\packages\microsoft.ui.xaml\2.8.0\lib\uap10.0\microsoft.ui.xaml.winmd
5>Processing WinMD c:\users\adam\.nuget\packages\microsoft.web.webview2\1.0.1264.42\lib\microsoft.web.webview2.core.winmd
5>Processing WinMD c:\program files (x86)\windows kits\10\references\10.0.19041.0\windows.ai.machinelearning.machinelearningcontract\3.0.0.0\windows.ai.machinelearning.machinelearningcontract.winmd
5>Processing WinMD c:\program files (x86)\windows kits\10\references\10.0.19041.0\windows.ai.machinelearning.preview.machinelearningpreviewcontract\2.0.0.0\windows.ai.machinelearning.preview.machinelearningpreviewcontract.winmd
5>Processing WinMD c:\program files (x86)\windows kits\10\references\10.0.19041.0\windows.applicationmodel.calls.background.callsbackgroundcontract\2.0.0.0\windows.applicationmodel.calls.background.callsbackgroundcontract.winmd
5>Processing WinMD c:\program files (x86)\windows kits\10\references\10.0.19041.0\windows.applicationmodel.calls.callsphonecontract\5.0.0.0\windows.applicationmodel.calls.callsphonecontract.winmd
5>Processing WinMD c:\program files (x86)\windows kits\10\references\10.0.19041.0\windows.applicationmodel.calls.callsvoipcontract\4.0.0.0\windows.applicationmodel.calls.callsvoipcontract.winmd
5>Processing WinMD c:\program files (x86)\windows kits\10\references\10.0.19041.0\windows.applicationmodel.communicationblocking.communicationblockingcontract\2.0.0.0\windows.applicationmodel.communicationblocking.communicationblockingcontract.winmd
5>Processing WinMD c:\program files (x86)\windows kits\10\references\10.0.19041.0\windows.applicationmodel.socialinfo.socialinfocontract\2.0.0.0\windows.applicationmodel.socialinfo.socialinfocontract.winmd
5>Processing WinMD c:\program files (x86)\windows kits\10\references\10.0.19041.0\windows.applicationmodel.startuptaskcontract\3.0.0.0\windows.applicationmodel.startuptaskcontract.winmd
5>Processing WinMD c:\program files (x86)\windows kits\10\references\10.0.19041.0\windows.devices.custom.customdevicecontract\1.0.0.0\windows.devices.custom.customdevicecontract.winmd
5>Processing WinMD c:\program files (x86)\windows kits\10\references\10.0.19041.0\windows.devices.deviceslowlevelcontract\3.0.0.0\windows.devices.deviceslowlevelcontract.winmd
5>Processing WinMD c:\program files (x86)\windows kits\10\references\10.0.19041.0\windows.devices.printers.printerscontract\1.0.0.0\windows.devices.printers.printerscontract.winmd
5>Processing WinMD c:\program files (x86)\windows kits\10\references\10.0.19041.0\windows.devices.smartcards.smartcardbackgroundtriggercontract\3.0.0.0\windows.devices.smartcards.smartcardbackgroundtriggercontract.winmd
5>Processing WinMD c:\program files (x86)\windows kits\10\references\10.0.19041.0\windows.devices.smartcards.smartcardemulatorcontract\6.0.0.0\windows.devices.smartcards.smartcardemulatorcontract.winmd
5>Processing WinMD c:\program files (x86)\windows kits\10\references\10.0.19041.0\windows.foundation.foundationcontract\4.0.0.0\windows.foundation.foundationcontract.winmd
5>Processing WinMD c:\program files (x86)\windows kits\10\references\10.0.19041.0\windows.foundation.universalapicontract\10.0.0.0\windows.foundation.universalapicontract.winmd
5>Processing WinMD c:\program files (x86)\windows kits\10\references\10.0.19041.0\windows.gaming.xboxlive.storageapicontract\1.0.0.0\windows.gaming.xboxlive.storageapicontract.winmd
5>Processing WinMD c:\program files (x86)\windows kits\10\references\10.0.19041.0\windows.graphics.printing3d.printing3dcontract\4.0.0.0\windows.graphics.printing3d.printing3dcontract.winmd
5>Processing WinMD c:\program files (x86)\windows kits\10\references\10.0.19041.0\windows.networking.connectivity.wwancontract\2.0.0.0\windows.networking.connectivity.wwancontract.winmd
5>Processing WinMD c:\program files (x86)\windows kits\10\references\10.0.19041.0\windows.networking.sockets.controlchanneltriggercontract\3.0.0.0\windows.networking.sockets.controlchanneltriggercontract.winmd
5>Processing WinMD c:\program files (x86)\windows kits\10\references\10.0.19041.0\windows.security.isolation.isolatedwindowsenvironmentcontract\2.0.0.0\windows.security.isolation.isolatedwindowsenvironmentcontract.winmd
5>Processing WinMD c:\program files (x86)\windows kits\10\references\10.0.19041.0\windows.services.maps.guidancecontract\3.0.0.0\windows.services.maps.guidancecontract.winmd
5>Processing WinMD c:\program files (x86)\windows kits\10\references\10.0.19041.0\windows.services.maps.localsearchcontract\4.0.0.0\windows.services.maps.localsearchcontract.winmd
5>Processing WinMD c:\program files (x86)\windows kits\10\references\10.0.19041.0\windows.services.store.storecontract\4.0.0.0\windows.services.store.storecontract.winmd
5>Processing WinMD c:\program files (x86)\windows kits\10\references\10.0.19041.0\windows.services.targetedcontent.targetedcontentcontract\1.0.0.0\windows.services.targetedcontent.targetedcontentcontract.winmd
5>Processing WinMD c:\program files (x86)\windows kits\10\references\10.0.19041.0\windows.storage.provider.cloudfilescontract\4.0.0.0\windows.storage.provider.cloudfilescontract.winmd
5>Processing WinMD c:\program files (x86)\windows kits\10\references\10.0.19041.0\windows.system.profile.profilehardwaretokencontract\1.0.0.0\windows.system.profile.profilehardwaretokencontract.winmd
5>Processing WinMD c:\program files (x86)\windows kits\10\references\10.0.19041.0\windows.system.profile.profilesharedmodecontract\2.0.0.0\windows.system.profile.profilesharedmodecontract.winmd
5>Processing WinMD c:\program files (x86)\windows kits\10\references\10.0.19041.0\windows.system.profile.systemmanufacturers.systemmanufacturerscontract\3.0.0.0\windows.system.profile.systemmanufacturers.systemmanufacturerscontract.winmd
5>Processing WinMD c:\program files (x86)\windows kits\10\references\10.0.19041.0\windows.system.systemmanagementcontract\7.0.0.0\windows.system.systemmanagementcontract.winmd
5>Processing WinMD c:\program files (x86)\windows kits\10\references\10.0.19041.0\windows.ui.viewmanagement.viewmanagementviewscalingcontract\1.0.0.0\windows.ui.viewmanagement.viewmanagementviewscalingcontract.winmd
5>Processing WinMD c:\program files (x86)\windows kits\10\references\10.0.19041.0\windows.ui.xaml.core.direct.xamldirectcontract\2.0.0.0\windows.ui.xaml.core.direct.xamldirectcontract.winmd
5>64 bit MIDLRT Processing .\IJSValueWriter.idl
5>IJSValueWriter.idl
5>64 bit MIDLRT Processing .\DocString.idl
5>DocString.idl
5>64 bit MIDLRT Processing C:\Users\Adam\Code\locallib\node_modules\react-native-windows\Microsoft.ReactNative\ReactPointerEventArgs.idl
5>ReactPointerEventArgs.idl
5>64 bit MIDLRT Processing C:\Program Files (x86)\Windows Kits\10\Include\10.0.19041.0\winrt\winrtbase.idl
5>winrtbase.idl
5>64 bit MIDLRT Processing C:\Program Files (x86)\Windows Kits\10\Include\10.0.19041.0\winrt\midlbase.idl
5>midlbase.idl
5>Processing WinMD c:\users\adam\.nuget\packages\microsoft.ui.xaml\2.8.0\lib\uap10.0\microsoft.ui.xaml.winmd
5>Processing WinMD c:\users\adam\.nuget\packages\microsoft.web.webview2\1.0.1264.42\lib\microsoft.web.webview2.core.winmd
5>Processing WinMD c:\program files (x86)\windows kits\10\references\10.0.19041.0\windows.ai.machinelearning.machinelearningcontract\3.0.0.0\windows.ai.machinelearning.machinelearningcontract.winmd
5>Processing WinMD c:\program files (x86)\windows kits\10\references\10.0.19041.0\windows.ai.machinelearning.preview.machinelearningpreviewcontract\2.0.0.0\windows.ai.machinelearning.preview.machinelearningpreviewcontract.winmd
5>Processing WinMD c:\program files (x86)\windows kits\10\references\10.0.19041.0\windows.applicationmodel.calls.background.callsbackgroundcontract\2.0.0.0\windows.applicationmodel.calls.background.callsbackgroundcontract.winmd
5>Processing WinMD c:\program files (x86)\windows kits\10\references\10.0.19041.0\windows.applicationmodel.calls.callsphonecontract\5.0.0.0\windows.applicationmodel.calls.callsphonecontract.winmd
5>Processing WinMD c:\program files (x86)\windows kits\10\references\10.0.19041.0\windows.applicationmodel.calls.callsvoipcontract\4.0.0.0\windows.applicationmodel.calls.callsvoipcontract.winmd
5>Processing WinMD c:\program files (x86)\windows kits\10\references\10.0.19041.0\windows.applicationmodel.communicationblocking.communicationblockingcontract\2.0.0.0\windows.applicationmodel.communicationblocking.communicationblockingcontract.winmd
5>Processing WinMD c:\program files (x86)\windows kits\10\references\10.0.19041.0\windows.applicationmodel.socialinfo.socialinfocontract\2.0.0.0\windows.applicationmodel.socialinfo.socialinfocontract.winmd
5>Processing WinMD c:\program files (x86)\windows kits\10\references\10.0.19041.0\windows.applicationmodel.startuptaskcontract\3.0.0.0\windows.applicationmodel.startuptaskcontract.winmd
5>Processing WinMD c:\program files (x86)\windows kits\10\references\10.0.19041.0\windows.devices.custom.customdevicecontract\1.0.0.0\windows.devices.custom.customdevicecontract.winmd
5>Processing WinMD c:\program files (x86)\windows kits\10\references\10.0.19041.0\windows.devices.deviceslowlevelcontract\3.0.0.0\windows.devices.deviceslowlevelcontract.winmd
5>Processing WinMD c:\program files (x86)\windows kits\10\references\10.0.19041.0\windows.devices.printers.printerscontract\1.0.0.0\windows.devices.printers.printerscontract.winmd
5>Processing WinMD c:\program files (x86)\windows kits\10\references\10.0.19041.0\windows.devices.smartcards.smartcardbackgroundtriggercontract\3.0.0.0\windows.devices.smartcards.smartcardbackgroundtriggercontract.winmd
5>Processing WinMD c:\program files (x86)\windows kits\10\references\10.0.19041.0\windows.devices.smartcards.smartcardemulatorcontract\6.0.0.0\windows.devices.smartcards.smartcardemulatorcontract.winmd
5>Processing WinMD c:\program files (x86)\windows kits\10\references\10.0.19041.0\windows.foundation.foundationcontract\4.0.0.0\windows.foundation.foundationcontract.winmd
5>Processing WinMD c:\program files (x86)\windows kits\10\references\10.0.19041.0\windows.foundation.universalapicontract\10.0.0.0\windows.foundation.universalapicontract.winmd
5>Processing WinMD c:\program files (x86)\windows kits\10\references\10.0.19041.0\windows.gaming.xboxlive.storageapicontract\1.0.0.0\windows.gaming.xboxlive.storageapicontract.winmd
5>Processing WinMD c:\program files (x86)\windows kits\10\references\10.0.19041.0\windows.graphics.printing3d.printing3dcontract\4.0.0.0\windows.graphics.printing3d.printing3dcontract.winmd
5>Processing WinMD c:\program files (x86)\windows kits\10\references\10.0.19041.0\windows.networking.connectivity.wwancontract\2.0.0.0\windows.networking.connectivity.wwancontract.winmd
5>Processing WinMD c:\program files (x86)\windows kits\10\references\10.0.19041.0\windows.networking.sockets.controlchanneltriggercontract\3.0.0.0\windows.networking.sockets.controlchanneltriggercontract.winmd
5>Processing WinMD c:\program files (x86)\windows kits\10\references\10.0.19041.0\windows.security.isolation.isolatedwindowsenvironmentcontract\2.0.0.0\windows.security.isolation.isolatedwindowsenvironmentcontract.winmd
5>Processing WinMD c:\program files (x86)\windows kits\10\references\10.0.19041.0\windows.services.maps.guidancecontract\3.0.0.0\windows.services.maps.guidancecontract.winmd
5>Processing WinMD c:\program files (x86)\windows kits\10\references\10.0.19041.0\windows.services.maps.localsearchcontract\4.0.0.0\windows.services.maps.localsearchcontract.winmd
5>Processing WinMD c:\program files (x86)\windows kits\10\references\10.0.19041.0\windows.services.store.storecontract\4.0.0.0\windows.services.store.storecontract.winmd
5>Processing WinMD c:\program files (x86)\windows kits\10\references\10.0.19041.0\windows.services.targetedcontent.targetedcontentcontract\1.0.0.0\windows.services.targetedcontent.targetedcontentcontract.winmd
5>Processing WinMD c:\program files (x86)\windows kits\10\references\10.0.19041.0\windows.storage.provider.cloudfilescontract\4.0.0.0\windows.storage.provider.cloudfilescontract.winmd
5>Processing WinMD c:\program files (x86)\windows kits\10\references\10.0.19041.0\windows.system.profile.profilehardwaretokencontract\1.0.0.0\windows.system.profile.profilehardwaretokencontract.winmd
5>Processing WinMD c:\program files (x86)\windows kits\10\references\10.0.19041.0\windows.system.profile.profilesharedmodecontract\2.0.0.0\windows.system.profile.profilesharedmodecontract.winmd
5>Processing WinMD c:\program files (x86)\windows kits\10\references\10.0.19041.0\windows.system.profile.systemmanufacturers.systemmanufacturerscontract\3.0.0.0\windows.system.profile.systemmanufacturers.systemmanufacturerscontract.winmd
5>Processing WinMD c:\program files (x86)\windows kits\10\references\10.0.19041.0\windows.system.systemmanagementcontract\7.0.0.0\windows.system.systemmanagementcontract.winmd
5>Processing WinMD c:\program files (x86)\windows kits\10\references\10.0.19041.0\windows.ui.viewmanagement.viewmanagementviewscalingcontract\1.0.0.0\windows.ui.viewmanagement.viewmanagementviewscalingcontract.winmd
5>Processing WinMD c:\program files (x86)\windows kits\10\references\10.0.19041.0\windows.ui.xaml.core.direct.xamldirectcontract\2.0.0.0\windows.ui.xaml.core.direct.xamldirectcontract.winmd
5>64 bit MIDLRT Processing .\DocString.idl
5>DocString.idl
5>64 bit MIDLRT Processing C:\Users\Adam\Code\locallib\node_modules\react-native-windows\build\x64\Debug\Microsoft.ReactNative\Generated Files\XamlMetaDataProvider.idl
5>XamlMetaDataProvider.idl
5>64 bit MIDLRT Processing C:\Program Files (x86)\Windows Kits\10\Include\10.0.19041.0\winrt\winrtbase.idl
5>winrtbase.idl
5>64 bit MIDLRT Processing C:\Program Files (x86)\Windows Kits\10\Include\10.0.19041.0\winrt\midlbase.idl
5>midlbase.idl
5>Processing WinMD c:\users\adam\.nuget\packages\microsoft.ui.xaml\2.8.0\lib\uap10.0\microsoft.ui.xaml.winmd
5>Processing WinMD c:\users\adam\.nuget\packages\microsoft.web.webview2\1.0.1264.42\lib\microsoft.web.webview2.core.winmd
5>Processing WinMD c:\program files (x86)\windows kits\10\references\10.0.19041.0\windows.ai.machinelearning.machinelearningcontract\3.0.0.0\windows.ai.machinelearning.machinelearningcontract.winmd
5>Processing WinMD c:\program files (x86)\windows kits\10\references\10.0.19041.0\windows.ai.machinelearning.preview.machinelearningpreviewcontract\2.0.0.0\windows.ai.machinelearning.preview.machinelearningpreviewcontract.winmd
5>Processing WinMD c:\program files (x86)\windows kits\10\references\10.0.19041.0\windows.applicationmodel.calls.background.callsbackgroundcontract\2.0.0.0\windows.applicationmodel.calls.background.callsbackgroundcontract.winmd
5>Processing WinMD c:\program files (x86)\windows kits\10\references\10.0.19041.0\windows.applicationmodel.calls.callsphonecontract\5.0.0.0\windows.applicationmodel.calls.callsphonecontract.winmd
5>Processing WinMD c:\program files (x86)\windows kits\10\references\10.0.19041.0\windows.applicationmodel.calls.callsvoipcontract\4.0.0.0\windows.applicationmodel.calls.callsvoipcontract.winmd
5>Processing WinMD c:\program files (x86)\windows kits\10\references\10.0.19041.0\windows.applicationmodel.communicationblocking.communicationblockingcontract\2.0.0.0\windows.applicationmodel.communicationblocking.communicationblockingcontract.winmd
5>Processing WinMD c:\program files (x86)\windows kits\10\references\10.0.19041.0\windows.applicationmodel.socialinfo.socialinfocontract\2.0.0.0\windows.applicationmodel.socialinfo.socialinfocontract.winmd
5>Processing WinMD c:\program files (x86)\windows kits\10\references\10.0.19041.0\windows.applicationmodel.startuptaskcontract\3.0.0.0\windows.applicationmodel.startuptaskcontract.winmd
5>Processing WinMD c:\program files (x86)\windows kits\10\references\10.0.19041.0\windows.devices.custom.customdevicecontract\1.0.0.0\windows.devices.custom.customdevicecontract.winmd
5>Processing WinMD c:\program files (x86)\windows kits\10\references\10.0.19041.0\windows.devices.deviceslowlevelcontract\3.0.0.0\windows.devices.deviceslowlevelcontract.winmd
5>Processing WinMD c:\program files (x86)\windows kits\10\references\10.0.19041.0\windows.devices.printers.printerscontract\1.0.0.0\windows.devices.printers.printerscontract.winmd
5>Processing WinMD c:\program files (x86)\windows kits\10\references\10.0.19041.0\windows.devices.smartcards.smartcardbackgroundtriggercontract\3.0.0.0\windows.devices.smartcards.smartcardbackgroundtriggercontract.winmd
5>Processing WinMD c:\program files (x86)\windows kits\10\references\10.0.19041.0\windows.devices.smartcards.smartcardemulatorcontract\6.0.0.0\windows.devices.smartcards.smartcardemulatorcontract.winmd
5>Processing WinMD c:\program files (x86)\windows kits\10\references\10.0.19041.0\windows.foundation.foundationcontract\4.0.0.0\windows.foundation.foundationcontract.winmd
5>Processing WinMD c:\program files (x86)\windows kits\10\references\10.0.19041.0\windows.foundation.universalapicontract\10.0.0.0\windows.foundation.universalapicontract.winmd
5>Processing WinMD c:\program files (x86)\windows kits\10\references\10.0.19041.0\windows.gaming.xboxlive.storageapicontract\1.0.0.0\windows.gaming.xboxlive.storageapicontract.winmd
5>Processing WinMD c:\program files (x86)\windows kits\10\references\10.0.19041.0\windows.graphics.printing3d.printing3dcontract\4.0.0.0\windows.graphics.printing3d.printing3dcontract.winmd
5>Processing WinMD c:\program files (x86)\windows kits\10\references\10.0.19041.0\windows.networking.connectivity.wwancontract\2.0.0.0\windows.networking.connectivity.wwancontract.winmd
5>Processing WinMD c:\program files (x86)\windows kits\10\references\10.0.19041.0\windows.networking.sockets.controlchanneltriggercontract\3.0.0.0\windows.networking.sockets.controlchanneltriggercontract.winmd
5>Processing WinMD c:\program files (x86)\windows kits\10\references\10.0.19041.0\windows.security.isolation.isolatedwindowsenvironmentcontract\2.0.0.0\windows.security.isolation.isolatedwindowsenvironmentcontract.winmd
5>Processing WinMD c:\program files (x86)\windows kits\10\references\10.0.19041.0\windows.services.maps.guidancecontract\3.0.0.0\windows.services.maps.guidancecontract.winmd
5>Processing WinMD c:\program files (x86)\windows kits\10\references\10.0.19041.0\windows.services.maps.localsearchcontract\4.0.0.0\windows.services.maps.localsearchcontract.winmd
5>Processing WinMD c:\program files (x86)\windows kits\10\references\10.0.19041.0\windows.services.store.storecontract\4.0.0.0\windows.services.store.storecontract.winmd
5>Processing WinMD c:\program files (x86)\windows kits\10\references\10.0.19041.0\windows.services.targetedcontent.targetedcontentcontract\1.0.0.0\windows.services.targetedcontent.targetedcontentcontract.winmd
5>Processing WinMD c:\program files (x86)\windows kits\10\references\10.0.19041.0\windows.storage.provider.cloudfilescontract\4.0.0.0\windows.storage.provider.cloudfilescontract.winmd
5>Processing WinMD c:\program files (x86)\windows kits\10\references\10.0.19041.0\windows.system.profile.profilehardwaretokencontract\1.0.0.0\windows.system.profile.profilehardwaretokencontract.winmd
5>Processing WinMD c:\program files (x86)\windows kits\10\references\10.0.19041.0\windows.system.profile.profilesharedmodecontract\2.0.0.0\windows.system.profile.profilesharedmodecontract.winmd
5>Processing WinMD c:\program files (x86)\windows kits\10\references\10.0.19041.0\windows.system.profile.systemmanufacturers.systemmanufacturerscontract\3.0.0.0\windows.system.profile.systemmanufacturers.systemmanufacturerscontract.winmd
5>Processing WinMD c:\program files (x86)\windows kits\10\references\10.0.19041.0\windows.system.systemmanagementcontract\7.0.0.0\windows.system.systemmanagementcontract.winmd
5>Processing WinMD c:\program files (x86)\windows kits\10\references\10.0.19041.0\windows.ui.viewmanagement.viewmanagementviewscalingcontract\1.0.0.0\windows.ui.viewmanagement.viewmanagementviewscalingcontract.winmd
5>Processing WinMD c:\program files (x86)\windows kits\10\references\10.0.19041.0\windows.ui.xaml.core.direct.xamldirectcontract\2.0.0.0\windows.ui.xaml.core.direct.xamldirectcontract.winmd
5>Microsoft(R) Metadata Merge Utility Version 10.0.49.
5>
5>
5>Processing input metadata file C:\Users\Adam\Code\locallib\node_modules\react-native-windows\build\x64\Debug\Microsoft.ReactNative\Unmerged\IJSValueReader.winmd.
5>Processing input metadata file C:\Users\Adam\Code\locallib\node_modules\react-native-windows\build\x64\Debug\Microsoft.ReactNative\Unmerged\IJSValueWriter.winmd.
5>Processing input metadata file C:\Users\Adam\Code\locallib\node_modules\react-native-windows\build\x64\Debug\Microsoft.ReactNative\Unmerged\IReactContext.winmd.
5>Processing input metadata file C:\Users\Adam\Code\locallib\node_modules\react-native-windows\build\x64\Debug\Microsoft.ReactNative\Unmerged\IReactDispatcher.winmd.
5>Processing input metadata file C:\Users\Adam\Code\locallib\node_modules\react-native-windows\build\x64\Debug\Microsoft.ReactNative\Unmerged\IReactModuleBuilder.winmd.
5>Processing input metadata file C:\Users\Adam\Code\locallib\node_modules\react-native-windows\build\x64\Debug\Microsoft.ReactNative\Unmerged\IReactNonAbiValue.winmd.
5>Processing input metadata file C:\Users\Adam\Code\locallib\node_modules\react-native-windows\build\x64\Debug\Microsoft.ReactNative\Unmerged\IReactNotificationService.winmd.
5>Processing input metadata file C:\Users\Adam\Code\locallib\node_modules\react-native-windows\build\x64\Debug\Microsoft.ReactNative\Unmerged\IReactPackageBuilder.winmd.
5>Processing input metadata file C:\Users\Adam\Code\locallib\node_modules\react-native-windows\build\x64\Debug\Microsoft.ReactNative\Unmerged\IReactPackageProvider.winmd.
5>Processing input metadata file C:\Users\Adam\Code\locallib\node_modules\react-native-windows\build\x64\Debug\Microsoft.ReactNative\Unmerged\IReactPropertyBag.winmd.
5>Processing input metadata file C:\Users\Adam\Code\locallib\node_modules\react-native-windows\build\x64\Debug\Microsoft.ReactNative\Unmerged\JsiApi.winmd.
5>Processing input metadata file C:\Users\Adam\Code\locallib\node_modules\react-native-windows\build\x64\Debug\Microsoft.ReactNative\Unmerged\QuirkSettings.winmd.
5>Processing input metadata file C:\Users\Adam\Code\locallib\node_modules\react-native-windows\build\x64\Debug\Microsoft.ReactNative\Unmerged\ReactCoreInjection.winmd.
5>Processing input metadata file C:\Users\Adam\Code\locallib\node_modules\react-native-windows\build\x64\Debug\Microsoft.ReactNative\Unmerged\ReactInstanceSettings.winmd.
5>Processing input metadata file C:\Users\Adam\Code\locallib\node_modules\react-native-windows\build\x64\Debug\Microsoft.ReactNative\Unmerged\ReactNativeHost.winmd.
5>Processing input metadata file C:\Users\Adam\Code\locallib\node_modules\react-native-windows\build\x64\Debug\Microsoft.ReactNative\Unmerged\RedBoxHandler.winmd.
5>Processing input metadata file C:\Users\Adam\Code\locallib\node_modules\react-native-windows\build\x64\Debug\Microsoft.ReactNative\Unmerged\Timer.winmd.
5>Processing input metadata file C:\Users\Adam\Code\locallib\node_modules\react-native-windows\build\x64\Debug\Microsoft.ReactNative\Unmerged\DesktopWindowMessage.winmd.
5>Processing input metadata file C:\Users\Adam\Code\locallib\node_modules\react-native-windows\build\x64\Debug\Microsoft.ReactNative\Unmerged\DevMenuControl.winmd.
5>Processing input metadata file C:\Users\Adam\Code\locallib\node_modules\react-native-windows\build\x64\Debug\Microsoft.ReactNative\Unmerged\DocString.winmd.
5>Processing input metadata file C:\Users\Adam\Code\locallib\node_modules\react-native-windows\build\x64\Debug\Microsoft.ReactNative\Unmerged\IViewManager.winmd.
5>Processing input metadata file C:\Users\Adam\Code\locallib\node_modules\react-native-windows\build\x64\Debug\Microsoft.ReactNative\Unmerged\IViewManagerCore.winmd.
5>Processing input metadata file C:\Users\Adam\Code\locallib\node_modules\react-native-windows\build\x64\Debug\Microsoft.ReactNative\Unmerged\ReactApplication.winmd.
5>Processing input metadata file C:\Users\Adam\Code\locallib\node_modules\react-native-windows\build\x64\Debug\Microsoft.ReactNative\Unmerged\AccessibilityAction.winmd.
5>Processing input metadata file C:\Users\Adam\Code\locallib\node_modules\react-native-windows\build\x64\Debug\Microsoft.ReactNative\Unmerged\Effects.winmd.
5>Processing input metadata file C:\Users\Adam\Code\locallib\node_modules\react-native-windows\build\x64\Debug\Microsoft.ReactNative\Unmerged\DynamicAutomationPeer.winmd.
5>Processing input metadata file C:\Users\Adam\Code\locallib\node_modules\react-native-windows\build\x64\Debug\Microsoft.ReactNative\Unmerged\ViewPanel.winmd.
5>Processing input metadata file C:\Users\Adam\Code\locallib\node_modules\react-native-windows\build\x64\Debug\Microsoft.ReactNative\Unmerged\LayoutService.winmd.
5>Processing input metadata file C:\Users\Adam\Code\locallib\node_modules\react-native-windows\build\x64\Debug\Microsoft.ReactNative\Unmerged\XamlUIService.winmd.
5>Processing input metadata file C:\Users\Adam\Code\locallib\node_modules\react-native-windows\build\x64\Debug\Microsoft.ReactNative\Unmerged\ReactRootView.winmd.
5>Processing input metadata file C:\Users\Adam\Code\locallib\node_modules\react-native-windows\build\x64\Debug\Microsoft.ReactNative\Unmerged\XamlHelper.winmd.
5>Processing input metadata file C:\Users\Adam\Code\locallib\node_modules\react-native-windows\build\x64\Debug\Microsoft.ReactNative\Unmerged\ReactPointerEventArgs.winmd.
5>Processing input metadata file C:\Users\Adam\Code\locallib\node_modules\react-native-windows\build\x64\Debug\Microsoft.ReactNative\Unmerged\XamlMetaDataProvider.winmd.
5>Saved output metadata file Microsoft.ReactNative.winmd.
5>Validating metadata file C:\Users\Adam\Code\locallib\node_modules\react-native-windows\build\x64\Debug\Microsoft.ReactNative\Merged\Microsoft.ReactNative.winmd.
5>pch.cpp
5>ChakraHelpers.cpp
5>ChakraPlatform.cpp
5>ChakraTracing.cpp
5>ChakraUtils.cpp
5>ChakraValue.cpp
5>Utf8DebugExtensions.cpp
5>SchedulerSettings.cpp
5>BaseFileReaderResource.cpp
5>BaseScriptStoreImpl.cpp
5>ChakraRuntimeHolder.cpp
5>CxxMessageQueue.cpp
5>DevSupportManager.cpp
5>WebSocketJSExecutor.cpp
5>WebSocketJSExecutorFactory.cpp
5>Hasher.cpp
5>HermesRuntimeHolder.cpp
5>HermesSamplingProfiler.cpp
5>InspectorPackagerConnection.cpp
5>InstanceManager.cpp
5>JSBigAbiString.cpp
5>ChakraApi.cpp
5>ChakraJsiRuntime_edgemode.cpp
5>ChakraRuntime.cpp
5>JSExecutorFactorySettings.cpp
5>LayoutAnimation.cpp
5>Logging.cpp
5>MemoryMappedBuffer.cpp
5>BlobCollector.cpp
5>BlobModule.cpp
5>CxxModuleUtilities.cpp
5>ExceptionsManagerModule.cpp
5>FileReaderModule.cpp
5>HttpModule.cpp
5>I18nModule.cpp
5>PlatformConstantsModule.cpp
5>SourceCodeModule.cpp
5>StatusBarManagerModule.cpp
5>WebSocketModule.cpp
5>DefaultBlobResource.cpp
5>OriginPolicyHttpFilter.cpp
5>RedirectHttpFilter.cpp
5>WinRTHttpResource.cpp
5>WinRTWebSocketResource.cpp
5>OInstance.cpp
5>PackagerConnection.cpp
5>RuntimeOptions.cpp
5>SafeLoadLibrary.cpp
5>BatchingQueueThread.cpp
5>MessageDispatchQueue.cpp
5>MessageQueueThreadFactory.cpp
5>tracing.cpp
5>TurboModuleManager.cpp
5>Utils.cpp
5>WinRTConversions.cpp
5>DynamicReader.cpp
5>DynamicWriter.cpp
5>IReactNotificationService.cpp
5>IReactPropertyBag.cpp
5>QuirkSettings.cpp
5>ReactPackageBuilder.cpp
5>ReactNativeHost.cpp
5>RedBoxHandler.cpp
5>ReactInstanceSettings.cpp
5>ReactCoreInjection.cpp
5>IReactContext.cpp
5>JsiReader.cpp
5>JsiWriter.cpp
5>JsiApi.cpp
5>IReactModuleBuilder.cpp
5>IReactDispatcher.cpp
5>JSDispatcherWriter.cpp
5>Timer.cpp
5>DevSettingsModule.cpp
5>ReactRootViewTagGenerator.cpp
5>PlatformConstantsWinModule.cpp
5>ExceptionsManager.cpp
5>Timing.cpp
5>SourceCode.cpp
5>NativeModulesProvider.cpp
5>AsyncActionQueue.cpp
5>CrashManager.cpp
5>JSBundle_Win32.cpp
5>JSBundle.cpp
5>JSCallInvokerScheduler.cpp
5>MsoReactContext.cpp
5>MsoUtils.cpp
5>ReactErrorProvider.cpp
5>ReactHost.cpp
5>ReactInstanceWin.cpp
5>RedBox.cpp
5>RedBoxErrorFrameInfo.cpp
5>RedBoxErrorInfo.cpp
5>TurboModulesProvider.cpp
5>Helpers.cpp
5>ImageUtils.cpp
5>ThemeUtils.cpp
5>DevMenu.cpp
5>Instance.cpp
5>RuntimeSchedulerBinding.cpp
5>RuntimeSchedulerCallInvoker.cpp
5>Task.cpp
5>CoreFeatures.cpp
5>ReactNativeFeatureFlags.cpp
5>ReactNativeFeatureFlagsAccessor.cpp
5>InstanceTarget.cpp
5>InstanceAgent.cpp
5>PageAgent.cpp
5>PageTarget.cpp
5>InspectorUtilities.cpp
5>Parsing.cpp
5>FallbackRuntimeAgentDelegate.cpp
5>RuntimeAgent.cpp
5>RuntimeTarget.cpp
5>ExecutionContextManager.cpp
5>ExecutionContext.cpp
5>jsi-utils.cpp
5>activeObject.cpp
5>crash_min.cpp
5>debugAssertApi.cpp
5>queueService.cpp
5>taskBatch.cpp
5>looperScheduler.cpp
5>taskContext.cpp
5>taskQueue.cpp
5>threadPoolScheduler_win.cpp
5>uiScheduler_winrt.cpp
5>errorCode.cpp
5>eventWaitHandleImpl_win.cpp
5>cancellationTokenImpl.cpp
5>executor.cpp
5>futureImpl.cpp
5>futureTask.cpp
5>promise.cpp
5>promiseGroup.cpp
5>whenAll.cpp
5>whenAny.cpp
5>memoryApi.cpp
5>memoryLeakScope_EmptyImpl.cpp
5>JsiAbiApi.cpp
5>JsiApiContext.cpp
5>JsiValueHelpers.cpp
5>JSValue.cpp
5>JSValueTreeReader.cpp
5>JSValueTreeWriter.cpp
5>ModuleRegistration.cpp
5>ReactPromise.cpp
5>TurboModuleProvider.cpp
5>ABICxxModule.cpp
5>ABIViewManager.cpp
5>CoreUIManagers.cpp
5>BatchingEventEmitter.cpp
5>JSBigString.cpp
5>DevMenuControl.cpp
5>GlyphViewManager.cpp
5>AccessibilityInfoModule.cpp
5>AlertModule.cpp
5>AdditionAnimatedNode.cpp
5>AnimatedNode.cpp
5>AnimatedPlatformConfig.cpp
5>AnimationDriver.cpp
5>CalculatedAnimationDriver.cpp
5>DecayAnimationDriver.cpp
5>DiffClampAnimatedNode.cpp
5>DivisionAnimatedNode.cpp
5>EventAnimationDriver.cpp
5>FrameAnimationDriver.cpp
5>InterpolationAnimatedNode.cpp
5>ModulusAnimatedNode.cpp
5>MultiplicationAnimatedNode.cpp
5>NativeAnimatedModule.cpp
5>NativeAnimatedNodeManager.cpp
5>PropsAnimatedNode.cpp
5>SpringAnimationDriver.cpp
5>StyleAnimatedNode.cpp
5>SubtractionAnimatedNode.cpp
5>TrackingAnimatedNode.cpp
5>TransformAnimatedNode.cpp
5>ValueAnimatedNode.cpp
5>AppearanceModule.cpp
5>AppStateModule.cpp
5>AppThemeModuleUwp.cpp
5>ClipboardModule.cpp
5>CreateModules.cpp
5>DeviceInfoModule.cpp
5>I18nManagerModule.cpp
5>ImageViewManagerModule.cpp
5>LinkingManagerModule.cpp
5>LogBoxModule.cpp
5>NativeUIManager.cpp
5>PaperUIManagerModule.cpp
5>ReactPointerEventArgs.cpp
5>ReactApplication.cpp
5>module.g.cpp
5>AccessibilityUtils.cpp
5>KeyboardUtils.cpp
5>LocalBundleReader.cpp
5>ResourceBrushUtils.cpp
5>UwpPreparedScriptStore.cpp
5>UwpScriptStore.cpp
5>ValueUtils.cpp
5>XamlIslandUtils.cpp
5>ActivityIndicatorViewManager.cpp
5>ConfigureBundlerDlg.cpp
5>ControlViewManager.cpp
5>DebuggingOverlayViewManager.cpp
5>DynamicAutomationPeer.cpp
5>DynamicAutomationProperties.cpp
5>DynamicValueProvider.cpp
5>ExpressionAnimationStore.cpp
5>FlyoutViewManager.cpp
5>FrameworkElementTransferProperties.cpp
5>FrameworkElementViewManager.cpp
5>ImageViewManager.cpp
5>ReactImage.cpp
5>ReactImageBrush.cpp
5>ScrollViewUWPImplementation.cpp
5>SnapPointManagingContentControl.cpp
5>KeyboardEventHandler.cpp
5>UnimplementedViewManager.cpp
5>PaperShadowNode.cpp
5>PopupViewManager.cpp
5>RawTextViewManager.cpp
5>ReactViewInstance.cpp
5>RefreshControlManager.cpp
5>RootViewManager.cpp
5>ScrollContentViewManager.cpp
5>ScrollViewManager.cpp
5>ShadowNodeBase.cpp
5>ShadowNodeRegistry.cpp
5>SIPEventHandler.cpp
5>SliderViewManager.cpp
5>SwitchViewManager.cpp
5>TextInputViewManager.cpp
5>TextViewManager.cpp
5>TextHighlighterVisitor.cpp
5>TextHitTestUtils.cpp
5>TextHitTestVisitor.cpp
5>TextParentVisitor.cpp
5>TextPropertyChangedParentVisitor.cpp
5>TextTransformParentVisitor.cpp
5>TextTransformVisitor.cpp
5>TextVisitor.cpp
5>TouchEventHandler.cpp
5>ViewControl.cpp
5>ViewManagerBase.cpp
5>ViewPanel.cpp
5>ViewViewManager.cpp
5>VirtualTextViewManager.cpp
5>XamlFeatures.cpp
5>XamlLoadState.cpp
5>XamlView.cpp
5>LayoutService.cpp
5>XamlUIService.cpp
5>ReactRootView.cpp
5>ReactSupport.cpp
5>TestHook.cpp
5>ViewManagersProvider.cpp
5>XamlHelper.cpp
5>XamlTypeInfo.Impl.g.cpp
5>XamlLibMetadataProvider.g.cpp
5>RuntimeScheduler.cpp
5>RuntimeScheduler_Modern.cpp
5>RuntimeScheduler_Legacy.cpp
5>HermesApi.cpp
5>NodeApi.cpp
5>JSRuntimeApi.cpp
5>NodeApiJsiRuntime.cpp
5>NodeApiJsiLoader.cpp
5>jsi.cpp
5>XamlTypeInfo.g.cpp
5>XamlMetaDataProvider.cpp
5>   Creating library C:\Users\Adam\Code\locallib\node_modules\react-native-windows\target\x64\Debug\Microsoft.ReactNative\Microsoft.ReactNative.lib and object C:\Users\Adam\Code\locallib\node_modules\react-native-windows\target\x64\Debug\Microsoft.ReactNative\Microsoft.ReactNative.exp
5>Microsoft.ReactNative.vcxproj -> C:\Users\Adam\Code\locallib\node_modules\react-native-windows\target\x64\Debug\Microsoft.ReactNative\Microsoft.ReactNative.dll
6>------ Build started: Project: ReactNativeAwesomeModule, Configuration: Debug x64 ------
6>Determining projects to restore...
6>All projects are up-to-date for restore.
6>Determining projects to restore...
6>64 bit MIDLRT Processing C:\Users\Adam\Code\locallib\node_modules\react-native-awesome-module\windows\ReactNativeAwesomeModule\ReactPackageProvider.idl
6>ReactPackageProvider.idl
6>64 bit MIDLRT Processing C:\Program Files (x86)\Windows Kits\10\Include\10.0.19041.0\winrt\winrtbase.idl
6>winrtbase.idl
6>64 bit MIDLRT Processing C:\Program Files (x86)\Windows Kits\10\Include\10.0.19041.0\winrt\midlbase.idl
6>midlbase.idl
6>Processing WinMD c:\users\adam\.nuget\packages\microsoft.ui.xaml\2.8.0\lib\uap10.0\microsoft.ui.xaml.winmd
6>Processing WinMD c:\users\adam\.nuget\packages\microsoft.web.webview2\1.0.1264.42\lib\microsoft.web.webview2.core.winmd
6>Processing WinMD c:\users\adam\code\locallib\node_modules\react-native-windows\target\x64\debug\microsoft.reactnative\microsoft.reactnative.winmd
6>Processing WinMD c:\program files (x86)\windows kits\10\references\10.0.19041.0\windows.ai.machinelearning.machinelearningcontract\3.0.0.0\windows.ai.machinelearning.machinelearningcontract.winmd
6>Processing WinMD c:\program files (x86)\windows kits\10\references\10.0.19041.0\windows.ai.machinelearning.preview.machinelearningpreviewcontract\2.0.0.0\windows.ai.machinelearning.preview.machinelearningpreviewcontract.winmd
6>Processing WinMD c:\program files (x86)\windows kits\10\references\10.0.19041.0\windows.applicationmodel.calls.background.callsbackgroundcontract\2.0.0.0\windows.applicationmodel.calls.background.callsbackgroundcontract.winmd
6>Processing WinMD c:\program files (x86)\windows kits\10\references\10.0.19041.0\windows.applicationmodel.calls.callsphonecontract\5.0.0.0\windows.applicationmodel.calls.callsphonecontract.winmd
6>Processing WinMD c:\program files (x86)\windows kits\10\references\10.0.19041.0\windows.applicationmodel.calls.callsvoipcontract\4.0.0.0\windows.applicationmodel.calls.callsvoipcontract.winmd
6>Processing WinMD c:\program files (x86)\windows kits\10\references\10.0.19041.0\windows.applicationmodel.communicationblocking.communicationblockingcontract\2.0.0.0\windows.applicationmodel.communicationblocking.communicationblockingcontract.winmd
6>Processing WinMD c:\program files (x86)\windows kits\10\references\10.0.19041.0\windows.applicationmodel.socialinfo.socialinfocontract\2.0.0.0\windows.applicationmodel.socialinfo.socialinfocontract.winmd
6>Processing WinMD c:\program files (x86)\windows kits\10\references\10.0.19041.0\windows.applicationmodel.startuptaskcontract\3.0.0.0\windows.applicationmodel.startuptaskcontract.winmd
6>Processing WinMD c:\program files (x86)\windows kits\10\references\10.0.19041.0\windows.devices.custom.customdevicecontract\1.0.0.0\windows.devices.custom.customdevicecontract.winmd
6>Processing WinMD c:\program files (x86)\windows kits\10\references\10.0.19041.0\windows.devices.deviceslowlevelcontract\3.0.0.0\windows.devices.deviceslowlevelcontract.winmd
6>Processing WinMD c:\program files (x86)\windows kits\10\references\10.0.19041.0\windows.devices.printers.printerscontract\1.0.0.0\windows.devices.printers.printerscontract.winmd
6>Processing WinMD c:\program files (x86)\windows kits\10\references\10.0.19041.0\windows.devices.smartcards.smartcardbackgroundtriggercontract\3.0.0.0\windows.devices.smartcards.smartcardbackgroundtriggercontract.winmd
6>Processing WinMD c:\program files (x86)\windows kits\10\references\10.0.19041.0\windows.devices.smartcards.smartcardemulatorcontract\6.0.0.0\windows.devices.smartcards.smartcardemulatorcontract.winmd
6>Processing WinMD c:\program files (x86)\windows kits\10\references\10.0.19041.0\windows.foundation.foundationcontract\4.0.0.0\windows.foundation.foundationcontract.winmd
6>Processing WinMD c:\program files (x86)\windows kits\10\references\10.0.19041.0\windows.foundation.universalapicontract\10.0.0.0\windows.foundation.universalapicontract.winmd
6>Processing WinMD c:\program files (x86)\windows kits\10\references\10.0.19041.0\windows.gaming.xboxlive.storageapicontract\1.0.0.0\windows.gaming.xboxlive.storageapicontract.winmd
6>Processing WinMD c:\program files (x86)\windows kits\10\references\10.0.19041.0\windows.graphics.printing3d.printing3dcontract\4.0.0.0\windows.graphics.printing3d.printing3dcontract.winmd
6>Processing WinMD c:\program files (x86)\windows kits\10\references\10.0.19041.0\windows.networking.connectivity.wwancontract\2.0.0.0\windows.networking.connectivity.wwancontract.winmd
6>Processing WinMD c:\program files (x86)\windows kits\10\references\10.0.19041.0\windows.networking.sockets.controlchanneltriggercontract\3.0.0.0\windows.networking.sockets.controlchanneltriggercontract.winmd
6>Processing WinMD c:\program files (x86)\windows kits\10\references\10.0.19041.0\windows.security.isolation.isolatedwindowsenvironmentcontract\2.0.0.0\windows.security.isolation.isolatedwindowsenvironmentcontract.winmd
6>Processing WinMD c:\program files (x86)\windows kits\10\references\10.0.19041.0\windows.services.maps.guidancecontract\3.0.0.0\windows.services.maps.guidancecontract.winmd
6>Processing WinMD c:\program files (x86)\windows kits\10\references\10.0.19041.0\windows.services.maps.localsearchcontract\4.0.0.0\windows.services.maps.localsearchcontract.winmd
6>Processing WinMD c:\program files (x86)\windows kits\10\references\10.0.19041.0\windows.services.store.storecontract\4.0.0.0\windows.services.store.storecontract.winmd
6>Processing WinMD c:\program files (x86)\windows kits\10\references\10.0.19041.0\windows.services.targetedcontent.targetedcontentcontract\1.0.0.0\windows.services.targetedcontent.targetedcontentcontract.winmd
6>Processing WinMD c:\program files (x86)\windows kits\10\references\10.0.19041.0\windows.storage.provider.cloudfilescontract\4.0.0.0\windows.storage.provider.cloudfilescontract.winmd
6>Processing WinMD c:\program files (x86)\windows kits\10\references\10.0.19041.0\windows.system.profile.profilehardwaretokencontract\1.0.0.0\windows.system.profile.profilehardwaretokencontract.winmd
6>Processing WinMD c:\program files (x86)\windows kits\10\references\10.0.19041.0\windows.system.profile.profilesharedmodecontract\2.0.0.0\windows.system.profile.profilesharedmodecontract.winmd
6>Processing WinMD c:\program files (x86)\windows kits\10\references\10.0.19041.0\windows.system.profile.systemmanufacturers.systemmanufacturerscontract\3.0.0.0\windows.system.profile.systemmanufacturers.systemmanufacturerscontract.winmd
6>Processing WinMD c:\program files (x86)\windows kits\10\references\10.0.19041.0\windows.system.systemmanagementcontract\7.0.0.0\windows.system.systemmanagementcontract.winmd
6>Processing WinMD c:\program files (x86)\windows kits\10\references\10.0.19041.0\windows.ui.viewmanagement.viewmanagementviewscalingcontract\1.0.0.0\windows.ui.viewmanagement.viewmanagementviewscalingcontract.winmd
6>Processing WinMD c:\program files (x86)\windows kits\10\references\10.0.19041.0\windows.ui.xaml.core.direct.xamldirectcontract\2.0.0.0\windows.ui.xaml.core.direct.xamldirectcontract.winmd
6>Microsoft(R) Metadata Merge Utility Version 10.0.49.
6>
6>
6>Processing input metadata file x64\Debug\Unmerged\ReactPackageProvider.winmd.
6>Saved output metadata file ReactNativeAwesomeModule.winmd.
6>Validating metadata file x64\Debug\Merged\ReactNativeAwesomeModule.winmd.
6>pch.cpp
6>ReactPackageProvider.cpp
6>module.g.cpp
6>JsiAbiApi.cpp
6>JsiApiContext.cpp
6>JsiValueHelpers.cpp
6>JSValue.cpp
6>JSValueTreeReader.cpp
6>JSValueTreeWriter.cpp
6>ModuleRegistration.cpp
6>ReactPromise.cpp
6>TurboModuleProvider.cpp
6>jsi.cpp
6>LongLivedObject.cpp
6>TurboModule.cpp
6>TurboModuleUtils.cpp
6>NodeApi.cpp
6>JSRuntimeApi.cpp
6>NodeApiJsiRuntime.cpp
6>NodeApiJsiLoader.cpp
6>   Creating library C:\Users\Adam\Code\locallib\windows\x64\Debug\ReactNativeAwesomeModule\ReactNativeAwesomeModule.lib and object C:\Users\Adam\Code\locallib\windows\x64\Debug\ReactNativeAwesomeModule\ReactNativeAwesomeModule.exp
6>ReactNativeAwesomeModule.vcxproj -> C:\Users\Adam\Code\locallib\windows\x64\Debug\ReactNativeAwesomeModule\ReactNativeAwesomeModule.dll
7>------ Build started: Project: locallib, Configuration: Debug x64 ------
7>Determining projects to restore...
7>All projects are up-to-date for restore.
7>Determining projects to restore...
7>- Checking auto-linked files...
7>ΓêÜ Checking auto-linked files...
7>Success: No auto-linking changes necessary. (105ms)
7>- Running x64 node on a x64 machine
7>i Running x64 node on a x64 machine
7>- Running codegen-windows...
7>
7>i No codegenConfig specified in package.json - Skipping codegen-windows
7>Success: No codegen-windows changes necessary. (3ms)
7>64 bit MIDLRT Processing C:\Users\Adam\Code\locallib\windows\locallib\App.idl
7>App.idl
7>64 bit MIDLRT Processing C:\Program Files (x86)\Windows Kits\10\Include\10.0.19041.0\winrt\winrtbase.idl
7>winrtbase.idl
7>64 bit MIDLRT Processing C:\Program Files (x86)\Windows Kits\10\Include\10.0.19041.0\winrt\midlbase.idl
7>midlbase.idl
7>Processing WinMD c:\users\adam\.nuget\packages\microsoft.ui.xaml\2.8.0\lib\uap10.0\microsoft.ui.xaml.winmd
7>Processing WinMD c:\users\adam\.nuget\packages\microsoft.web.webview2\1.0.1264.42\lib\microsoft.web.webview2.core.winmd
7>Processing WinMD c:\users\adam\code\locallib\node_modules\react-native-windows\target\x64\debug\microsoft.reactnative\microsoft.reactnative.winmd
7>Processing WinMD c:\users\adam\code\locallib\windows\x64\debug\reactnativeawesomemodule\reactnativeawesomemodule.winmd
7>Processing WinMD c:\program files (x86)\windows kits\10\references\10.0.19041.0\windows.ai.machinelearning.machinelearningcontract\3.0.0.0\windows.ai.machinelearning.machinelearningcontract.winmd
7>Processing WinMD c:\program files (x86)\windows kits\10\references\10.0.19041.0\windows.ai.machinelearning.preview.machinelearningpreviewcontract\2.0.0.0\windows.ai.machinelearning.preview.machinelearningpreviewcontract.winmd
7>Processing WinMD c:\program files (x86)\windows kits\10\references\10.0.19041.0\windows.applicationmodel.calls.background.callsbackgroundcontract\2.0.0.0\windows.applicationmodel.calls.background.callsbackgroundcontract.winmd
7>Processing WinMD c:\program files (x86)\windows kits\10\references\10.0.19041.0\windows.applicationmodel.calls.callsphonecontract\5.0.0.0\windows.applicationmodel.calls.callsphonecontract.winmd
7>Processing WinMD c:\program files (x86)\windows kits\10\references\10.0.19041.0\windows.applicationmodel.calls.callsvoipcontract\4.0.0.0\windows.applicationmodel.calls.callsvoipcontract.winmd
7>Processing WinMD c:\program files (x86)\windows kits\10\references\10.0.19041.0\windows.applicationmodel.communicationblocking.communicationblockingcontract\2.0.0.0\windows.applicationmodel.communicationblocking.communicationblockingcontract.winmd
7>Processing WinMD c:\program files (x86)\windows kits\10\references\10.0.19041.0\windows.applicationmodel.socialinfo.socialinfocontract\2.0.0.0\windows.applicationmodel.socialinfo.socialinfocontract.winmd
7>Processing WinMD c:\program files (x86)\windows kits\10\references\10.0.19041.0\windows.applicationmodel.startuptaskcontract\3.0.0.0\windows.applicationmodel.startuptaskcontract.winmd
7>Processing WinMD c:\program files (x86)\windows kits\10\references\10.0.19041.0\windows.devices.custom.customdevicecontract\1.0.0.0\windows.devices.custom.customdevicecontract.winmd
7>Processing WinMD c:\program files (x86)\windows kits\10\references\10.0.19041.0\windows.devices.deviceslowlevelcontract\3.0.0.0\windows.devices.deviceslowlevelcontract.winmd
7>Processing WinMD c:\program files (x86)\windows kits\10\references\10.0.19041.0\windows.devices.printers.printerscontract\1.0.0.0\windows.devices.printers.printerscontract.winmd
7>Processing WinMD c:\program files (x86)\windows kits\10\references\10.0.19041.0\windows.devices.smartcards.smartcardbackgroundtriggercontract\3.0.0.0\windows.devices.smartcards.smartcardbackgroundtriggercontract.winmd
7>Processing WinMD c:\program files (x86)\windows kits\10\references\10.0.19041.0\windows.devices.smartcards.smartcardemulatorcontract\6.0.0.0\windows.devices.smartcards.smartcardemulatorcontract.winmd
7>Processing WinMD c:\program files (x86)\windows kits\10\references\10.0.19041.0\windows.foundation.foundationcontract\4.0.0.0\windows.foundation.foundationcontract.winmd
7>Processing WinMD c:\program files (x86)\windows kits\10\references\10.0.19041.0\windows.foundation.universalapicontract\10.0.0.0\windows.foundation.universalapicontract.winmd
7>Processing WinMD c:\program files (x86)\windows kits\10\references\10.0.19041.0\windows.gaming.xboxlive.storageapicontract\1.0.0.0\windows.gaming.xboxlive.storageapicontract.winmd
7>Processing WinMD c:\program files (x86)\windows kits\10\references\10.0.19041.0\windows.graphics.printing3d.printing3dcontract\4.0.0.0\windows.graphics.printing3d.printing3dcontract.winmd
7>Processing WinMD c:\program files (x86)\windows kits\10\references\10.0.19041.0\windows.networking.connectivity.wwancontract\2.0.0.0\windows.networking.connectivity.wwancontract.winmd
7>Processing WinMD c:\program files (x86)\windows kits\10\references\10.0.19041.0\windows.networking.sockets.controlchanneltriggercontract\3.0.0.0\windows.networking.sockets.controlchanneltriggercontract.winmd
7>Processing WinMD c:\program files (x86)\windows kits\10\references\10.0.19041.0\windows.security.isolation.isolatedwindowsenvironmentcontract\2.0.0.0\windows.security.isolation.isolatedwindowsenvironmentcontract.winmd
7>Processing WinMD c:\program files (x86)\windows kits\10\references\10.0.19041.0\windows.services.maps.guidancecontract\3.0.0.0\windows.services.maps.guidancecontract.winmd
7>Processing WinMD c:\program files (x86)\windows kits\10\references\10.0.19041.0\windows.services.maps.localsearchcontract\4.0.0.0\windows.services.maps.localsearchcontract.winmd
7>Processing WinMD c:\program files (x86)\windows kits\10\references\10.0.19041.0\windows.services.store.storecontract\4.0.0.0\windows.services.store.storecontract.winmd
7>Processing WinMD c:\program files (x86)\windows kits\10\references\10.0.19041.0\windows.services.targetedcontent.targetedcontentcontract\1.0.0.0\windows.services.targetedcontent.targetedcontentcontract.winmd
7>Processing WinMD c:\program files (x86)\windows kits\10\references\10.0.19041.0\windows.storage.provider.cloudfilescontract\4.0.0.0\windows.storage.provider.cloudfilescontract.winmd
7>Processing WinMD c:\program files (x86)\windows kits\10\references\10.0.19041.0\windows.system.profile.profilehardwaretokencontract\1.0.0.0\windows.system.profile.profilehardwaretokencontract.winmd
7>Processing WinMD c:\program files (x86)\windows kits\10\references\10.0.19041.0\windows.system.profile.profilesharedmodecontract\2.0.0.0\windows.system.profile.profilesharedmodecontract.winmd
7>Processing WinMD c:\program files (x86)\windows kits\10\references\10.0.19041.0\windows.system.profile.systemmanufacturers.systemmanufacturerscontract\3.0.0.0\windows.system.profile.systemmanufacturers.systemmanufacturerscontract.winmd
7>Processing WinMD c:\program files (x86)\windows kits\10\references\10.0.19041.0\windows.system.systemmanagementcontract\7.0.0.0\windows.system.systemmanagementcontract.winmd
7>Processing WinMD c:\program files (x86)\windows kits\10\references\10.0.19041.0\windows.ui.viewmanagement.viewmanagementviewscalingcontract\1.0.0.0\windows.ui.viewmanagement.viewmanagementviewscalingcontract.winmd
7>Processing WinMD c:\program files (x86)\windows kits\10\references\10.0.19041.0\windows.ui.xaml.core.direct.xamldirectcontract\2.0.0.0\windows.ui.xaml.core.direct.xamldirectcontract.winmd
7>64 bit MIDLRT Processing C:\Users\Adam\Code\locallib\windows\locallib\MainPage.idl
7>MainPage.idl
7>64 bit MIDLRT Processing C:\Program Files (x86)\Windows Kits\10\Include\10.0.19041.0\winrt\winrtbase.idl
7>winrtbase.idl
7>64 bit MIDLRT Processing C:\Program Files (x86)\Windows Kits\10\Include\10.0.19041.0\winrt\midlbase.idl
7>midlbase.idl
7>Processing WinMD c:\users\adam\.nuget\packages\microsoft.ui.xaml\2.8.0\lib\uap10.0\microsoft.ui.xaml.winmd
7>Processing WinMD c:\users\adam\.nuget\packages\microsoft.web.webview2\1.0.1264.42\lib\microsoft.web.webview2.core.winmd
7>Processing WinMD c:\users\adam\code\locallib\node_modules\react-native-windows\target\x64\debug\microsoft.reactnative\microsoft.reactnative.winmd
7>Processing WinMD c:\users\adam\code\locallib\windows\x64\debug\reactnativeawesomemodule\reactnativeawesomemodule.winmd
7>Processing WinMD c:\program files (x86)\windows kits\10\references\10.0.19041.0\windows.ai.machinelearning.machinelearningcontract\3.0.0.0\windows.ai.machinelearning.machinelearningcontract.winmd
7>Processing WinMD c:\program files (x86)\windows kits\10\references\10.0.19041.0\windows.ai.machinelearning.preview.machinelearningpreviewcontract\2.0.0.0\windows.ai.machinelearning.preview.machinelearningpreviewcontract.winmd
7>Processing WinMD c:\program files (x86)\windows kits\10\references\10.0.19041.0\windows.applicationmodel.calls.background.callsbackgroundcontract\2.0.0.0\windows.applicationmodel.calls.background.callsbackgroundcontract.winmd
7>Processing WinMD c:\program files (x86)\windows kits\10\references\10.0.19041.0\windows.applicationmodel.calls.callsphonecontract\5.0.0.0\windows.applicationmodel.calls.callsphonecontract.winmd
7>Processing WinMD c:\program files (x86)\windows kits\10\references\10.0.19041.0\windows.applicationmodel.calls.callsvoipcontract\4.0.0.0\windows.applicationmodel.calls.callsvoipcontract.winmd
7>Processing WinMD c:\program files (x86)\windows kits\10\references\10.0.19041.0\windows.applicationmodel.communicationblocking.communicationblockingcontract\2.0.0.0\windows.applicationmodel.communicationblocking.communicationblockingcontract.winmd
7>Processing WinMD c:\program files (x86)\windows kits\10\references\10.0.19041.0\windows.applicationmodel.socialinfo.socialinfocontract\2.0.0.0\windows.applicationmodel.socialinfo.socialinfocontract.winmd
7>Processing WinMD c:\program files (x86)\windows kits\10\references\10.0.19041.0\windows.applicationmodel.startuptaskcontract\3.0.0.0\windows.applicationmodel.startuptaskcontract.winmd
7>Processing WinMD c:\program files (x86)\windows kits\10\references\10.0.19041.0\windows.devices.custom.customdevicecontract\1.0.0.0\windows.devices.custom.customdevicecontract.winmd
7>Processing WinMD c:\program files (x86)\windows kits\10\references\10.0.19041.0\windows.devices.deviceslowlevelcontract\3.0.0.0\windows.devices.deviceslowlevelcontract.winmd
7>Processing WinMD c:\program files (x86)\windows kits\10\references\10.0.19041.0\windows.devices.printers.printerscontract\1.0.0.0\windows.devices.printers.printerscontract.winmd
7>Processing WinMD c:\program files (x86)\windows kits\10\references\10.0.19041.0\windows.devices.smartcards.smartcardbackgroundtriggercontract\3.0.0.0\windows.devices.smartcards.smartcardbackgroundtriggercontract.winmd
7>Processing WinMD c:\program files (x86)\windows kits\10\references\10.0.19041.0\windows.devices.smartcards.smartcardemulatorcontract\6.0.0.0\windows.devices.smartcards.smartcardemulatorcontract.winmd
7>Processing WinMD c:\program files (x86)\windows kits\10\references\10.0.19041.0\windows.foundation.foundationcontract\4.0.0.0\windows.foundation.foundationcontract.winmd
7>Processing WinMD c:\program files (x86)\windows kits\10\references\10.0.19041.0\windows.foundation.universalapicontract\10.0.0.0\windows.foundation.universalapicontract.winmd
7>Processing WinMD c:\program files (x86)\windows kits\10\references\10.0.19041.0\windows.gaming.xboxlive.storageapicontract\1.0.0.0\windows.gaming.xboxlive.storageapicontract.winmd
7>Processing WinMD c:\program files (x86)\windows kits\10\references\10.0.19041.0\windows.graphics.printing3d.printing3dcontract\4.0.0.0\windows.graphics.printing3d.printing3dcontract.winmd
7>Processing WinMD c:\program files (x86)\windows kits\10\references\10.0.19041.0\windows.networking.connectivity.wwancontract\2.0.0.0\windows.networking.connectivity.wwancontract.winmd
7>Processing WinMD c:\program files (x86)\windows kits\10\references\10.0.19041.0\windows.networking.sockets.controlchanneltriggercontract\3.0.0.0\windows.networking.sockets.controlchanneltriggercontract.winmd
7>Processing WinMD c:\program files (x86)\windows kits\10\references\10.0.19041.0\windows.security.isolation.isolatedwindowsenvironmentcontract\2.0.0.0\windows.security.isolation.isolatedwindowsenvironmentcontract.winmd
7>Processing WinMD c:\program files (x86)\windows kits\10\references\10.0.19041.0\windows.services.maps.guidancecontract\3.0.0.0\windows.services.maps.guidancecontract.winmd
7>Processing WinMD c:\program files (x86)\windows kits\10\references\10.0.19041.0\windows.services.maps.localsearchcontract\4.0.0.0\windows.services.maps.localsearchcontract.winmd
7>Processing WinMD c:\program files (x86)\windows kits\10\references\10.0.19041.0\windows.services.store.storecontract\4.0.0.0\windows.services.store.storecontract.winmd
7>Processing WinMD c:\program files (x86)\windows kits\10\references\10.0.19041.0\windows.services.targetedcontent.targetedcontentcontract\1.0.0.0\windows.services.targetedcontent.targetedcontentcontract.winmd
7>Processing WinMD c:\program files (x86)\windows kits\10\references\10.0.19041.0\windows.storage.provider.cloudfilescontract\4.0.0.0\windows.storage.provider.cloudfilescontract.winmd
7>Processing WinMD c:\program files (x86)\windows kits\10\references\10.0.19041.0\windows.system.profile.profilehardwaretokencontract\1.0.0.0\windows.system.profile.profilehardwaretokencontract.winmd
7>Processing WinMD c:\program files (x86)\windows kits\10\references\10.0.19041.0\windows.system.profile.profilesharedmodecontract\2.0.0.0\windows.system.profile.profilesharedmodecontract.winmd
7>Processing WinMD c:\program files (x86)\windows kits\10\references\10.0.19041.0\windows.system.profile.systemmanufacturers.systemmanufacturerscontract\3.0.0.0\windows.system.profile.systemmanufacturers.systemmanufacturerscontract.winmd
7>Processing WinMD c:\program files (x86)\windows kits\10\references\10.0.19041.0\windows.system.systemmanagementcontract\7.0.0.0\windows.system.systemmanagementcontract.winmd
7>Processing WinMD c:\program files (x86)\windows kits\10\references\10.0.19041.0\windows.ui.viewmanagement.viewmanagementviewscalingcontract\1.0.0.0\windows.ui.viewmanagement.viewmanagementviewscalingcontract.winmd
7>Processing WinMD c:\program files (x86)\windows kits\10\references\10.0.19041.0\windows.ui.xaml.core.direct.xamldirectcontract\2.0.0.0\windows.ui.xaml.core.direct.xamldirectcontract.winmd
7>64 bit MIDLRT Processing C:\Users\Adam\Code\locallib\windows\locallib\Generated Files\XamlMetaDataProvider.idl
7>XamlMetaDataProvider.idl
7>64 bit MIDLRT Processing C:\Program Files (x86)\Windows Kits\10\Include\10.0.19041.0\winrt\winrtbase.idl
7>winrtbase.idl
7>64 bit MIDLRT Processing C:\Program Files (x86)\Windows Kits\10\Include\10.0.19041.0\winrt\midlbase.idl
7>midlbase.idl
7>Processing WinMD c:\users\adam\.nuget\packages\microsoft.ui.xaml\2.8.0\lib\uap10.0\microsoft.ui.xaml.winmd
7>Processing WinMD c:\users\adam\.nuget\packages\microsoft.web.webview2\1.0.1264.42\lib\microsoft.web.webview2.core.winmd
7>Processing WinMD c:\users\adam\code\locallib\node_modules\react-native-windows\target\x64\debug\microsoft.reactnative\microsoft.reactnative.winmd
7>Processing WinMD c:\users\adam\code\locallib\windows\x64\debug\reactnativeawesomemodule\reactnativeawesomemodule.winmd
7>Processing WinMD c:\program files (x86)\windows kits\10\references\10.0.19041.0\windows.ai.machinelearning.machinelearningcontract\3.0.0.0\windows.ai.machinelearning.machinelearningcontract.winmd
7>Processing WinMD c:\program files (x86)\windows kits\10\references\10.0.19041.0\windows.ai.machinelearning.preview.machinelearningpreviewcontract\2.0.0.0\windows.ai.machinelearning.preview.machinelearningpreviewcontract.winmd
7>Processing WinMD c:\program files (x86)\windows kits\10\references\10.0.19041.0\windows.applicationmodel.calls.background.callsbackgroundcontract\2.0.0.0\windows.applicationmodel.calls.background.callsbackgroundcontract.winmd
7>Processing WinMD c:\program files (x86)\windows kits\10\references\10.0.19041.0\windows.applicationmodel.calls.callsphonecontract\5.0.0.0\windows.applicationmodel.calls.callsphonecontract.winmd
7>Processing WinMD c:\program files (x86)\windows kits\10\references\10.0.19041.0\windows.applicationmodel.calls.callsvoipcontract\4.0.0.0\windows.applicationmodel.calls.callsvoipcontract.winmd
7>Processing WinMD c:\program files (x86)\windows kits\10\references\10.0.19041.0\windows.applicationmodel.communicationblocking.communicationblockingcontract\2.0.0.0\windows.applicationmodel.communicationblocking.communicationblockingcontract.winmd
7>Processing WinMD c:\program files (x86)\windows kits\10\references\10.0.19041.0\windows.applicationmodel.socialinfo.socialinfocontract\2.0.0.0\windows.applicationmodel.socialinfo.socialinfocontract.winmd
7>Processing WinMD c:\program files (x86)\windows kits\10\references\10.0.19041.0\windows.applicationmodel.startuptaskcontract\3.0.0.0\windows.applicationmodel.startuptaskcontract.winmd
7>Processing WinMD c:\program files (x86)\windows kits\10\references\10.0.19041.0\windows.devices.custom.customdevicecontract\1.0.0.0\windows.devices.custom.customdevicecontract.winmd
7>Processing WinMD c:\program files (x86)\windows kits\10\references\10.0.19041.0\windows.devices.deviceslowlevelcontract\3.0.0.0\windows.devices.deviceslowlevelcontract.winmd
7>Processing WinMD c:\program files (x86)\windows kits\10\references\10.0.19041.0\windows.devices.printers.printerscontract\1.0.0.0\windows.devices.printers.printerscontract.winmd
7>Processing WinMD c:\program files (x86)\windows kits\10\references\10.0.19041.0\windows.devices.smartcards.smartcardbackgroundtriggercontract\3.0.0.0\windows.devices.smartcards.smartcardbackgroundtriggercontract.winmd
7>Processing WinMD c:\program files (x86)\windows kits\10\references\10.0.19041.0\windows.devices.smartcards.smartcardemulatorcontract\6.0.0.0\windows.devices.smartcards.smartcardemulatorcontract.winmd
7>Processing WinMD c:\program files (x86)\windows kits\10\references\10.0.19041.0\windows.foundation.foundationcontract\4.0.0.0\windows.foundation.foundationcontract.winmd
7>Processing WinMD c:\program files (x86)\windows kits\10\references\10.0.19041.0\windows.foundation.universalapicontract\10.0.0.0\windows.foundation.universalapicontract.winmd
7>Processing WinMD c:\program files (x86)\windows kits\10\references\10.0.19041.0\windows.gaming.xboxlive.storageapicontract\1.0.0.0\windows.gaming.xboxlive.storageapicontract.winmd
7>Processing WinMD c:\program files (x86)\windows kits\10\references\10.0.19041.0\windows.graphics.printing3d.printing3dcontract\4.0.0.0\windows.graphics.printing3d.printing3dcontract.winmd
7>Processing WinMD c:\program files (x86)\windows kits\10\references\10.0.19041.0\windows.networking.connectivity.wwancontract\2.0.0.0\windows.networking.connectivity.wwancontract.winmd
7>Processing WinMD c:\program files (x86)\windows kits\10\references\10.0.19041.0\windows.networking.sockets.controlchanneltriggercontract\3.0.0.0\windows.networking.sockets.controlchanneltriggercontract.winmd
7>Processing WinMD c:\program files (x86)\windows kits\10\references\10.0.19041.0\windows.security.isolation.isolatedwindowsenvironmentcontract\2.0.0.0\windows.security.isolation.isolatedwindowsenvironmentcontract.winmd
7>Processing WinMD c:\program files (x86)\windows kits\10\references\10.0.19041.0\windows.services.maps.guidancecontract\3.0.0.0\windows.services.maps.guidancecontract.winmd
7>Processing WinMD c:\program files (x86)\windows kits\10\references\10.0.19041.0\windows.services.maps.localsearchcontract\4.0.0.0\windows.services.maps.localsearchcontract.winmd
7>Processing WinMD c:\program files (x86)\windows kits\10\references\10.0.19041.0\windows.services.store.storecontract\4.0.0.0\windows.services.store.storecontract.winmd
7>Processing WinMD c:\program files (x86)\windows kits\10\references\10.0.19041.0\windows.services.targetedcontent.targetedcontentcontract\1.0.0.0\windows.services.targetedcontent.targetedcontentcontract.winmd
7>Processing WinMD c:\program files (x86)\windows kits\10\references\10.0.19041.0\windows.storage.provider.cloudfilescontract\4.0.0.0\windows.storage.provider.cloudfilescontract.winmd
7>Processing WinMD c:\program files (x86)\windows kits\10\references\10.0.19041.0\windows.system.profile.profilehardwaretokencontract\1.0.0.0\windows.system.profile.profilehardwaretokencontract.winmd
7>Processing WinMD c:\program files (x86)\windows kits\10\references\10.0.19041.0\windows.system.profile.profilesharedmodecontract\2.0.0.0\windows.system.profile.profilesharedmodecontract.winmd
7>Processing WinMD c:\program files (x86)\windows kits\10\references\10.0.19041.0\windows.system.profile.systemmanufacturers.systemmanufacturerscontract\3.0.0.0\windows.system.profile.systemmanufacturers.systemmanufacturerscontract.winmd
7>Processing WinMD c:\program files (x86)\windows kits\10\references\10.0.19041.0\windows.system.systemmanagementcontract\7.0.0.0\windows.system.systemmanagementcontract.winmd
7>Processing WinMD c:\program files (x86)\windows kits\10\references\10.0.19041.0\windows.ui.viewmanagement.viewmanagementviewscalingcontract\1.0.0.0\windows.ui.viewmanagement.viewmanagementviewscalingcontract.winmd
7>Processing WinMD c:\program files (x86)\windows kits\10\references\10.0.19041.0\windows.ui.xaml.core.direct.xamldirectcontract\2.0.0.0\windows.ui.xaml.core.direct.xamldirectcontract.winmd
7>Microsoft(R) Metadata Merge Utility Version 10.0.49.
7>
7>
7>Processing input metadata file x64\Debug\Unmerged\App.winmd.
7>Processing input metadata file x64\Debug\Unmerged\MainPage.winmd.
7>Processing input metadata file x64\Debug\Unmerged\XamlMetaDataProvider.winmd.
7>Saved output metadata file locallib.winmd.
7>Validating metadata file x64\Debug\Merged\locallib.winmd.
7>pch.cpp
7>MainPage.cpp
7>ReactPackageProvider.cpp
7>AutolinkedNativeModules.g.cpp
7>App.cpp
7>module.g.cpp
7>JsiAbiApi.cpp
7>JsiApiContext.cpp
7>JsiValueHelpers.cpp
7>JSValue.cpp
7>JSValueTreeReader.cpp
7>JSValueTreeWriter.cpp
7>ModuleRegistration.cpp
7>ReactPromise.cpp
7>TurboModuleProvider.cpp
7>XamlTypeInfo.Impl.g.cpp
7>jsi.cpp
7>LongLivedObject.cpp
7>TurboModule.cpp
7>TurboModuleUtils.cpp
7>NodeApi.cpp
7>JSRuntimeApi.cpp
7>NodeApiJsiRuntime.cpp
7>NodeApiJsiLoader.cpp
7>XamlTypeInfo.g.cpp
7>XamlMetaDataProvider.cpp
7>   Creating library C:\Users\Adam\Code\locallib\windows\x64\Debug\locallib\locallib.lib and object C:\Users\Adam\Code\locallib\windows\x64\Debug\locallib\locallib.exp
7>locallib.vcxproj -> C:\Users\Adam\Code\locallib\windows\x64\Debug\locallib\locallib.exe
